Component: ARM Compiler 5.06 update 6 (build 750) Tool: armlink [4d35ed]

==============================================================================

Section Cross References

    startup_stm32f103xb.o(STACK) refers (Special) to heapauxi.o(.text) for __use_two_region_memory
    startup_stm32f103xb.o(HEAP) refers (Special) to heapauxi.o(.text) for __use_two_region_memory
    startup_stm32f103xb.o(RESET) refers (Special) to heapauxi.o(.text) for __use_two_region_memory
    startup_stm32f103xb.o(RESET) refers to startup_stm32f103xb.o(STACK) for __initial_sp
    startup_stm32f103xb.o(RESET) refers to startup_stm32f103xb.o(.text) for Reset_Handler
    startup_stm32f103xb.o(RESET) refers to stm32f1xx_it.o(i.NMI_Handler) for NMI_Handler
    startup_stm32f103xb.o(RESET) refers to stm32f1xx_it.o(i.HardFault_Handler) for HardFault_Handler
    startup_stm32f103xb.o(RESET) refers to stm32f1xx_it.o(i.MemManage_Handler) for MemManage_Handler
    startup_stm32f103xb.o(RESET) refers to stm32f1xx_it.o(i.BusFault_Handler) for BusFault_Handler
    startup_stm32f103xb.o(RESET) refers to stm32f1xx_it.o(i.UsageFault_Handler) for UsageFault_Handler
    startup_stm32f103xb.o(RESET) refers to stm32f1xx_it.o(i.SVC_Handler) for SVC_Handler
    startup_stm32f103xb.o(RESET) refers to stm32f1xx_it.o(i.DebugMon_Handler) for DebugMon_Handler
    startup_stm32f103xb.o(RESET) refers to stm32f1xx_it.o(i.PendSV_Handler) for PendSV_Handler
    startup_stm32f103xb.o(RESET) refers to stm32f1xx_it.o(i.SysTick_Handler) for SysTick_Handler
    startup_stm32f103xb.o(RESET) refers to stm32f1xx_it.o(i.EXTI2_IRQHandler) for EXTI2_IRQHandler
    startup_stm32f103xb.o(RESET) refers to stm32f1xx_it.o(i.DMA1_Channel1_IRQHandler) for DMA1_Channel1_IRQHandler
    startup_stm32f103xb.o(RESET) refers to stm32f1xx_it.o(i.DMA1_Channel2_IRQHandler) for DMA1_Channel2_IRQHandler
    startup_stm32f103xb.o(RESET) refers to stm32f1xx_it.o(i.DMA1_Channel3_IRQHandler) for DMA1_Channel3_IRQHandler
    startup_stm32f103xb.o(RESET) refers to stm32f1xx_it.o(i.DMA1_Channel4_IRQHandler) for DMA1_Channel4_IRQHandler
    startup_stm32f103xb.o(RESET) refers to stm32f1xx_it.o(i.DMA1_Channel5_IRQHandler) for DMA1_Channel5_IRQHandler
    startup_stm32f103xb.o(RESET) refers to stm32f1xx_it.o(i.DMA1_Channel6_IRQHandler) for DMA1_Channel6_IRQHandler
    startup_stm32f103xb.o(RESET) refers to stm32f1xx_it.o(i.DMA1_Channel7_IRQHandler) for DMA1_Channel7_IRQHandler
    startup_stm32f103xb.o(RESET) refers to stm32f1xx_it.o(i.TIM4_IRQHandler) for TIM4_IRQHandler
    startup_stm32f103xb.o(RESET) refers to stm32f1xx_it.o(i.SPI1_IRQHandler) for SPI1_IRQHandler
    startup_stm32f103xb.o(RESET) refers to stm32f1xx_it.o(i.USART1_IRQHandler) for USART1_IRQHandler
    startup_stm32f103xb.o(RESET) refers to stm32f1xx_it.o(i.USART2_IRQHandler) for USART2_IRQHandler
    startup_stm32f103xb.o(.text) refers (Special) to heapauxi.o(.text) for __use_two_region_memory
    startup_stm32f103xb.o(.text) refers to system_stm32f1xx.o(i.SystemInit) for SystemInit
    startup_stm32f103xb.o(.text) refers to __main.o(!!!main) for __main
    startup_stm32f103xb.o(.text) refers to startup_stm32f103xb.o(HEAP) for Heap_Mem
    startup_stm32f103xb.o(.text) refers to startup_stm32f103xb.o(STACK) for Stack_Mem
    main.o(i.HAL_TIM_PeriodElapsedCallback) refers to app_st25dv.o(i.nfc_task_in_tim) for nfc_task_in_tim
    main.o(i.HAL_TIM_PeriodElapsedCallback) refers to buzzer_led_drv.o(i.BuzzerLed_Tick10Hz) for BuzzerLed_Tick10Hz
    main.o(i.HAL_TIM_PeriodElapsedCallback) refers to seat_belt_monitor.o(i.SeatBeltMonitor_Task10Hz) for SeatBeltMonitor_Task10Hz
    main.o(i.SystemClock_Config) refers to rt_memclr_w.o(.text) for __aeabi_memclr4
    main.o(i.SystemClock_Config) refers to stm32f1xx_hal_rcc.o(i.HAL_RCC_OscConfig) for HAL_RCC_OscConfig
    main.o(i.SystemClock_Config) refers to stm32f1xx_hal_rcc.o(i.HAL_RCC_ClockConfig) for HAL_RCC_ClockConfig
    main.o(i.SystemClock_Config) refers to stm32f1xx_hal_rcc_ex.o(i.HAL_RCCEx_PeriphCLKConfig) for HAL_RCCEx_PeriphCLKConfig
    main.o(i.main) refers to stm32f1xx_hal.o(i.HAL_Init) for HAL_Init
    main.o(i.main) refers to main.o(i.SystemClock_Config) for SystemClock_Config
    main.o(i.main) refers to gpio.o(i.MX_GPIO_Init) for MX_GPIO_Init
    main.o(i.main) refers to dma.o(i.MX_DMA_Init) for MX_DMA_Init
    main.o(i.main) refers to spi.o(i.MX_SPI1_Init) for MX_SPI1_Init
    main.o(i.main) refers to usart.o(i.MX_USART1_UART_Init) for MX_USART1_UART_Init
    main.o(i.main) refers to tim.o(i.MX_TIM2_Init) for MX_TIM2_Init
    main.o(i.main) refers to tim.o(i.MX_TIM4_Init) for MX_TIM4_Init
    main.o(i.main) refers to adc.o(i.MX_ADC1_Init) for MX_ADC1_Init
    main.o(i.main) refers to crc.o(i.MX_CRC_Init) for MX_CRC_Init
    main.o(i.main) refers to usart.o(i.MX_USART2_UART_Init) for MX_USART2_UART_Init
    main.o(i.main) refers to stm32f1xx_hal_tim.o(i.HAL_TIM_Base_Start) for HAL_TIM_Base_Start
[...]
    rf_tcxo_close                            0x08009631   Thumb Code     2  pan_port.o(i.rf_tcxo_close)
    rf_tcxo_init                             0x08009633   Thumb Code     2  pan_port.o(i.rf_tcxo_init)
    rf_write_fifo                            0x08009635   Thumb Code    52  pan_rf.o(i.rf_write_fifo)
    rf_write_reg                             0x0800966d   Thumb Code    66  pan_rf.o(i.rf_write_reg)
    rf_write_spec_page_reg                   0x080096b9   Thumb Code    28  pan_rf.o(i.rf_write_spec_page_reg)
    rf_write_spec_page_reg_bits              0x080096d5   Thumb Code    64  pan_rf.o(i.rf_write_spec_page_reg_bits)
    rf_write_spec_page_regs                  0x08009715   Thumb Code   130  pan_rf.o(i.rf_write_spec_page_regs)
    spi_cs_set_high                          0x08009a01   Thumb Code    10  pan_port.o(i.spi_cs_set_high)
    spi_cs_set_low                           0x08009a11   Thumb Code    10  pan_port.o(i.spi_cs_set_low)
    spi_readwritebyte                        0x08009a21   Thumb Code    28  pan_port.o(i.spi_readwritebyte)
    storage_crc32                            0x08009a41   Thumb Code   106  flash_storage.o(i.storage_crc32)
    storage_init                             0x08009ad5   Thumb Code     4  flash_storage.o(i.storage_init)
    storage_load_latest                      0x08009ad9   Thumb Code    68  flash_storage.o(i.storage_load_latest)
    storage_save                             0x08009bbd   Thumb Code    94  flash_storage.o(i.storage_save)
    _get_lc_numeric                          0x08009ed1   Thumb Code    44  lc_numeric_c.o(locale$$code)
    _get_lc_ctype                            0x08009efd   Thumb Code    44  lc_ctype_c.o(locale$$code)
    __aeabi_d2f                              0x08009f29   Thumb Code     0  d2f.o(x$fpl$d2f)
    _d2f                                     0x08009f29   Thumb Code    98  d2f.o(x$fpl$d2f)
    __aeabi_dadd                             0x08009f8d   Thumb Code     0  daddsub_clz.o(x$fpl$dadd)
    _dadd                                    0x08009f8d   Thumb Code   332  daddsub_clz.o(x$fpl$dadd)
    __fpl_dcheck_NaN1                        0x0800a0dd   Thumb Code    10  dcheck1.o(x$fpl$dcheck1)
    __fpl_dcmp_Inf                           0x0800a0ed   Thumb Code    24  dcmpi.o(x$fpl$dcmpinf)
    __aeabi_ddiv                             0x0800a105   Thumb Code     0  ddiv.o(x$fpl$ddiv)
    _ddiv                                    0x0800a105   Thumb Code   552  ddiv.o(x$fpl$ddiv)
    __aeabi_cdcmpeq                          0x0800a3b5   Thumb Code     0  deqf.o(x$fpl$deqf)
    _dcmpeq                                  0x0800a3b5   Thumb Code   120  deqf.o(x$fpl$deqf)
    __aeabi_i2d                              0x0800a42d   Thumb Code     0  dflt_clz.o(x$fpl$dflt)
    _dflt                                    0x0800a42d   Thumb Code    46  dflt_clz.o(x$fpl$dflt)
    __aeabi_ui2d                             0x0800a45b   Thumb Code     0  dflt_clz.o(x$fpl$dfltu)
    _dfltu                                   0x0800a45b   Thumb Code    38  dflt_clz.o(x$fpl$dfltu)
    __aeabi_dmul                             0x0800a481   Thumb Code     0  dmul.o(x$fpl$dmul)
    _dmul                                    0x0800a481   Thumb Code   332  dmul.o(x$fpl$dmul)
    __fpl_dnaninf                            0x0800a5d5   Thumb Code   156  dnaninf.o(x$fpl$dnaninf)
    __fpl_dretinf                            0x0800a671   Thumb Code    12  dretinf.o(x$fpl$dretinf)
    __aeabi_drsub                            0x0800a67d   Thumb Code     0  daddsub_clz.o(x$fpl$drsb)
    _drsb                                    0x0800a67d   Thumb Code    22  daddsub_clz.o(x$fpl$drsb)
    __aeabi_dsub                             0x0800a695   Thumb Code     0  daddsub_clz.o(x$fpl$dsub)
    _dsub                                    0x0800a695   Thumb Code   464  daddsub_clz.o(x$fpl$dsub)
    __aeabi_fadd                             0x0800a869   Thumb Code     0  faddsub_clz.o(x$fpl$fadd)
    _fadd                                    0x0800a869   Thumb Code   196  faddsub_clz.o(x$fpl$fadd)
    __aeabi_fdiv                             0x0800a92d   Thumb Code     0  fdiv.o(x$fpl$fdiv)
    _fdiv                                    0x0800a92d   Thumb Code   384  fdiv.o(x$fpl$fdiv)
    __aeabi_f2iz                             0x0800aab1   Thumb Code     0  ffix.o(x$fpl$ffix)
    _ffix                                    0x0800aab1   Thumb Code    54  ffix.o(x$fpl$ffix)
    __aeabi_f2uiz                            0x0800aae9   Thumb Code     0  ffixu.o(x$fpl$ffixu)
    _ffixu                                   0x0800aae9   Thumb Code    62  ffixu.o(x$fpl$ffixu)
    __aeabi_i2f                              0x0800ab29   Thumb Code     0  fflt_clz.o(x$fpl$fflt)
    _fflt                                    0x0800ab29   Thumb Code    48  fflt_clz.o(x$fpl$fflt)
    __aeabi_ui2f                             0x0800ab59   Thumb Code     0  fflt_clz.o(x$fpl$ffltu)
    _ffltu                                   0x0800ab59   Thumb Code    38  fflt_clz.o(x$fpl$ffltu)
    __aeabi_fmul                             0x0800ab81   Thumb Code     0  fmul.o(x$fpl$fmul)
    _fmul                                    0x0800ab81   Thumb Code   258  fmul.o(x$fpl$fmul)
    __fpl_fnaninf                            0x0800ac83   Thumb Code   140  fnaninf.o(x$fpl$fnaninf)
    __fpl_fretinf                            0x0800ad0f   Thumb Code    10  fretinf.o(x$fpl$fretinf)
    __aeabi_frsub                            0x0800ad19   Thumb Code     0  faddsub_clz.o(x$fpl$frsb)
    _frsb                                    0x0800ad19   Thumb Code    20  faddsub_clz.o(x$fpl$frsb)
    __aeabi_fsub                             0x0800ad2d   Thumb Code     0  faddsub_clz.o(x$fpl$fsub)
    _fsub                                    0x0800ad2d   Thumb Code   234  faddsub_clz.o(x$fpl$fsub)
    _printf_fp_dec                           0x0800ae17   Thumb Code     4  printf1.o(x$fpl$printf1)
    _printf_fp_hex                           0x0800ae1b   Thumb Code     4  printf2.o(x$fpl$printf2)
    __fpl_return_NaN                         0x0800ae1f   Thumb Code   100  retnan.o(x$fpl$retnan)
    __ARM_scalbn                             0x0800ae83   Thumb Code    92  scalbn.o(x$fpl$scalbn)
    __fpl_cmpreturn                          0x0800aedf   Thumb Code    48  trapv.o(x$fpl$trapveneer)
    __I$use$fp                               0x0800af0e   Number         0  usenofp.o(x$fpl$usenofp)
    AHBPrescTable                            0x0800af32   Data          16  system_stm32f1xx.o(.constdata)
    APBPrescTable                            0x0800af42   Data           8  system_stm32f1xx.o(.constdata)
    reg_agc_freq400                          0x0800af98   Data          40  pan_rf.o(.constdata)
    reg_agc_freq800                          0x0800afc0   Data          40  pan_rf.o(.constdata)
    power_ramp                               0x0800afe8   Data         352  pan_rf.o(.constdata)
    power_ramp_cfg                           0x0800b148   Data          69  pan_rf.o(.constdata)
    g_reg_cfg                                0x0800b18d   Data         141  pan_rf.o(.constdata)
    freq_table                               0x0800b21c   Data         128  pan_rf.o(.constdata)
    freq_param_table                         0x0800b29c   Data          16  pan_rf.o(.constdata)
    __mathlib_zero                           0x0800b370   Data           8  qnan.o(.constdata)
    Region$$Table$$Base                      0x0800b450   Number         0  anon$$obj.o(Region$$Table)
    Region$$Table$$Limit                     0x0800b470   Number         0  anon$$obj.o(Region$$Table)
    __ctype                                  0x0800b499   Data           0  lc_ctype_c.o(locale$$data)
    BUS_MASTER_DEF                           0x20000000   Data           1  main.o(.data)
    UART_DEBUG                               0x20000001   Data           1  main.o(.data)
    hcrc                                     0x20000004   Data           8  crc.o(.data)
    uwTickFreq                               0x20000010   Data           1  stm32f1xx_hal.o(.data)
    uwTickPrio                               0x20000014   Data           4  stm32f1xx_hal.o(.data)
    uwTick                                   0x20000018   Data           4  stm32f1xx_hal.o(.data)
    SystemCoreClock                          0x2000001c   Data           4  system_stm32f1xx.o(.data)
    s_rs485                                  0x20000020   Data        8872  rs485bsp.o(.data)
    rf_port                                  0x20002300   Data          44  pan_port.o(.data)
    packet_received                          0x2000232c   Data           4  pan_rf.o(.data)
    hadc1                                    0x20002334   Data          48  adc.o(.bss)
    hdma_adc1                                0x20002364   Data          68  adc.o(.bss)
    hspi1                                    0x200023a8   Data          88  spi.o(.bss)
    hdma_spi1_rx                             0x20002400   Data          68  spi.o(.bss)
    hdma_spi1_tx                             0x20002444   Data          68  spi.o(.bss)
    htim2                                    0x20002488   Data          72  tim.o(.bss)
    htim4                                    0x200024d0   Data          72  tim.o(.bss)
    huart1                                   0x20002518   Data          72  usart.o(.bss)
    huart2                                   0x20002560   Data          72  usart.o(.bss)
    hdma_usart1_rx                           0x200025a8   Data          68  usart.o(.bss)
    hdma_usart1_tx                           0x200025ec   Data          68  usart.o(.bss)
    hdma_usart2_rx                           0x20002630   Data          68  usart.o(.bss)
    hdma_usart2_tx                           0x20002674   Data          68  usart.o(.bss)
    hi2c2                                    0x200026b8   Data          84  custom_bus.o(.bss)
    pFlash                                   0x20002710   Data          32  stm32f1xx_hal_flash.o(.bss)
    slave_payload                            0x20002744   Data          42  app_st25dv.o(.bss)
    master_payload                           0x2000276e   Data          29  app_st25dv.o(.bss)
    s_seat                                   0x200027b4   Data          28  seat_belt_monitor.o(.bss)
    s_report_mailbox                         0x200027d0   Data          12  seat_belt_monitor.o(.bss)
    RxDoneParams                             0x20002874   Data        1316  pan_rf.o(.bss)
    __libspace_start                         0x20002d98   Data          96  libspace.o(.bss)
    __temporary_stack_top$libspace           0x20002df8   Data           0  libspace.o(.bss)



==============================================================================

Memory Map of the image

  Image Entry point : 0x080000ed

  Load Region LR_IROM1 (Base: 0x08000000, Size: 0x0000d8d0, Max: 0x00020000, ABSOLUTE, COMPRESSED[0x0000b640])

    Execution Region ER_IROM1 (Exec base: 0x08000000, Load base: 0x08000000, Size: 0x0000b59c, Max: 0x00020000, ABSOLUTE)

    Exec Addr    Load Addr    Size         Type   Attr      Idx    E Section Name        Object

    0x08000000   0x08000000   0x000000ec   Data   RO            3    RESET               startup_stm32f103xb.o
    0x080000ec   0x080000ec   0x00000008   Code   RO         8597  * !!!main             c_w.l(__main.o)
    0x080000f4   0x080000f4   0x00000034   Code   RO         9058    !!!scatter          c_w.l(__scatter.o)
    0x08000128   0x08000128   0x0000005a   Code   RO         9056    !!dczerorl2         c_w.l(__dczerorl2.o)
    0x08000182   0x08000182   0x00000002   PAD
    0x08000184   0x08000184   0x0000001c   Code   RO         9060    !!handler_zi        c_w.l(__scatter_zi.o)
    0x080001a0   0x080001a0   0x00000000   Code   RO         8578    .ARM.Collect$$_printf_percent$$00000000  c_w.l(_printf_percent.o)
    0x080001a0   0x080001a0   0x00000006   Code   RO         8735    .ARM.Collect$$_printf_percent$$00000001  c_w.l(_printf_n.o)
    0x080001a6   0x080001a6   0x00000006   Code   RO         8737    .ARM.Collect$$_printf_percent$$00000002  c_w.l(_printf_p.o)
    0x080001ac   0x080001ac   0x00000006   Code   RO         8741    .ARM.Collect$$_printf_percent$$00000003  c_w.l(_printf_f.o)
    0x080001b2   0x080001b2   0x00000006   Code   RO         8742    .ARM.Collect$$_printf_percent$$00000004  c_w.l(_printf_e.o)
    0x080001b8   0x080001b8   0x00000006   Code   RO         8743    .ARM.Collect$$_printf_percent$$00000005  c_w.l(_printf_g.o)
    0x080001be   0x080001be   0x00000006   Code   RO         8744    .ARM.Collect$$_printf_percent$$00000006  c_w.l(_printf_a.o)
    0x080001c4   0x080001c4   0x0000000a   Code   RO         8749    .ARM.Collect$$_printf_percent$$00000007  c_w.l(_printf_ll.o)
    0x080001ce   0x080001ce   0x00000006   Code   RO         8739    .ARM.Collect$$_printf_percent$$00000008  c_w.l(_printf_i.o)
    0x080001d4   0x080001d4   0x00000006   Code   RO         8740    .ARM.Collect$$_printf_percent$$00000009  c_w.l(_printf_d.o)
    0x080001da   0x080001da   0x00000006   Code   RO         8577    .ARM.Collect$$_printf_percent$$0000000A  c_w.l(_printf_u.o)
    0x080001e0   0x080001e0   0x00000006   Code   RO         8738    .ARM.Collect$$_printf_percent$$0000000B  c_w.l(_printf_o.o)
    0x080001e6   0x080001e6   0x00000006   Code   RO         8736    .ARM.Collect$$_printf_percent$$0000000C  c_w.l(_printf_x.o)
    0x080001ec   0x080001ec   0x00000006   Code   RO         8746    .ARM.Collect$$_printf_percent$$0000000D  c_w.l(_printf_lli.o)
    0x080001f2   0x080001f2   0x00000006   Code   RO         8747    .ARM.Collect$$_printf_percent$$0000000E  c_w.l(_printf_lld.o)
    0x080001f8   0x080001f8   0x00000006   Code   RO         8748    .ARM.Collect$$_printf_percent$$0000000F  c_w.l(_printf_llu.o)
    0x080001fe   0x080001fe   0x00000006   Code   RO         8753    .ARM.Collect$$_printf_percent$$00000010  c_w.l(_printf_llo.o)
    0x08000204   0x08000204   0x00000006   Code   RO         8754    .ARM.Collect$$_printf_percent$$00000011  c_w.l(_printf_llx.o)
    0x0800020a   0x0800020a   0x0000000a   Code   RO         8750    .ARM.Collect$$_printf_percent$$00000012  c_w.l(_printf_l.o)
    0x08000214   0x08000214   0x00000006   Code   RO         8733    .ARM.Collect$$_printf_percent$$00000013  c_w.l(_printf_c.o)
    0x0800021a   0x0800021a   0x00000006   Code   RO         8734    .ARM.Collect$$_printf_percent$$00000014  c_w.l(_printf_s.o)
    0x08000220   0x08000220   0x00000006   Code   RO         8751    .ARM.Collect$$_printf_percent$$00000015  c_w.l(_printf_lc.o)
    0x08000226   0x08000226   0x00000006   Code   RO         8752    .ARM.Collect$$_printf_percent$$00000016  c_w.l(_printf_ls.o)
    0x0800022c   0x0800022c   0x00000004   Code   RO         8745    .ARM.Collect$$_printf_percent$$00000017  c_w.l(_printf_percent_end.o)
    0x08000230   0x08000230   0x00000002   Code   RO         8982    .ARM.Collect$$libinit$$00000000  c_w.l(libinit.o)
    0x08000232   0x08000232   0x00000000   Code   RO         8758    .ARM.Collect$$libinit$$00000002  c_w.l(libinit2.o)
    0x08000232   0x08000232   0x00000000   Code   RO         8760    .ARM.Collect$$libinit$$00000004  c_w.l(libinit2.o)
    0x08000232   0x08000232   0x00000008   Code   RO         8761    .ARM.Collect$$libinit$$00000005  c_w.l(libinit2.o)
    0x0800023a   0x0800023a   0x00000000   Code   RO         8763    .ARM.Collect$$libinit$$0000000A  c_w.l(libinit2.o)
    0x0800023a   0x0800023a   0x00000000   Code   RO         8765    .ARM.Collect$$libinit$$0000000C  c_w.l(libinit2.o)
    0x0800023a   0x0800023a   0x00000000   Code   RO         8767    .ARM.Collect$$libinit$$0000000E  c_w.l(libinit2.o)
    0x0800023a   0x0800023a   0x00000006   Code   RO         8768    .ARM.Collect$$libinit$$0000000F  c_w.l(libinit2.o)
    0x08000240   0x08000240   0x00000000   Code   RO         8770    .ARM.Collect$$libinit$$00000011  c_w.l(libinit2.o)
    0x08000240   0x08000240   0x0000000c   Code   RO         8771    .ARM.Collect$$libinit$$00000012  c_w.l(libinit2.o)
    0x0800024c   0x0800024c   0x00000000   Code   RO         8772    .ARM.Collect$$libinit$$00000013  c_w.l(libinit2.o)
    0x0800024c   0x0800024c   0x00000000   Code   RO         8774    .ARM.Collect$$libinit$$00000015  c_w.l(libinit2.o)
    0x0800024c   0x0800024c   0x0000000a   Code   RO         8775    .ARM.Collect$$libinit$$00000016  c_w.l(libinit2.o)
    0x08000256   0x08000256   0x00000000   Code   RO         8776    .ARM.Collect$$libinit$$00000017  c_w.l(libinit2.o)
    0x08000256   0x08000256   0x00000000   Code   RO         8778    .ARM.Collect$$libinit$$00000019  c_w.l(libinit2.o)
    0x08000256   0x08000256   0x00000000   Code   RO         8780    .ARM.Collect$$libinit$$0000001B  c_w.l(libinit2.o)
    0x08000256   0x08000256   0x00000000   Code   RO         8782    .ARM.Collect$$libinit$$0000001D  c_w.l(libinit2.o)
    0x08000256   0x08000256   0x00000000   Code   RO         8784    .ARM.Collect$$libinit$$0000001F  c_w.l(libinit2.o)
    0x08000256   0x08000256   0x00000000   Code   RO         8786    .ARM.Collect$$libinit$$00000021  c_w.l(libinit2.o)
    0x08000256   0x08000256   0x00000000   Code   RO         8788    .ARM.Collect$$libinit$$00000023  c_w.l(libinit2.o)
    0x08000256   0x08000256   0x00000000   Code   RO         8790    .ARM.Collect$$libinit$$00000025  c_w.l(libinit2.o)
    0x08000256   0x08000256   0x00000000   Code   RO         8794    .ARM.Collect$$libinit$$0000002C  c_w.l(libinit2.o)
    0x08000256   0x08000256   0x00000000   Code   RO         8796    .ARM.Collect$$libinit$$0000002E  c_w.l(libinit2.o)
    0x08000256   0x08000256   0x00000000   Code   RO         8798    .ARM.Collect$$libinit$$00000030  c_w.l(libinit2.o)
    0x08000256   0x08000256   0x00000000   Code   RO         8800    .ARM.Collect$$libinit$$00000032  c_w.l(libinit2.o)
    0x08000256   0x08000256   0x00000002   Code   RO         8801    .ARM.Collect$$libinit$$00000033  c_w.l(libinit2.o)
    0x08000258   0x08000258   0x00000002   Code   RO         9053    .ARM.Collect$$libshutdown$$00000000  c_w.l(libshutdown.o)
    0x0800025a   0x0800025a   0x00000000   Code   RO         9009    .ARM.Collect$$libshutdown$$00000002  c_w.l(libshutdown2.o)
    0x0800025a   0x0800025a   0x00000000   Code   RO         9011    .ARM.Collect$$libshutdown$$00000004  c_w.l(libshutdown2.o)
    0x0800025a   0x0800025a   0x00000000   Code   RO         9014    .ARM.Collect$$libshutdown$$00000007  c_w.l(libshutdown2.o)
    0x0800025a   0x0800025a   0x00000000   Code   RO         9017    .ARM.Collect$$libshutdown$$0000000A  c_w.l(libshutdown2.o)
    0x0800025a   0x0800025a   0x00000000   Code   RO         9019    .ARM.Collect$$libshutdown$$0000000C  c_w.l(libshutdown2.o)
    0x0800025a   0x0800025a   0x00000000   Code   RO         9022    .ARM.Collect$$libshutdown$$0000000F  c_w.l(libshutdown2.o)
    0x0800025a   0x0800025a   0x00000002   Code   RO         9023    .ARM.Collect$$libshutdown$$00000010  c_w.l(libshutdown2.o)
    0x0800025c   0x0800025c   0x00000000   Code   RO         8657    .ARM.Collect$$rtentry$$00000000  c_w.l(__rtentry.o)
    0x0800025c   0x0800025c   0x00000000   Code   RO         8859    .ARM.Collect$$rtentry$$00000002  c_w.l(__rtentry2.o)
    0x0800025c   0x0800025c   0x00000006   Code   RO         8871    .ARM.Collect$$rtentry$$00000004  c_w.l(__rtentry4.o)
    0x08000262   0x08000262   0x00000000   Code   RO         8861    .ARM.Collect$$rtentry$$00000009  c_w.l(__rtentry2.o)
    0x08000262   0x08000262   0x00000004   Code   RO         8862    .ARM.Collect$$rtentry$$0000000A  c_w.l(__rtentry2.o)
    0x08000266   0x08000266   0x00000000   Code   RO         8864    .ARM.Collect$$rtentry$$0000000C  c_w.l(__rtentry2.o)
    0x08000266   0x08000266   0x00000008   Code   RO         8865    .ARM.Collect$$rtentry$$0000000D  c_w.l(__rtentry2.o)
    0x0800026e   0x0800026e   0x00000002   Code   RO         8993    .ARM.Collect$$rtexit$$00000000  c_w.l(rtexit.o)
    0x08000270   0x08000270   0x00000000   Code   RO         9027    .ARM.Collect$$rtexit$$00000002  c_w.l(rtexit2.o)
    0x08000270   0x08000270   0x00000004   Code   RO         9028    .ARM.Collect$$rtexit$$00000003  c_w.l(rtexit2.o)
    0x08000274   0x08000274   0x00000006   Code   RO         9029    .ARM.Collect$$rtexit$$00000004  c_w.l(rtexit2.o)
    0x0800027a   0x0800027a   0x00000002   PAD
    0x0800027c   0x0800027c   0x00000000   Code   RO         8880    .emb_text           c_w.l(maybetermalloc1.o)
    0x0800027c   0x0800027c   0x00000040   Code   RO            4    .text               startup_stm32f103xb.o
    0x080002bc   0x080002bc   0x0000005e   Code   RO         8487    .text               c_w.l(h1_alloc.o)
    0x0800031a   0x0800031a   0x0000004e   Code   RO         8489    .text               c_w.l(h1_free.o)
    0x08000368   0x08000368   0x00000026   Code   RO         8545    .text               c_w.l(llushr.o)
    0x0800038e   0x0800038e   0x00000002   PAD
    0x08000390   0x08000390   0x00000034   Code   RO         8547    .text               c_w.l(vsnprintf.o)
    0x080003c4   0x080003c4   0x00000038   Code   RO         8549    .text               c_w.l(__2snprintf.o)
    0x080003fc   0x080003fc   0x00000078   Code   RO         8555    .text               c_w.l(_printf_dec.o)
    0x08000474   0x08000474   0x00000188   Code   RO         8574    .text               c_w.l(__printf_flags_ss_wp.o)
    0x080005fc   0x080005fc   0x0000008a   Code   RO         8585    .text               c_w.l(rt_memcpy_v6.o)
    0x08000686   0x08000686   0x00000064   Code   RO         8587    .text               c_w.l(rt_memcpy_w.o)
    0x080006ea   0x080006ea   0x00000010   Code   RO         8589    .text               c_w.l(aeabi_memset.o)
    0x080006fa   0x080006fa   0x00000044   Code   RO         8591    .text               c_w.l(rt_memclr.o)
    0x0800073e   0x0800073e   0x0000004e   Code   RO         8593    .text               c_w.l(rt_memclr_w.o)
    0x0800078c   0x0800078c   0x00000006   Code   RO         8595    .text               c_w.l(heapauxi.o)
    0x08000792   0x08000792   0x00000002   PAD
    0x08000794   0x08000794   0x00000008   Code   RO         8661    .text               c_w.l(rt_heap_descriptor_intlibspace.o)
    0x0800079c   0x0800079c   0x00000004   Code   RO         8663    .text               c_w.l(hguard.o)
    0x080007a0   0x080007a0   0x0000008a   Code   RO         8665    .text               c_w.l(init_alloc.o)
    0x0800082a   0x0800082a   0x0000000e   Code   RO         8669    .text               c_w.l(h1_init.o)
    0x08000838   0x08000838   0x00000016   Code   RO         8683    .text               c_w.l(_rserrno.o)
    0x0800084e   0x0800084e   0x0000004e   Code   RO         8685    .text               c_w.l(_printf_pad.o)
    0x0800089c   0x0800089c   0x00000024   Code   RO         8687    .text               c_w.l(_printf_truncate.o)
    0x080008c0   0x080008c0   0x00000052   Code   RO         8689    .text               c_w.l(_printf_str.o)
    0x08000912   0x08000912   0x000000b2   Code   RO         8691    .text               c_w.l(_printf_intcommon.o)
    0x080009c4   0x080009c4   0x00000028   Code   RO         8693    .text               c_w.l(_printf_charcount.o)
    0x080009ec   0x080009ec   0x00000030   Code   RO         8695    .text               c_w.l(_printf_char_common.o)
    0x08000a1c   0x08000a1c   0x0000000a   Code   RO         8697    .text               c_w.l(_sputc.o)
    0x08000a26   0x08000a26   0x00000010   Code   RO         8699    .text               c_w.l(_snputc.o)
    0x08000a36   0x08000a36   0x00000002   PAD
    0x08000a38   0x08000a38   0x000000bc   Code   RO         8701    .text               c_w.l(_printf_wctomb.o)
    0x08000af4   0x08000af4   0x0000007c   Code   RO         8704    .text               c_w.l(_printf_longlong_dec.o)
    0x08000b70   0x08000b70   0x00000070   Code   RO         8710    .text               c_w.l(_printf_oct_int_ll.o)
    0x08000be0   0x08000be0   0x00000094   Code   RO         8730    .text               c_w.l(_printf_hex_int_ll_ptr.o)
    0x08000c74   0x08000c74   0x00000008   Code   RO         8855    .text               c_w.l(libspace.o)
    0x08000c7c   0x08000c7c   0x00000008   Code   RO         8876    .text               c_w.l(rt_errno_addr_intlibspace.o)
    0x08000c84   0x08000c84   0x00000034   Code   RO         8882    .text               c_w.l(h1_extend.o)
    0x08000cb8   0x08000cb8   0x0000008a   Code   RO         8886    .text               c_w.l(lludiv10.o)
    0x08000d42   0x08000d42   0x0000041e   Code   RO         8888    .text               c_w.l(_printf_fp_dec.o)
    0x08001160   0x08001160   0x000002fc   Code   RO         8890    .text               c_w.l(_printf_fp_hex.o)
    0x0800145c   0x0800145c   0x0000002c   Code   RO         8895    .text               c_w.l(_printf_char.o)
    0x08001488   0x08001488   0x0000002c   Code   RO         8897    .text               c_w.l(_printf_wchar.o)
    0x080014b4   0x080014b4   0x00000040   Code   RO         8899    .text               c_w.l(_wcrtomb.o)
    0x080014f4   0x080014f4   0x0000000e   Code   RO         8901    .text               c_w.l(defsig_rtmem_outer.o)
    0x08001502   0x08001502   0x00000002   Code   RO         8921    .text               c_w.l(use_no_semi.o)
    0x08001504   0x08001504   0x00000000   Code   RO         8923    .text               c_w.l(indicate_semi.o)
    0x08001504   0x08001504   0x0000004a   Code   RO         8924    .text               c_w.l(sys_stackheap_outer.o)
    0x0800154e   0x0800154e   0x00000002   PAD
    0x08001550   0x08001550   0x00000010   Code   RO         8926    .text               c_w.l(rt_ctype_table.o)
    0x08001560   0x08001560   0x00000008   Code   RO         8933    .text               c_w.l(rt_locale_intlibspace.o)
    0x08001568   0x08001568   0x00000080   Code   RO         8937    .text               c_w.l(_printf_fp_infnan.o)
    0x080015e8   0x080015e8   0x000000e4   Code   RO         8939    .text               c_w.l(bigflt0.o)
    0x080016cc   0x080016cc   0x00000012   Code   RO         8967    .text               c_w.l(exit.o)
    0x080016de   0x080016de   0x0000000a   Code   RO         8969    .text               c_w.l(defsig_exit.o)
    0x080016e8   0x080016e8   0x00000050   Code   RO         8971    .text               c_w.l(defsig_rtmem_inner.o)
    0x08001738   0x08001738   0x0000000c   Code   RO         8991    .text               c_w.l(sys_exit.o)
    0x08001744   0x08001744   0x00000032   Code   RO         9004    .text               c_w.l(defsig_general.o)
    0x08001776   0x08001776   0x00000002   PAD
    0x08001778   0x08001778   0x00000080   Code   RO         9006    .text               c_w.l(strcmpv7m.o)
    0x080017f8   0x080017f8   0x0000000e   Code   RO         9024    .text               c_w.l(sys_wrch.o)
    0x08001806   0x08001806   0x0000003e   Code   RO         8942    CL$$btod_d2e        c_w.l(btod.o)
    0x08001844   0x08001844   0x00000046   Code   RO         8944    CL$$btod_d2e_denorm_low  c_w.l(btod.o)
    0x0800188a   0x0800188a   0x00000060   Code   RO         8943    CL$$btod_d2e_norm_op1  c_w.l(btod.o)
    0x080018ea   0x080018ea   0x00000338   Code   RO         8952    CL$$btod_div_common  c_w.l(btod.o)
    0x08001c22   0x08001c22   0x000000dc   Code   RO         8949    CL$$btod_e2e        c_w.l(btod.o)
    0x08001cfe   0x08001cfe   0x0000002a   Code   RO         8946    CL$$btod_ediv       c_w.l(btod.o)
    0x08001d28   0x08001d28   0x0000002a   Code   RO         8945    CL$$btod_emul       c_w.l(btod.o)
    0x08001d52   0x08001d52   0x00000244   Code   RO         8951    CL$$btod_mult_common  c_w.l(btod.o)
    0x08001f96   0x08001f96   0x00000002   PAD
    0x08001f98   0x08001f98   0x00000056   Code   RO         2253    i.ADC_ConversionStop_Disable  stm32f1xx_hal_adc.o
    0x08001fee   0x08001fee   0x00000002   PAD
    0x08001ff0   0x08001ff0   0x0000007c   Code   RO         2257    i.ADC_Enable        stm32f1xx_hal_adc.o
    0x0800206c   0x0800206c   0x00000004   Code   RO         4716    i.APP_ST25DV_BusDeInit  app_st25dv.o
    0x08002070   0x08002070   0x00000004   Code   RO         4717    i.APP_ST25DV_BusInit  app_st25dv.o
    0x08002074   0x08002074   0x00000004   Code   RO         4718    i.APP_ST25DV_BusIsReady  app_st25dv.o
    0x08002078   0x08002078   0x00000004   Code   RO         4719    i.APP_ST25DV_BusRead  app_st25dv.o
    0x0800207c   0x0800207c   0x00000004   Code   RO         4720    i.APP_ST25DV_BusWrite  app_st25dv.o
    0x08002080   0x08002080   0x00000014   Code   RO         4721    i.APP_ST25DV_CheckReady  app_st25dv.o
    0x08002094   0x08002094   0x000000dc   Code   RO         4722    i.APP_ST25DV_ConfigPollEvents  app_st25dv.o
    0x08002170   0x08002170   0x0000000a   Code   RO         4724    i.APP_ST25DV_FromDrvStatus  app_st25dv.o
    0x0800217a   0x0800217a   0x00000014   Code   RO         4725    i.APP_ST25DV_GetFrameLenByType  app_st25dv.o
    0x0800218e   0x0800218e   0x00000004   Code   RO         4727    i.APP_ST25DV_GetTickWrapper  app_st25dv.o
    0x08002192   0x08002192   0x00000010   Code   RO         4728    i.APP_ST25DV_GetTotalFrameLenByType  app_st25dv.o
    0x080021a2   0x080021a2   0x00000002   PAD
    0x080021a4   0x080021a4   0x0000007c   Code   RO         4729    i.APP_ST25DV_Init   app_st25dv.o
    0x08002220   0x08002220   0x00000038   Code   RO         4733    i.APP_ST25DV_ReadBytes  app_st25dv.o
    0x08002258   0x08002258   0x00000038   Code   RO         4740    i.APP_ST25DV_WriteBytes  app_st25dv.o
    0x08002290   0x08002290   0x00000144   Code   RO         4742    i.APP_pragma_init   app_st25dv.o
    0x080023d4   0x080023d4   0x00000004   Code   RO          540    i.BSP_GetTick       custom_bus.o
    0x080023d8   0x080023d8   0x0000004c   Code   RO          541    i.BSP_I2C2_DeInit   custom_bus.o
    0x08002424   0x08002424   0x00000094   Code   RO          542    i.BSP_I2C2_Init     custom_bus.o
    0x080024b8   0x080024b8   0x00000020   Code   RO          543    i.BSP_I2C2_IsReady  custom_bus.o
    0x080024d8   0x080024d8   0x00000038   Code   RO          545    i.BSP_I2C2_ReadReg16  custom_bus.o
    0x08002510   0x08002510   0x00000034   Code   RO          549    i.BSP_I2C2_WriteReg16  custom_bus.o
    0x08002544   0x08002544   0x00000002   Code   RO          631    i.BusFault_Handler  stm32f1xx_it.o
    0x08002546   0x08002546   0x00000014   Code   RO         5213    i.BusSlaveReport_IsChannelIdle  bus_slave_report.o
    0x0800255a   0x0800255a   0x00000010   Code   RO         5008    i.BuzzerLed_ApplyOutput  buzzer_led_drv.o
    0x0800256a   0x0800256a   0x00000002   PAD
    0x0800256c   0x0800256c   0x0000002c   Code   RO         5010    i.BuzzerLed_Init    buzzer_led_drv.o
    0x08002598   0x08002598   0x00000024   Code   RO         5013    i.BuzzerLed_SetMode  buzzer_led_drv.o
    0x080025bc   0x080025bc   0x00000024   Code   RO         5014    i.BuzzerLed_Tick10Hz  buzzer_led_drv.o
    0x080025e0   0x080025e0   0x0000005a   Code   RO         5016    i.BuzzerLed_UpdateOne  buzzer_led_drv.o
    0x0800263a   0x0800263a   0x00000020   Code   RO         5017    i.BuzzerLed_WriteRaw  buzzer_led_drv.o
    0x0800265a   0x0800265a   0x00000002   PAD
    0x0800265c   0x0800265c   0x0000000c   Code   RO          632    i.DMA1_Channel1_IRQHandler  stm32f1xx_it.o
    0x08002668   0x08002668   0x0000000c   Code   RO          633    i.DMA1_Channel2_IRQHandler  stm32f1xx_it.o
    0x08002674   0x08002674   0x0000000c   Code   RO          634    i.DMA1_Channel3_IRQHandler  stm32f1xx_it.o
    0x08002680   0x08002680   0x0000000c   Code   RO          635    i.DMA1_Channel4_IRQHandler  stm32f1xx_it.o
    0x0800268c   0x0800268c   0x0000000c   Code   RO          636    i.DMA1_Channel5_IRQHandler  stm32f1xx_it.o
    0x08002698   0x08002698   0x0000000c   Code   RO          637    i.DMA1_Channel6_IRQHandler  stm32f1xx_it.o
    0x080026a4   0x080026a4   0x0000000c   Code   RO          638    i.DMA1_Channel7_IRQHandler  stm32f1xx_it.o
    0x080026b0   0x080026b0   0x0000002a   Code   RO         1656    i.DMA_SetConfig     stm32f1xx_hal_dma.o
    0x080026da   0x080026da   0x00000002   Code   RO          639    i.DebugMon_Handler  stm32f1xx_it.o
    0x080026dc   0x080026dc   0x00000006   Code   RO          640    i.EXTI2_IRQHandler  stm32f1xx_it.o
    0x080026e2   0x080026e2   0x00000004   Code   RO           13    i.Error_Handler     main.o
    0x080026e6   0x080026e6   0x00000002   PAD
    0x080026e8   0x080026e8   0x00000024   Code   RO         2096    i.FLASH_MassErase   stm32f1xx_hal_flash_ex.o
    0x0800270c   0x0800270c   0x00000024   Code   RO         2101    i.FLASH_PageErase   stm32f1xx_hal_flash_ex.o
    0x08002730   0x08002730   0x0000001c   Code   RO         1993    i.FLASH_Program_HalfWord  stm32f1xx_hal_flash.o
    0x0800274c   0x0800274c   0x0000005c   Code   RO         1994    i.FLASH_SetErrorCode  stm32f1xx_hal_flash.o
    0x080027a8   0x080027a8   0x00000054   Code   RO         1995    i.FLASH_WaitForLastOperation  stm32f1xx_hal_flash.o
    0x080027fc   0x080027fc   0x000000fc   Code   RO         2259    i.HAL_ADC_ConfigChannel  stm32f1xx_hal_adc.o
    0x080028f8   0x080028f8   0x00000006   Code   RO         2266    i.HAL_ADC_GetValue  stm32f1xx_hal_adc.o
    0x080028fe   0x080028fe   0x00000002   PAD
    0x08002900   0x08002900   0x0000011c   Code   RO         2268    i.HAL_ADC_Init      stm32f1xx_hal_adc.o
    0x08002a1c   0x08002a1c   0x0000008c   Code   RO          295    i.HAL_ADC_MspInit   adc.o
    0x08002aa8   0x08002aa8   0x0000013c   Code   RO         2272    i.HAL_ADC_PollForConversion  stm32f1xx_hal_adc.o
    0x08002be4   0x08002be4   0x000000c0   Code   RO         2274    i.HAL_ADC_Start     stm32f1xx_hal_adc.o
    0x08002ca4   0x08002ca4   0x00000026   Code   RO         2529    i.HAL_CRC_Accumulate  stm32f1xx_hal_crc.o
    0x08002cca   0x08002cca   0x00000022   Code   RO         2533    i.HAL_CRC_Init      stm32f1xx_hal_crc.o
    0x08002cec   0x08002cec   0x00000028   Code   RO          337    i.HAL_CRC_MspInit   crc.o
    0x08002d14   0x08002d14   0x00000046   Code   RO         1657    i.HAL_DMA_Abort     stm32f1xx_hal_dma.o
    0x08002d5a   0x08002d5a   0x00000002   PAD
    0x08002d5c   0x08002d5c   0x00000098   Code   RO         1658    i.HAL_DMA_Abort_IT  stm32f1xx_hal_dma.o
    0x08002df4   0x08002df4   0x0000005c   Code   RO         1659    i.HAL_DMA_DeInit    stm32f1xx_hal_dma.o
    0x08002e50   0x08002e50   0x00000004   Code   RO         1660    i.HAL_DMA_GetError  stm32f1xx_hal_dma.o
    0x08002e54   0x08002e54   0x00000154   Code   RO         1662    i.HAL_DMA_IRQHandler  stm32f1xx_hal_dma.o
    0x08002fa8   0x08002fa8   0x0000005c   Code   RO         1663    i.HAL_DMA_Init      stm32f1xx_hal_dma.o
    0x08003004   0x08003004   0x00000070   Code   RO         1667    i.HAL_DMA_Start_IT  stm32f1xx_hal_dma.o
    0x08003074   0x08003074   0x00000024   Code   RO         1283    i.HAL_Delay         stm32f1xx_hal.o
    0x08003098   0x08003098   0x000000a8   Code   RO         2102    i.HAL_FLASHEx_Erase  stm32f1xx_hal_flash_ex.o
    0x08003140   0x08003140   0x00000014   Code   RO         1999    i.HAL_FLASH_Lock    stm32f1xx_hal_flash.o
    0x08003154   0x08003154   0x00000080   Code   RO         2004    i.HAL_FLASH_Program  stm32f1xx_hal_flash.o
    0x080031d4   0x080031d4   0x00000028   Code   RO         2006    i.HAL_FLASH_Unlock  stm32f1xx_hal_flash.o
    0x080031fc   0x080031fc   0x00000118   Code   RO         1590    i.HAL_GPIO_DeInit   stm32f1xx_hal_gpio.o
    0x08003314   0x08003314   0x00000002   Code   RO           14    i.HAL_GPIO_EXTI_Callback  main.o
    0x08003316   0x08003316   0x00000002   PAD
    0x08003318   0x08003318   0x00000018   Code   RO         1592    i.HAL_GPIO_EXTI_IRQHandler  stm32f1xx_hal_gpio.o
    0x08003330   0x08003330   0x000001e0   Code   RO         1593    i.HAL_GPIO_Init     stm32f1xx_hal_gpio.o
    0x08003510   0x08003510   0x0000000a   Code   RO         1595    i.HAL_GPIO_ReadPin  stm32f1xx_hal_gpio.o
    0x0800351a   0x0800351a   0x0000000a   Code   RO         1597    i.HAL_GPIO_WritePin  stm32f1xx_hal_gpio.o
    0x08003524   0x08003524   0x0000000c   Code   RO         1287    i.HAL_GetTick       stm32f1xx_hal.o
    0x08003530   0x08003530   0x00000032   Code   RO          841    i.HAL_I2C_DeInit    stm32f1xx_hal_i2c.o
    0x08003562   0x08003562   0x00000004   Code   RO          847    i.HAL_I2C_GetError  stm32f1xx_hal_i2c.o
    0x08003566   0x08003566   0x00000006   Code   RO          849    i.HAL_I2C_GetState  stm32f1xx_hal_i2c.o
    0x0800356c   0x0800356c   0x00000188   Code   RO          850    i.HAL_I2C_Init      stm32f1xx_hal_i2c.o
    0x080036f4   0x080036f4   0x0000016c   Code   RO          851    i.HAL_I2C_IsDeviceReady  stm32f1xx_hal_i2c.o
    0x08003860   0x08003860   0x0000025c   Code   RO          868    i.HAL_I2C_Mem_Read  stm32f1xx_hal_i2c.o
    0x08003abc   0x08003abc   0x00000130   Code   RO          871    i.HAL_I2C_Mem_Write  stm32f1xx_hal_i2c.o
    0x08003bec   0x08003bec   0x00000002   Code   RO          874    i.HAL_I2C_MspDeInit  stm32f1xx_hal_i2c.o
    0x08003bee   0x08003bee   0x00000002   Code   RO          875    i.HAL_I2C_MspInit   stm32f1xx_hal_i2c.o
    0x08003bf0   0x08003bf0   0x00000010   Code   RO         1293    i.HAL_IncTick       stm32f1xx_hal.o
    0x08003c00   0x08003c00   0x00000024   Code   RO         1294    i.HAL_Init          stm32f1xx_hal.o
    0x08003c24   0x08003c24   0x00000040   Code   RO         1295    i.HAL_InitTick      stm32f1xx_hal.o
    0x08003c64   0x08003c64   0x0000003c   Code   RO          779    i.HAL_MspInit       stm32f1xx_hal_msp.o
    0x08003ca0   0x08003ca0   0x00000022   Code   RO         1752    i.HAL_NVIC_DisableIRQ  stm32f1xx_hal_cortex.o
    0x08003cc2   0x08003cc2   0x0000001a   Code   RO         1753    i.HAL_NVIC_EnableIRQ  stm32f1xx_hal_cortex.o
    0x08003cdc   0x08003cdc   0x00000040   Code   RO         1759    i.HAL_NVIC_SetPriority  stm32f1xx_hal_cortex.o
    0x08003d1c   0x08003d1c   0x00000024   Code   RO         1760    i.HAL_NVIC_SetPriorityGrouping  stm32f1xx_hal_cortex.o
    0x08003d40   0x08003d40   0x000000a4   Code   RO         1554    i.HAL_RCCEx_GetPeriphCLKFreq  stm32f1xx_hal_rcc_ex.o
    0x08003de4   0x08003de4   0x000000ec   Code   RO         1555    i.HAL_RCCEx_PeriphCLKConfig  stm32f1xx_hal_rcc_ex.o
    0x08003ed0   0x08003ed0   0x0000012c   Code   RO         1451    i.HAL_RCC_ClockConfig  stm32f1xx_hal_rcc.o
    0x08003ffc   0x08003ffc   0x00000020   Code   RO         1458    i.HAL_RCC_GetPCLK1Freq  stm32f1xx_hal_rcc.o
    0x0800401c   0x0800401c   0x00000020   Code   RO         1459    i.HAL_RCC_GetPCLK2Freq  stm32f1xx_hal_rcc.o
    0x0800403c   0x0800403c   0x0000004c   Code   RO         1460    i.HAL_RCC_GetSysClockFreq  stm32f1xx_hal_rcc.o
    0x08004088   0x08004088   0x00000320   Code   RO         1463    i.HAL_RCC_OscConfig  stm32f1xx_hal_rcc.o
    0x080043a8   0x080043a8   0x00000002   Code   RO         2596    i.HAL_SPI_ErrorCallback  stm32f1xx_hal_spi.o
    0x080043aa   0x080043aa   0x00000002   PAD
    0x080043ac   0x080043ac   0x000000e0   Code   RO         2599    i.HAL_SPI_IRQHandler  stm32f1xx_hal_spi.o
    0x0800448c   0x0800448c   0x000000b2   Code   RO         2600    i.HAL_SPI_Init      stm32f1xx_hal_spi.o
    0x0800453e   0x0800453e   0x00000002   PAD
    0x08004540   0x08004540   0x000000d8   Code   RO          403    i.HAL_SPI_MspInit   spi.o
    0x08004618   0x08004618   0x000001f0   Code   RO         2609    i.HAL_SPI_TransmitReceive  stm32f1xx_hal_spi.o
    0x08004808   0x08004808   0x00000028   Code   RO         1764    i.HAL_SYSTICK_Config  stm32f1xx_hal_cortex.o
    0x08004830   0x08004830   0x00000002   Code   RO         3617    i.HAL_TIMEx_BreakCallback  stm32f1xx_hal_tim_ex.o
    0x08004832   0x08004832   0x00000002   Code   RO         3618    i.HAL_TIMEx_CommutCallback  stm32f1xx_hal_tim_ex.o
    0x08004834   0x08004834   0x00000068   Code   RO         3636    i.HAL_TIMEx_MasterConfigSynchronization  stm32f1xx_hal_tim_ex.o
    0x0800489c   0x0800489c   0x0000005a   Code   RO         2913    i.HAL_TIM_Base_Init  stm32f1xx_hal_tim.o
    0x080048f6   0x080048f6   0x00000002   PAD
    0x080048f8   0x080048f8   0x00000050   Code   RO          445    i.HAL_TIM_Base_MspInit  tim.o
    0x08004948   0x08004948   0x00000050   Code   RO         2916    i.HAL_TIM_Base_Start  stm32f1xx_hal_tim.o
    0x08004998   0x08004998   0x00000058   Code   RO         2918    i.HAL_TIM_Base_Start_IT  stm32f1xx_hal_tim.o
    0x080049f0   0x080049f0   0x000000dc   Code   RO         2922    i.HAL_TIM_ConfigClockSource  stm32f1xx_hal_tim.o
    0x08004acc   0x08004acc   0x00000002   Code   RO         2947    i.HAL_TIM_IC_CaptureCallback  stm32f1xx_hal_tim.o
    0x08004ace   0x08004ace   0x00000130   Code   RO         2961    i.HAL_TIM_IRQHandler  stm32f1xx_hal_tim.o
    0x08004bfe   0x08004bfe   0x00000002   Code   RO         2964    i.HAL_TIM_OC_DelayElapsedCallback  stm32f1xx_hal_tim.o
    0x08004c00   0x08004c00   0x00000002   Code   RO         2991    i.HAL_TIM_PWM_PulseFinishedCallback  stm32f1xx_hal_tim.o
    0x08004c02   0x08004c02   0x00000012   Code   RO           15    i.HAL_TIM_PeriodElapsedCallback  main.o
    0x08004c14   0x08004c14   0x00000002   Code   RO         3004    i.HAL_TIM_TriggerCallback  stm32f1xx_hal_tim.o
    0x08004c16   0x08004c16   0x0000004a   Code   RO         3894    i.HAL_UARTEx_ReceiveToIdle_DMA  stm32f1xx_hal_uart.o
    0x08004c60   0x08004c60   0x00000070   Code   RO         4353    i.HAL_UARTEx_RxEventCallback  rs485bsp.o
    0x08004cd0   0x08004cd0   0x000000d2   Code   RO         3897    i.HAL_UART_Abort    stm32f1xx_hal_uart.o
    0x08004da2   0x08004da2   0x00000036   Code   RO         3909    i.HAL_UART_DeInit   stm32f1xx_hal_uart.o
    0x08004dd8   0x08004dd8   0x00000052   Code   RO         4354    i.HAL_UART_ErrorCallback  rs485bsp.o
    0x08004e2a   0x08004e2a   0x00000002   PAD
    0x08004e2c   0x08004e2c   0x0000026c   Code   RO         3913    i.HAL_UART_IRQHandler  stm32f1xx_hal_uart.o
    0x08005098   0x08005098   0x00000064   Code   RO         3914    i.HAL_UART_Init     stm32f1xx_hal_uart.o
    0x080050fc   0x080050fc   0x00000070   Code   RO          492    i.HAL_UART_MspDeInit  usart.o
    0x0800516c   0x0800516c   0x0000018c   Code   RO          493    i.HAL_UART_MspInit  usart.o
    0x080052f8   0x080052f8   0x00000002   Code   RO         3920    i.HAL_UART_RxCpltCallback  stm32f1xx_hal_uart.o
    0x080052fa   0x080052fa   0x00000002   Code   RO         3921    i.HAL_UART_RxHalfCpltCallback  stm32f1xx_hal_uart.o
    0x080052fc   0x080052fc   0x00000078   Code   RO         3923    i.HAL_UART_Transmit_DMA  stm32f1xx_hal_uart.o
    0x08005374   0x08005374   0x00000064   Code   RO         4355    i.HAL_UART_TxCpltCallback  rs485bsp.o
    0x080053d8   0x080053d8   0x00000002   Code   RO         3926    i.HAL_UART_TxHalfCpltCallback  stm32f1xx_hal_uart.o
    0x080053da   0x080053da   0x00000002   Code   RO          641    i.HardFault_Handler  stm32f1xx_it.o
    0x080053dc   0x080053dc   0x0000002e   Code   RO          893    i.I2C_IsAcknowledgeFailed  stm32f1xx_hal_i2c.o
    0x0800540a   0x0800540a   0x00000002   PAD
    0x0800540c   0x0800540c   0x000000fc   Code   RO          903    i.I2C_RequestMemoryRead  stm32f1xx_hal_i2c.o
    0x08005508   0x08005508   0x000000a8   Code   RO          904    i.I2C_RequestMemoryWrite  stm32f1xx_hal_i2c.o
    0x080055b0   0x080055b0   0x00000056   Code   RO          908    i.I2C_WaitOnBTFFlagUntilTimeout  stm32f1xx_hal_i2c.o
    0x08005606   0x08005606   0x00000002   PAD
    0x08005608   0x08005608   0x00000090   Code   RO          909    i.I2C_WaitOnFlagUntilTimeout  stm32f1xx_hal_i2c.o
    0x08005698   0x08005698   0x000000bc   Code   RO          910    i.I2C_WaitOnMasterAddressFlagUntilTimeout  stm32f1xx_hal_i2c.o
    0x08005754   0x08005754   0x00000070   Code   RO          911    i.I2C_WaitOnRXNEFlagUntilTimeout  stm32f1xx_hal_i2c.o
    0x080057c4   0x080057c4   0x00000056   Code   RO          912    i.I2C_WaitOnTXEFlagUntilTimeout  stm32f1xx_hal_i2c.o
    0x0800581a   0x0800581a   0x00000002   PAD
    0x0800581c   0x0800581c   0x00000050   Code   RO          296    i.MX_ADC1_Init      adc.o
    0x0800586c   0x0800586c   0x00000024   Code   RO          338    i.MX_CRC_Init       crc.o
    0x08005890   0x08005890   0x0000008c   Code   RO          378    i.MX_DMA_Init       dma.o
    0x0800591c   0x0800591c   0x0000013c   Code   RO          266    i.MX_GPIO_Init      gpio.o
    0x08005a58   0x08005a58   0x00000034   Code   RO          550    i.MX_I2C2_Init      custom_bus.o
    0x08005a8c   0x08005a8c   0x00000048   Code   RO          404    i.MX_SPI1_Init      spi.o
    0x08005ad4   0x08005ad4   0x00000068   Code   RO          446    i.MX_TIM2_Init      tim.o
    0x08005b3c   0x08005b3c   0x00000068   Code   RO          447    i.MX_TIM4_Init      tim.o
    0x08005ba4   0x08005ba4   0x00000038   Code   RO          494    i.MX_USART1_UART_Init  usart.o
    0x08005bdc   0x08005bdc   0x00000038   Code   RO          495    i.MX_USART2_UART_Init  usart.o
    0x08005c14   0x08005c14   0x00000002   Code   RO          642    i.MemManage_Handler  stm32f1xx_it.o
    0x08005c16   0x08005c16   0x00000002   Code   RO          643    i.NMI_Handler       stm32f1xx_it.o
    0x08005c18   0x08005c18   0x0000000e   Code   RO         4326    i.PORT_GetBit       e290_hal.o
    0x08005c26   0x08005c26   0x00000002   Code   RO          644    i.PendSV_Handler    stm32f1xx_it.o
    0x08005c28   0x08005c28   0x0000005c   Code   RO         4356    i.RS485BSP_ApplyConfig  rs485bsp.o
    0x08005c84   0x08005c84   0x00000084   Code   RO         4360    i.RS485BSP_Init     rs485bsp.o
    0x08005d08   0x08005d08   0x0000001c   Code   RO         4362    i.RS485BSP_SendBuf  rs485bsp.o
    0x08005d24   0x08005d24   0x0000005c   Code   RO         4363    i.RS485BSP_SendByFeature  rs485bsp.o
    0x08005d80   0x08005d80   0x0000006a   Code   RO         4364    i.RS485BSP_SendSeatReport  rs485bsp.o
    0x08005dea   0x08005dea   0x00000030   Code   RO         4365    i.RS485BSP_SendTwoSeatReport  rs485bsp.o
    0x08005e1a   0x08005e1a   0x00000002   PAD
    0x08005e1c   0x08005e1c   0x0000001c   Code   RO         4366    i.RS485BSP_SetPortFeatures  rs485bsp.o
    0x08005e38   0x08005e38   0x00000014   Code   RO         7156    i.ReadRegWrap       st25dv.o
    0x08005e4c   0x08005e4c   0x0000000c   Code   RO          645    i.SPI1_IRQHandler   stm32f1xx_it.o
    0x08005e58   0x08005e58   0x00000010   Code   RO         2627    i.SPI_DMAAbortOnError  stm32f1xx_hal_spi.o
    0x08005e68   0x08005e68   0x00000034   Code   RO         2638    i.SPI_EndRxTxTransaction  stm32f1xx_hal_spi.o
    0x08005e9c   0x08005e9c   0x000000b8   Code   RO         2643    i.SPI_WaitFlagStateUntilTimeout  stm32f1xx_hal_spi.o
    0x08005f54   0x08005f54   0x0000000c   Code   RO         7157    i.ST25DV_ConfigureGPO  st25dv.o
    0x08005f60   0x08005f60   0x00000016   Code   RO         6324    i.ST25DV_GetICREF   st25dv_reg.o
    0x08005f76   0x08005f76   0x00000018   Code   RO         6326    i.ST25DV_GetITSTS_DYN_ALL  st25dv_reg.o
    0x08005f8e   0x08005f8e   0x0000002a   Code   RO         7170    i.ST25DV_Init       st25dv.o
    0x08005fb8   0x08005fb8   0x0000004e   Code   RO         7173    i.ST25DV_PresentI2CPassword  st25dv.o
    0x08006006   0x08006006   0x00000012   Code   RO         7177    i.ST25DV_ReadData   st25dv.o
    0x08006018   0x08006018   0x00000006   Code   RO         7186    i.ST25DV_ReadID     st25dv.o
    0x0800601e   0x0800601e   0x00000006   Code   RO         7188    i.ST25DV_ReadITSTStatus_Dyn  st25dv.o
    0x08006024   0x08006024   0x0000000e   Code   RO         6374    i.ST25DV_ReadReg    st25dv_reg.o
    0x08006032   0x08006032   0x00000002   PAD
    0x08006034   0x08006034   0x00000040   Code   RO         7203    i.ST25DV_RegisterBusIO  st25dv.o
    0x08006074   0x08006074   0x00000016   Code   RO         6380    i.ST25DV_SetGPO_ALL  st25dv_reg.o
    0x0800608a   0x0800608a   0x0000003a   Code   RO         6382    i.ST25DV_SetGPO_DYN_ENABLE  st25dv_reg.o
    0x080060c4   0x080060c4   0x00000012   Code   RO         7212    i.ST25DV_SetGPO_en_Dyn  st25dv.o
    0x080060d6   0x080060d6   0x00000072   Code   RO         7218    i.ST25DV_WriteData  st25dv.o
    0x08006148   0x08006148   0x0000000e   Code   RO         6430    i.ST25DV_WriteReg   st25dv_reg.o
    0x08006156   0x08006156   0x00000074   Code   RO         7233    i.ST25DV_WriteRegister  st25dv.o
    0x080061ca   0x080061ca   0x00000002   Code   RO          646    i.SVC_Handler       stm32f1xx_it.o
    0x080061cc   0x080061cc   0x00000018   Code   RO         5088    i.SeatBeltMonitor_ClearReportEvents  seat_belt_monitor.o
    0x080061e4   0x080061e4   0x00000010   Code   RO         5092    i.SeatBeltMonitor_HasReportEvent  seat_belt_monitor.o
    0x080061f4   0x080061f4   0x00000084   Code   RO         5093    i.SeatBeltMonitor_Init  seat_belt_monitor.o
    0x08006278   0x08006278   0x0000002c   Code   RO         5095    i.SeatBeltMonitor_PopReportEvent  seat_belt_monitor.o
    0x080062a4   0x080062a4   0x00000064   Code   RO         5096    i.SeatBeltMonitor_Task10Hz  seat_belt_monitor.o
    0x08006308   0x08006308   0x00000004   Code   RO          647    i.SysTick_Handler   stm32f1xx_it.o
    0x0800630c   0x0800630c   0x00000078   Code   RO           16    i.SystemClock_Config  main.o
    0x08006384   0x08006384   0x00000002   Code   RO         4248    i.SystemInit        system_stm32f1xx.o
    0x08006386   0x08006386   0x00000002   PAD
    0x08006388   0x08006388   0x0000000c   Code   RO          648    i.TIM4_IRQHandler   stm32f1xx_it.o
    0x08006394   0x08006394   0x00000078   Code   RO         3006    i.TIM_Base_SetConfig  stm32f1xx_hal_tim.o
    0x0800640c   0x0800640c   0x0000003c   Code   RO         5432    i.TIM_Delay_us      pan_port.o
    0x08006448   0x08006448   0x00000014   Code   RO         3017    i.TIM_ETR_SetConfig  stm32f1xx_hal_tim.o
    0x0800645c   0x0800645c   0x00000010   Code   RO         3018    i.TIM_ITRx_SetConfig  stm32f1xx_hal_tim.o
    0x0800646c   0x0800646c   0x00000022   Code   RO         3024    i.TIM_TI1_ConfigInputStage  stm32f1xx_hal_tim.o
    0x0800648e   0x0800648e   0x00000024   Code   RO         3026    i.TIM_TI2_ConfigInputStage  stm32f1xx_hal_tim.o
    0x080064b2   0x080064b2   0x00000002   PAD
    0x080064b4   0x080064b4   0x00000058   Code   RO         4371    i.UART_DBG_Printf_DMA  rs485bsp.o
    0x0800650c   0x0800650c   0x00000010   Code   RO         3927    i.UART_DMAAbortOnError  stm32f1xx_hal_uart.o
    0x0800651c   0x0800651c   0x0000004a   Code   RO         3928    i.UART_DMAError     stm32f1xx_hal_uart.o
    0x08006566   0x08006566   0x00000086   Code   RO         3929    i.UART_DMAReceiveCplt  stm32f1xx_hal_uart.o
    0x080065ec   0x080065ec   0x0000001e   Code   RO         3931    i.UART_DMARxHalfCplt  stm32f1xx_hal_uart.o
    0x0800660a   0x0800660a   0x00000042   Code   RO         3933    i.UART_DMATransmitCplt  stm32f1xx_hal_uart.o
    0x0800664c   0x0800664c   0x0000000a   Code   RO         3935    i.UART_DMATxHalfCplt  stm32f1xx_hal_uart.o
    0x08006656   0x08006656   0x0000004e   Code   RO         3937    i.UART_EndRxTransfer  stm32f1xx_hal_uart.o
    0x080066a4   0x080066a4   0x0000001c   Code   RO         3938    i.UART_EndTxTransfer  stm32f1xx_hal_uart.o
    0x080066c0   0x080066c0   0x000000c2   Code   RO         3939    i.UART_Receive_IT   stm32f1xx_hal_uart.o
    0x08006782   0x08006782   0x00000002   PAD
    0x08006784   0x08006784   0x000000b8   Code   RO         3940    i.UART_SetConfig    stm32f1xx_hal_uart.o
    0x0800683c   0x0800683c   0x00000090   Code   RO         3941    i.UART_Start_Receive_DMA  stm32f1xx_hal_uart.o
    0x080068cc   0x080068cc   0x0000000c   Code   RO          649    i.USART1_IRQHandler  stm32f1xx_it.o
    0x080068d8   0x080068d8   0x0000000c   Code   RO          650    i.USART2_IRQHandler  stm32f1xx_it.o
    0x080068e4   0x080068e4   0x00000002   Code   RO          651    i.UsageFault_Handler  stm32f1xx_it.o
    0x080068e6   0x080068e6   0x0000004e   Code   RO         7234    i.WriteRegWrap      st25dv.o
    0x08006934   0x08006934   0x00000028   Code   RO         8989    i.__ARM_fpclassify  m_ws.l(fpclassify.o)
    0x0800695c   0x0800695c   0x00000020   Code   RO         1766    i.__NVIC_SetPriority  stm32f1xx_hal_cortex.o
    0x0800697c   0x0800697c   0x000000aa   Code   RO         8918    i.__kernel_poly     m_ws.l(poly.o)
    0x08006a26   0x08006a26   0x00000002   PAD
    0x08006a28   0x08006a28   0x00000010   Code   RO         8829    i.__mathlib_dbl_divzero  m_ws.l(dunder.o)
    0x08006a38   0x08006a38   0x00000006   Code   RO         8830    i.__mathlib_dbl_infnan  m_ws.l(dunder.o)
    0x08006a3e   0x08006a3e   0x0000000c   Code   RO         8832    i.__mathlib_dbl_invalid  m_ws.l(dunder.o)
    0x08006a4a   0x08006a4a   0x0000000e   Code   RO         8567    i._is_digit         c_w.l(__printf_wp.o)
    0x08006a58   0x08006a58   0x00000028   Code   RO         5097    i.alarm_start_active  seat_belt_monitor.o
    0x08006a80   0x08006a80   0x00000010   Code   RO         5336    i.bus_master_report_enter_rx  bus_master_report.o
    0x08006a90   0x08006a90   0x000000a4   Code   RO         5337    i.bus_master_report_forward_to_rs485  bus_master_report.o
    0x08006b34   0x08006b34   0x00000040   Code   RO         5339    i.bus_master_report_init  bus_master_report.o
    0x08006b74   0x08006b74   0x000001b8   Code   RO         5340    i.bus_master_report_on_rx_done  bus_master_report.o
    0x08006d2c   0x08006d2c   0x00000090   Code   RO         5341    i.bus_master_report_on_tx_done  bus_master_report.o
    0x08006dbc   0x08006dbc   0x00000012   Code   RO         5342    i.bus_master_report_order_state_valid  bus_master_report.o
    0x08006dce   0x08006dce   0x00000048   Code   RO         5343    i.bus_master_report_parse  bus_master_report.o
    0x08006e16   0x08006e16   0x00000002   PAD
    0x08006e18   0x08006e18   0x00000054   Code   RO         5344    i.bus_master_report_set_state  bus_master_report.o
    0x08006e6c   0x08006e6c   0x0000002c   Code   RO         5345    i.bus_master_report_start  bus_master_report.o
    0x08006e98   0x08006e98   0x00000038   Code   RO         5346    i.bus_master_report_state_name  bus_master_report.o
    0x08006ed0   0x08006ed0   0x0000011c   Code   RO         5347    i.bus_master_report_task  bus_master_report.o
    0x08006fec   0x08006fec   0x00000028   Code   RO         4542    i.bus_rand_init     bus_rand.o
    0x08007014   0x08007014   0x00000030   Code   RO         4543    i.bus_rand_slot     bus_rand.o
    0x08007044   0x08007044   0x0000001e   Code   RO         5214    i.bus_slave_report_enter_idle  bus_slave_report.o
    0x08007062   0x08007062   0x00000010   Code   RO         5215    i.bus_slave_report_enter_rx  bus_slave_report.o
    0x08007072   0x08007072   0x0000001c   Code   RO         5216    i.bus_slave_report_enter_wait_idle  bus_slave_report.o
    0x0800708e   0x0800708e   0x00000002   PAD
    0x08007090   0x08007090   0x000000cc   Code   RO         5218    i.bus_slave_report_handle_send_failed  bus_slave_report.o
    0x0800715c   0x0800715c   0x00000018   Code   RO         5219    i.bus_slave_report_init  bus_slave_report.o
    0x08007174   0x08007174   0x00000074   Code   RO         5220    i.bus_slave_report_load_config  bus_slave_report.o
    0x080071e8   0x080071e8   0x000000c8   Code   RO         5221    i.bus_slave_report_load_latest_event  bus_slave_report.o
    0x080072b0   0x080072b0   0x000000e8   Code   RO         5222    i.bus_slave_report_on_rx_done  bus_slave_report.o
    0x08007398   0x08007398   0x00000058   Code   RO         5223    i.bus_slave_report_on_tx_done  bus_slave_report.o
    0x080073f0   0x080073f0   0x00000124   Code   RO         5224    i.bus_slave_report_send_current  bus_slave_report.o
    0x08007514   0x08007514   0x00000048   Code   RO         5225    i.bus_slave_report_set_state  bus_slave_report.o
    0x0800755c   0x0800755c   0x00000028   Code   RO         5226    i.bus_slave_report_start  bus_slave_report.o
    0x08007584   0x08007584   0x00000078   Code   RO         5227    i.bus_slave_report_state_name  bus_slave_report.o
    0x080075fc   0x080075fc   0x00000300   Code   RO         5228    i.bus_slave_report_task  bus_slave_report.o
    0x080078fc   0x080078fc   0x00000018   Code   RO         5532    i.check_cad_rx_inactive  pan_rf.o
    0x08007914   0x08007914   0x0000002c   Code   RO         4744    i.check_master_payload  app_st25dv.o
    0x08007940   0x08007940   0x00000074   Code   RO         4745    i.check_rf_param    app_st25dv.o
    0x080079b4   0x080079b4   0x00000020   Code   RO         4746    i.check_rs485_port_config  app_st25dv.o
    0x080079d4   0x080079d4   0x00000028   Code   RO         4747    i.check_seat_port_config  app_st25dv.o
    0x080079fc   0x080079fc   0x000000b2   Code   RO         4748    i.check_slave_payload  app_st25dv.o
    0x08007aae   0x08007aae   0x0000000c   Code   RO         5229    i.clamp_u8          bus_slave_report.o
    0x08007aba   0x08007aba   0x0000000c   Code   RO         5098    i.clear_candidate   seat_belt_monitor.o
    0x08007ac6   0x08007ac6   0x00000002   PAD
    0x08007ac8   0x08007ac8   0x0000008c   Code   RO         5099    i.confirm_transition  seat_belt_monitor.o
    0x08007b54   0x08007b54   0x00000084   Code   RO         5100    i.fill_report_snapshot  seat_belt_monitor.o
    0x08007bd8   0x08007bd8   0x0000001c   Code   RO         4597    i.flash_erase_page  flash_storage.o
    0x08007bf4   0x08007bf4   0x0000000c   Code   RO         4598    i.flash_program_u16  flash_storage.o
    0x08007c00   0x08007c00   0x0000001e   Code   RO         4599    i.flash_program_u32  flash_storage.o
    0x08007c1e   0x08007c1e   0x00000002   PAD
    0x08007c20   0x08007c20   0x000000d8   Code   RO         4372    i.float_to_str_2    rs485bsp.o
    0x08007cf8   0x08007cf8   0x00000008   Code   RO         5348    i.get_master_report_obj  bus_master_report.o
    0x08007d00   0x08007d00   0x00000008   Code   RO         5230    i.get_slave_report_obj  bus_slave_report.o
    0x08007d08   0x08007d08   0x00000014   Code   RO         4600    i.is_addr_in_page   flash_storage.o
    0x08007d1c   0x08007d1c   0x00000068   Code   RO         4749    i.is_frame_valid    app_st25dv.o
    0x08007d84   0x08007d84   0x000000e0   Code   RO         4750    i.load_config_from_buffer  app_st25dv.o
    0x08007e64   0x08007e64   0x0000035c   Code   RO         8844    i.log               m_ws.l(log.o)
    0x080081c0   0x080081c0   0x000000e4   Code   RO         8648    i.log10             m_ws.l(log10.o)
    0x080082a4   0x080082a4   0x0000015c   Code   RO           17    i.main              main.o
    0x08008400   0x08008400   0x0000006c   Code   RO         4751    i.nfc_task_in_tim   app_st25dv.o
    0x0800846c   0x0800846c   0x00000016   Code   RO         5101    i.order_mask_is_set  seat_belt_monitor.o
    0x08008482   0x08008482   0x00000002   PAD
    0x08008484   0x08008484   0x00000110   Code   RO         4601    i.page_append_record  flash_storage.o
    0x08008594   0x08008594   0x00000012   Code   RO         4602    i.page_find_next_free  flash_storage.o
    0x080085a6   0x080085a6   0x00000002   PAD
    0x080085a8   0x080085a8   0x00000028   Code   RO         4603    i.page_header_is_valid  flash_storage.o
    0x080085d0   0x080085d0   0x00000038   Code   RO         4604    i.page_write_header  flash_storage.o
    0x08008608   0x08008608   0x00000018   Code   RO         4752    i.payload_GetObject  app_st25dv.o
    0x08008620   0x08008620   0x00000068   Code   RO         4544    i.rand_adc32        bus_rand.o
    0x08008688   0x08008688   0x00000020   Code   RO         4545    i.rand_adc_sample   bus_rand.o
    0x080086a8   0x080086a8   0x00000020   Code   RO         4546    i.rand_mix32        bus_rand.o
    0x080086c8   0x080086c8   0x00000014   Code   RO         5102    i.read_gpio_as_1_if_match  seat_belt_monitor.o
    0x080086dc   0x080086dc   0x00000044   Code   RO         5103    i.read_raw_state    seat_belt_monitor.o
    0x08008720   0x08008720   0x00000078   Code   RO         4605    i.record_is_valid   flash_storage.o
    0x08008798   0x08008798   0x00000024   Code   RO         5533    i.rf_agc_enable     pan_rf.o
    0x080087bc   0x080087bc   0x00000016   Code   RO         5433    i.rf_antenna_close  pan_port.o
    0x080087d2   0x080087d2   0x00000030   Code   RO         5434    i.rf_antenna_init   pan_port.o
    0x08008802   0x08008802   0x00000016   Code   RO         5435    i.rf_antenna_rx     pan_port.o
    0x08008818   0x08008818   0x00000016   Code   RO         5436    i.rf_antenna_tx     pan_port.o
    0x0800882e   0x0800882e   0x00000070   Code   RO         5535    i.rf_cad_on         pan_rf.o
    0x0800889e   0x0800889e   0x00000010   Code   RO         5537    i.rf_clr_irq        pan_rf.o
    0x080088ae   0x080088ae   0x00000002   PAD
    0x080088b0   0x080088b0   0x00000020   Code   RO         5539    i.rf_continous_tx_send_data  pan_rf.o
    0x080088d0   0x080088d0   0x00000004   Code   RO         5437    i.rf_delay_ms       pan_port.o
    0x080088d4   0x080088d4   0x00000004   Code   RO         5438    i.rf_delay_us       pan_port.o
    0x080088d8   0x080088d8   0x00000014   Code   RO         5541    i.rf_efuse_off      pan_rf.o
    0x080088ec   0x080088ec   0x00000014   Code   RO         5542    i.rf_efuse_on       pan_rf.o
    0x08008900   0x08008900   0x00000054   Code   RO         5544    i.rf_efuse_read_encry_byte  pan_rf.o
    0x08008954   0x08008954   0x0000002c   Code   RO         5546    i.rf_enter_continous_rx  pan_rf.o
    0x08008980   0x08008980   0x00000018   Code   RO         5547    i.rf_enter_continous_tx  pan_rf.o
    0x08008998   0x08008998   0x000000ba   Code   RO         5550    i.rf_ft_calibr      pan_rf.o
    0x08008a52   0x08008a52   0x0000000e   Code   RO         5551    i.rf_get_bw         pan_rf.o
    0x08008a60   0x08008a60   0x00000034   Code   RO         5553    i.rf_get_chirp_time  pan_rf.o
    0x08008a94   0x08008a94   0x00000010   Code   RO         5558    i.rf_get_irq        pan_rf.o
    0x08008aa4   0x08008aa4   0x0000000e   Code   RO         5562    i.rf_get_plhd_len   pan_rf.o
    0x08008ab2   0x08008ab2   0x00000002   PAD
    0x08008ab4   0x08008ab4   0x0000000c   Code   RO         5565    i.rf_get_recv_flag  pan_rf.o
    0x08008ac0   0x08008ac0   0x0000000e   Code   RO         5566    i.rf_get_rssi       pan_rf.o
    0x08008ace   0x08008ace   0x0000000e   Code   RO         5567    i.rf_get_sf         pan_rf.o
    0x08008adc   0x08008adc   0x0000005c   Code   RO         5568    i.rf_get_snr        pan_rf.o
    0x08008b38   0x08008b38   0x0000000c   Code   RO         5570    i.rf_get_transmit_flag  pan_rf.o
    0x08008b44   0x08008b44   0x00000154   Code   RO         5571    i.rf_get_tx_power   pan_rf.o
    0x08008c98   0x08008c98   0x00000114   Code   RO         5573    i.rf_init           pan_rf.o
    0x08008dac   0x08008dac   0x000000f0   Code   RO         5574    i.rf_irq_process    pan_rf.o
    0x08008e9c   0x08008e9c   0x0000003c   Code   RO         5577    i.rf_plhd_receive   pan_rf.o
    0x08008ed8   0x08008ed8   0x00000038   Code   RO         5578    i.rf_read_fifo      pan_rf.o
    0x08008f10   0x08008f10   0x0000001c   Code   RO         5579    i.rf_read_freq      pan_rf.o
    0x08008f2c   0x08008f2c   0x00000034   Code   RO         5581    i.rf_read_reg       pan_rf.o
    0x08008f60   0x08008f60   0x00000018   Code   RO         5582    i.rf_read_spec_page_reg  pan_rf.o
    0x08008f78   0x08008f78   0x00000044   Code   RO         5583    i.rf_read_spec_page_regs  pan_rf.o
    0x08008fbc   0x08008fbc   0x0000001c   Code   RO         5584    i.rf_recv_packet    pan_rf.o
    0x08008fd8   0x08008fd8   0x0000002c   Code   RO         5585    i.rf_refresh        pan_rf.o
    0x08009004   0x08009004   0x0000002c   Code   RO         5586    i.rf_reg_cfg        pan_rf.o
    0x08009030   0x08009030   0x0000001c   Code   RO         5587    i.rf_reset_spec_page_reg_bits  pan_rf.o
    0x0800904c   0x0800904c   0x0000002e   Code   RO         5588    i.rf_send_packet    pan_rf.o
    0x0800907a   0x0800907a   0x0000001a   Code   RO         5589    i.rf_set_agc        pan_rf.o
    0x08009094   0x08009094   0x0000004a   Code   RO         5593    i.rf_set_bw         pan_rf.o
    0x080090de   0x080090de   0x00000016   Code   RO         5597    i.rf_set_code_rate  pan_rf.o
    0x080090f4   0x080090f4   0x00000016   Code   RO         5598    i.rf_set_crc        pan_rf.o
    0x0800910a   0x0800910a   0x00000016   Code   RO         5601    i.rf_set_dcdc_mode  pan_rf.o
    0x08009120   0x08009120   0x00000098   Code   RO         5602    i.rf_set_default_para  pan_rf.o
    0x080091b8   0x080091b8   0x00000150   Code   RO         5604    i.rf_set_freq       pan_rf.o
    0x08009308   0x08009308   0x00000026   Code   RO         5605    i.rf_set_gpio_input  pan_rf.o
    0x0800932e   0x0800932e   0x00000026   Code   RO         5606    i.rf_set_gpio_output  pan_rf.o
    0x08009354   0x08009354   0x0000002a   Code   RO         5607    i.rf_set_gpio_state  pan_rf.o
    0x0800937e   0x0800937e   0x00000014   Code   RO         5608    i.rf_set_ldo_pa_off  pan_rf.o
    0x08009392   0x08009392   0x00000016   Code   RO         5610    i.rf_set_ldr        pan_rf.o
    0x080093a8   0x080093a8   0x0000001e   Code   RO         5611    i.rf_set_lo_freq    pan_rf.o
    0x080093c6   0x080093c6   0x00000012   Code   RO         5624    i.rf_set_mode       pan_rf.o
    0x080093d8   0x080093d8   0x0000000c   Code   RO         5631    i.rf_set_recv_flag  pan_rf.o
    0x080093e4   0x080093e4   0x00000016   Code   RO         5632    i.rf_set_rx_mode    pan_rf.o
    0x080093fa   0x080093fa   0x00000030   Code   RO         5634    i.rf_set_sf         pan_rf.o
    0x0800942a   0x0800942a   0x0000001c   Code   RO         5635    i.rf_set_spec_page_reg_bits  pan_rf.o
    0x08009446   0x08009446   0x00000002   PAD
    0x08009448   0x08009448   0x0000000c   Code   RO         5637    i.rf_set_transmit_flag  pan_rf.o
    0x08009454   0x08009454   0x00000016   Code   RO         5638    i.rf_set_tx_mode    pan_rf.o
    0x0800946a   0x0800946a   0x00000002   PAD
    0x0800946c   0x0800946c   0x00000170   Code   RO         5639    i.rf_set_tx_power   pan_rf.o
    0x080095dc   0x080095dc   0x00000028   Code   RO         5640    i.rf_should_turnon_ldr  pan_rf.o
    0x08009604   0x08009604   0x0000002c   Code   RO         5644    i.rf_switch_page    pan_rf.o
    0x08009630   0x08009630   0x00000002   Code   RO         5439    i.rf_tcxo_close     pan_port.o
    0x08009632   0x08009632   0x00000002   Code   RO         5440    i.rf_tcxo_init      pan_port.o
    0x08009634   0x08009634   0x00000038   Code   RO         5645    i.rf_write_fifo     pan_rf.o
    0x0800966c   0x0800966c   0x0000004c   Code   RO         5646    i.rf_write_reg      pan_rf.o
    0x080096b8   0x080096b8   0x0000001c   Code   RO         5647    i.rf_write_spec_page_reg  pan_rf.o
    0x080096d4   0x080096d4   0x00000040   Code   RO         5648    i.rf_write_spec_page_reg_bits  pan_rf.o
    0x08009714   0x08009714   0x00000088   Code   RO         5649    i.rf_write_spec_page_regs  pan_rf.o
    0x0800979c   0x0800979c   0x00000058   Code   RO         4373    i.rs485_apply_baudrate  rs485bsp.o
    0x080097f4   0x080097f4   0x0000000a   Code   RO         4374    i.rs485_de_rx       rs485bsp.o
    0x080097fe   0x080097fe   0x00000002   PAD
    0x08009800   0x08009800   0x00000030   Code   RO         4375    i.rs485_get_by_uart  rs485bsp.o
    0x08009830   0x08009830   0x00000020   Code   RO         4376    i.rs485_pop_finished_unsafe  rs485bsp.o
    0x08009850   0x08009850   0x00000066   Code   RO         4378    i.rs485_queue_tx    rs485bsp.o
    0x080098b6   0x080098b6   0x0000007c   Code   RO         4379    i.rs485_start_next_if_idle  rs485bsp.o
    0x08009932   0x08009932   0x0000002e   Code   RO         4380    i.rs485_start_rx_dma_idle  rs485bsp.o
    0x08009960   0x08009960   0x000000a0   Code   RO         4606    i.scan_page_records  flash_storage.o
    0x08009a00   0x08009a00   0x00000010   Code   RO         5441    i.spi_cs_set_high   pan_port.o
    0x08009a10   0x08009a10   0x00000010   Code   RO         5442    i.spi_cs_set_low    pan_port.o
    0x08009a20   0x08009a20   0x00000020   Code   RO         5443    i.spi_readwritebyte  pan_port.o
    0x08009a40   0x08009a40   0x00000070   Code   RO         4607    i.storage_crc32     flash_storage.o
    0x08009ab0   0x08009ab0   0x00000024   Code   RO         4608    i.storage_crc32_flash  flash_storage.o
    0x08009ad4   0x08009ad4   0x00000004   Code   RO         4610    i.storage_init      flash_storage.o
    0x08009ad8   0x08009ad8   0x00000048   Code   RO         4611    i.storage_load_latest  flash_storage.o
    0x08009b20   0x08009b20   0x0000009c   Code   RO         4612    i.storage_page_swap_and_save  flash_storage.o
    0x08009bbc   0x08009bbc   0x00000064   Code   RO         4613    i.storage_save      flash_storage.o
    0x08009c20   0x08009c20   0x00000140   Code   RO         4614    i.storage_select_active_page  flash_storage.o
    0x08009d60   0x08009d60   0x00000064   Code   RO         4753    i.sync_config_to_flash_and_eeprom  app_st25dv.o
    0x08009dc4   0x08009dc4   0x00000054   Code   RO         5104    i.update_alarm_timer_for_seat  seat_belt_monitor.o
    0x08009e18   0x08009e18   0x000000b8   Code   RO         5105    i.update_state_machine_for_seat  seat_belt_monitor.o
    0x08009ed0   0x08009ed0   0x0000002c   Code   RO         8965    locale$$code        c_w.l(lc_numeric_c.o)
    0x08009efc   0x08009efc   0x0000002c   Code   RO         9000    locale$$code        c_w.l(lc_ctype_c.o)
    0x08009f28   0x08009f28   0x00000062   Code   RO         8599    x$fpl$d2f           fz_ws.l(d2f.o)
    0x08009f8a   0x08009f8a   0x00000002   PAD
    0x08009f8c   0x08009f8c   0x00000150   Code   RO         8802    x$fpl$dadd          fz_ws.l(daddsub_clz.o)
    0x0800a0dc   0x0800a0dc   0x00000010   Code   RO         8808    x$fpl$dcheck1       fz_ws.l(dcheck1.o)
    0x0800a0ec   0x0800a0ec   0x00000018   Code   RO         8983    x$fpl$dcmpinf       fz_ws.l(dcmpi.o)
    0x0800a104   0x0800a104   0x000002b0   Code   RO         8602    x$fpl$ddiv          fz_ws.l(ddiv.o)
    0x0800a3b4   0x0800a3b4   0x00000078   Code   RO         8910    x$fpl$deqf          fz_ws.l(deqf.o)
    0x0800a42c   0x0800a42c   0x0000002e   Code   RO         8606    x$fpl$dflt          fz_ws.l(dflt_clz.o)
    0x0800a45a   0x0800a45a   0x00000026   Code   RO         8605    x$fpl$dfltu         fz_ws.l(dflt_clz.o)
    0x0800a480   0x0800a480   0x00000154   Code   RO         8611    x$fpl$dmul          fz_ws.l(dmul.o)
    0x0800a5d4   0x0800a5d4   0x0000009c   Code   RO         8810    x$fpl$dnaninf       fz_ws.l(dnaninf.o)
    0x0800a670   0x0800a670   0x0000000c   Code   RO         8812    x$fpl$dretinf       fz_ws.l(dretinf.o)
    0x0800a67c   0x0800a67c   0x00000016   Code   RO         8803    x$fpl$drsb          fz_ws.l(daddsub_clz.o)
    0x0800a692   0x0800a692   0x00000002   PAD
    0x0800a694   0x0800a694   0x000001d4   Code   RO         8804    x$fpl$dsub          fz_ws.l(daddsub_clz.o)
    0x0800a868   0x0800a868   0x000000c4   Code   RO         8615    x$fpl$fadd          fz_ws.l(faddsub_clz.o)
    0x0800a92c   0x0800a92c   0x00000184   Code   RO         8622    x$fpl$fdiv          fz_ws.l(fdiv.o)
    0x0800aab0   0x0800aab0   0x00000036   Code   RO         8625    x$fpl$ffix          fz_ws.l(ffix.o)
    0x0800aae6   0x0800aae6   0x00000002   PAD
    0x0800aae8   0x0800aae8   0x0000003e   Code   RO         8629    x$fpl$ffixu         fz_ws.l(ffixu.o)
    0x0800ab26   0x0800ab26   0x00000002   PAD
    0x0800ab28   0x0800ab28   0x00000030   Code   RO         8634    x$fpl$fflt          fz_ws.l(fflt_clz.o)
    0x0800ab58   0x0800ab58   0x00000026   Code   RO         8633    x$fpl$ffltu         fz_ws.l(fflt_clz.o)
    0x0800ab7e   0x0800ab7e   0x00000002   PAD
    0x0800ab80   0x0800ab80   0x00000102   Code   RO         8639    x$fpl$fmul          fz_ws.l(fmul.o)
    0x0800ac82   0x0800ac82   0x0000008c   Code   RO         8816    x$fpl$fnaninf       fz_ws.l(fnaninf.o)
    0x0800ad0e   0x0800ad0e   0x0000000a   Code   RO         8818    x$fpl$fretinf       fz_ws.l(fretinf.o)
    0x0800ad18   0x0800ad18   0x00000014   Code   RO         8616    x$fpl$frsb          fz_ws.l(faddsub_clz.o)
    0x0800ad2c   0x0800ad2c   0x000000ea   Code   RO         8617    x$fpl$fsub          fz_ws.l(faddsub_clz.o)
    0x0800ae16   0x0800ae16   0x00000004   Code   RO         8820    x$fpl$printf1       fz_ws.l(printf1.o)
    0x0800ae1a   0x0800ae1a   0x00000004   Code   RO         8822    x$fpl$printf2       fz_ws.l(printf2.o)
    0x0800ae1e   0x0800ae1e   0x00000064   Code   RO         8916    x$fpl$retnan        fz_ws.l(retnan.o)
    0x0800ae82   0x0800ae82   0x0000005c   Code   RO         8641    x$fpl$scalbn        fz_ws.l(scalbn.o)
    0x0800aede   0x0800aede   0x00000030   Code   RO         8987    x$fpl$trapveneer    fz_ws.l(trapv.o)
    0x0800af0e   0x0800af0e   0x00000000   Code   RO         8828    x$fpl$usenofp       fz_ws.l(usenofp.o)
    0x0800af0e   0x0800af0e   0x00000012   Data   RO         1464    .constdata          stm32f1xx_hal_rcc.o
    0x0800af20   0x0800af20   0x00000012   Data   RO         1556    .constdata          stm32f1xx_hal_rcc_ex.o
    0x0800af32   0x0800af32   0x00000010   Data   RO         4249    .constdata          system_stm32f1xx.o
    0x0800af42   0x0800af42   0x00000008   Data   RO         4250    .constdata          system_stm32f1xx.o
    0x0800af4a   0x0800af4a   0x00000002   PAD
    0x0800af4c   0x0800af4c   0x0000003c   Data   RO         4381    .constdata          rs485bsp.o
    0x0800af88   0x0800af88   0x00000010   Data   RO         5107    .constdata          seat_belt_monitor.o
    0x0800af98   0x0800af98   0x00000334   Data   RO         5651    .constdata          pan_rf.o
    0x0800b2cc   0x0800b2cc   0x00000011   Data   RO         8575    .constdata          c_w.l(__printf_flags_ss_wp.o)
    0x0800b2dd   0x0800b2dd   0x00000003   PAD
    0x0800b2e0   0x0800b2e0   0x00000008   Data   RO         8702    .constdata          c_w.l(_printf_wctomb.o)
    0x0800b2e8   0x0800b2e8   0x00000028   Data   RO         8731    .constdata          c_w.l(_printf_hex_int_ll_ptr.o)
    0x0800b310   0x0800b310   0x00000038   Data   RO         8845    .constdata          m_ws.l(log.o)
    0x0800b348   0x0800b348   0x00000026   Data   RO         8891    .constdata          c_w.l(_printf_fp_hex.o)
    0x0800b36e   0x0800b36e   0x00000002   PAD
    0x0800b370   0x0800b370   0x00000008   Data   RO         8920    .constdata          m_ws.l(qnan.o)
    0x0800b378   0x0800b378   0x00000094   Data   RO         8940    .constdata          c_w.l(bigflt0.o)
    0x0800b40c   0x0800b40c   0x00000042   Data   RO         5232    .conststring        bus_slave_report.o
    0x0800b44e   0x0800b44e   0x00000002   PAD
    0x0800b450   0x0800b450   0x00000020   Data   RO         9054    Region$$Table       anon$$obj.o
    0x0800b470   0x0800b470   0x0000001c   Data   RO         8964    locale$$data        c_w.l(lc_numeric_c.o)
    0x0800b48c   0x0800b48c   0x00000110   Data   RO         8999    locale$$data        c_w.l(lc_ctype_c.o)


    Execution Region RW_IRAM1 (Exec base: 0x20000000, Load base: 0x0800b59c, Size: 0x000033f8, Max: 0x00005000, ABSOLUTE, COMPRESSED[0x000000a4])

    Exec Addr    Load Addr    Size         Type   Attr      Idx    E Section Name        Object

    0x20000000   COMPRESSED   0x00000001   Data   RW           18    .data               main.o
    0x20000001   COMPRESSED   0x00000001   Data   RW           19    .data               main.o
    0x20000002   COMPRESSED   0x00000002   PAD
    0x20000004   COMPRESSED   0x00000008   Data   RW          339    .data               crc.o
    0x2000000c   COMPRESSED   0x00000004   Data   RW          552    .data               custom_bus.o
    0x20000010   COMPRESSED   0x0000000c   Data   RW         1301    .data               stm32f1xx_hal.o
    0x2000001c   COMPRESSED   0x00000004   Data   RW         4251    .data               system_stm32f1xx.o
    0x20000020   COMPRESSED   0x000022a8   Data   RW         4382    .data               rs485bsp.o
    0x200022c8   COMPRESSED   0x00000008   Data   RW         4547    .data               bus_rand.o
    0x200022d0   COMPRESSED   0x00000001   Data   RW         4755    .data               app_st25dv.o
    0x200022d1   COMPRESSED   0x00000003   PAD
    0x200022d4   COMPRESSED   0x00000024   Data   RW         5018    .data               buzzer_led_drv.o
    0x200022f8   COMPRESSED   0x00000008   Data   RW         5108    .data               seat_belt_monitor.o
    0x20002300   COMPRESSED   0x0000002c   Data   RW         5444    .data               pan_port.o
    0x2000232c   COMPRESSED   0x00000008   Data   RW         5652    .data               pan_rf.o
    0x20002334        -       0x00000074   Zero   RW          297    .bss                adc.o
    0x200023a8        -       0x000000e0   Zero   RW          405    .bss                spi.o
    0x20002488        -       0x00000090   Zero   RW          448    .bss                tim.o
    0x20002518        -       0x000001a0   Zero   RW          496    .bss                usart.o
    0x200026b8        -       0x00000054   Zero   RW          551    .bss                custom_bus.o
    0x2000270c   COMPRESSED   0x00000004   PAD
    0x20002710        -       0x00000020   Zero   RW         2007    .bss                stm32f1xx_hal_flash.o
    0x20002730        -       0x00000014   Zero   RW         4615    .bss                flash_storage.o
    0x20002744        -       0x00000070   Zero   RW         4754    .bss                app_st25dv.o
    0x200027b4        -       0x00000028   Zero   RW         5106    .bss                seat_belt_monitor.o
    0x200027dc        -       0x00000050   Zero   RW         5231    .bss                bus_slave_report.o
    0x2000282c        -       0x00000048   Zero   RW         5349    .bss                bus_master_report.o
    0x20002874        -       0x00000524   Zero   RW         5650    .bss                pan_rf.o
    0x20002d98        -       0x00000060   Zero   RW         8856    .bss                c_w.l(libspace.o)
    0x20002df8        -       0x00000200   Zero   RW            2    HEAP                startup_stm32f103xb.o
    0x20002ff8        -       0x00000400   Zero   RW            1    STACK               startup_stm32f103xb.o


==============================================================================

Image component sizes


      Code (inc. data)   RO Data    RW Data    ZI Data      Debug   Object Name

       220         30          0          0        116       1775   adc.o
      1840        540          0          1        112      49810   app_st25dv.o
      1394        536          0          0         72      10141   bus_master_report.o
       256         32          0          8          0       3379   bus_rand.o
      2270        942         66          0         80      14398   bus_slave_report.o
       254         18          0         36          0       4826   buzzer_led_drv.o
        76         18          0          8          0       1527   crc.o
       420         62          0          4         84       5045   custom_bus.o
       140          4          0          0          0        822   dma.o
         0          0          0          0          0       4827   e290_demo.o
        14          0          0          0          0       1178   e290_hal.o
      1556         74          0          0         20      14491   flash_storage.o
       316         16          0          0          0       1051   gpio.o
       492         86          0          2          0     486729   main.o
       250         22          0         44          0      10828   pan_port.o
      3990        258        820          8       1316      40801   pan_rf.o
      1574         78         60       8872          0      15820   rs485bsp.o
      1018         96         16          8         40      12142   seat_belt_monitor.o
       288         30          0          0        224       1879   spi.o
       572         10          0          0          0      13674   st25dv.o
       154          0          0          0          0       4328   st25dv_reg.o
        64         26        236          0       1536        820   startup_stm32f103xb.o
       164         28          0         12          0       5965   stm32f1xx_hal.o
      1260         54          0          0          0       6588   stm32f1xx_hal_adc.o
       232         14          0          0          0      29689   stm32f1xx_hal_cortex.o
        72          0          0          0          0       1796   stm32f1xx_hal_crc.o
       904         44          0          0          0       6278   stm32f1xx_hal_dma.o
       392         46          0          0         32       4790   stm32f1xx_hal_flash.o
       240         26          0          0          0       3277   stm32f1xx_hal_flash_ex.o
       804         66          0          0          0       5128   stm32f1xx_hal_gpio.o
      2810         66          0          0          0      17327   stm32f1xx_hal_i2c.o
        60          8          0          0          0        890   stm32f1xx_hal_msp.o
      1240         84         18          0          0       5160   stm32f1xx_hal_rcc.o
       400         28         18          0          0       2489   stm32f1xx_hal_rcc_ex.o
      1152          8          0          0          0       6786   stm32f1xx_hal_spi.o
      1016         38          0          0          0      10642   stm32f1xx_hal_tim.o
       108         12          0          0          0       2433   stm32f1xx_hal_tim_ex.o
      2142         38          0          0          0      15335   stm32f1xx_hal_uart.o
       158         66          0          0          0       9326   stm32f1xx_it.o
         2          0         24          4          0       1143   system_stm32f1xx.o
       288         22          0          0        144       2387   tim.o
       620         58          0          0        416       3372   usart.o

    ----------------------------------------------------------------------
     31284       3584       1294       9012       4196     841092   Object Totals
         0          0         32          0          0          0   (incl. Generated)
        62          0          4          5          4          0   (incl. Padding)

    ----------------------------------------------------------------------

      Code (inc. data)   RO Data    RW Data    ZI Data      Debug   Library Member Name

        56          6          0          0          0         88   __2snprintf.o
        90          0          0          0          0          0   __dczerorl2.o
         8          0          0          0          0         68   __main.o
       392          4         17          0          0         92   __printf_flags_ss_wp.o
        14          0          0          0          0         68   __printf_wp.o
         0          0          0          0          0          0   __rtentry.o
        12          0          0          0          0          0   __rtentry2.o
         6          0          0          0          0          0   __rtentry4.o
        52          8          0          0          0          0   __scatter.o
        28          0          0          0          0          0   __scatter_zi.o
         6          0          0          0          0          0   _printf_a.o
         6          0          0          0          0          0   _printf_c.o
        44          0          0          0          0        108   _printf_char.o
        48          6          0          0          0         96   _printf_char_common.o
        40          0          0          0          0         68   _printf_charcount.o
         6          0          0          0          0          0   _printf_d.o
       120         16          0          0          0         92   _printf_dec.o
         6          0          0          0          0          0   _printf_e.o
         6          0          0          0          0          0   _printf_f.o
      1054          0          0          0          0        216   _printf_fp_dec.o
       764          8         38          0          0        100   _printf_fp_hex.o
       128         16          0          0          0         84   _printf_fp_infnan.o
         6          0          0          0          0          0   _printf_g.o
       148          4         40          0          0        160   _printf_hex_int_ll_ptr.o
         6          0          0          0          0          0   _printf_i.o
       178          0          0          0          0         88   _printf_intcommon.o
        10          0          0          0          0          0   _printf_l.o
         6          0          0          0          0          0   _printf_lc.o
        10          0          0          0          0          0   _printf_ll.o
         6          0          0          0          0          0   _printf_lld.o
         6          0          0          0          0          0   _printf_lli.o
         6          0          0          0          0          0   _printf_llo.o
         6          0          0          0          0          0   _printf_llu.o
         6          0          0          0          0          0   _printf_llx.o
       124         16          0          0          0         92   _printf_longlong_dec.o
         6          0          0          0          0          0   _printf_ls.o
         6          0          0          0          0          0   _printf_n.o
         6          0          0          0          0          0   _printf_o.o
       112         10          0          0          0        124   _printf_oct_int_ll.o
         6          0          0          0          0          0   _printf_p.o
        78          0          0          0          0        108   _printf_pad.o
         0          0          0          0          0          0   _printf_percent.o
         4          0          0          0          0          0   _printf_percent_end.o
         6          0          0          0          0          0   _printf_s.o
        82          0          0          0          0         80   _printf_str.o
        36          0          0          0          0         84   _printf_truncate.o
         6          0          0          0          0          0   _printf_u.o
        44          0          0          0          0        108   _printf_wchar.o
       188          6          8          0          0         92   _printf_wctomb.o
         6          0          0          0          0          0   _printf_x.o
        22          0          0          0          0        100   _rserrno.o
        16          0          0          0          0         68   _snputc.o
        10          0          0          0          0         68   _sputc.o
        64          0          0          0          0         92   _wcrtomb.o
        16          0          0          0          0         68   aeabi_memset.o
       228          4        148          0          0         96   bigflt0.o
      1936        128          0          0          0        672   btod.o
        10          0          0          0          0         68   defsig_exit.o
        50          0          0          0          0         88   defsig_general.o
        80         58          0          0          0         76   defsig_rtmem_inner.o
        14          0          0          0          0         80   defsig_rtmem_outer.o
        18          0          0          0          0         80   exit.o
        94          0          0          0          0         80   h1_alloc.o
        52          0          0          0          0         68   h1_extend.o
        78          0          0          0          0         80   h1_free.o
        14          0          0          0          0         84   h1_init.o
         6          0          0          0          0        152   heapauxi.o
         4          0          0          0          0        136   hguard.o
         0          0          0          0          0          0   indicate_semi.o
       138          0          0          0          0        168   init_alloc.o
        44         10        272          0          0         76   lc_ctype_c.o
        44         10         28          0          0         76   lc_numeric_c.o
         2          0          0          0          0          0   libinit.o
        38          0          0          0          0          0   libinit2.o
         2          0          0          0          0          0   libshutdown.o
         2          0          0          0          0          0   libshutdown2.o
         8          4          0          0         96         68   libspace.o
       138          0          0          0          0         80   lludiv10.o
        38          0          0          0          0         68   llushr.o
         0          0          0          0          0          0   maybetermalloc1.o
        16          4          0          0          0         76   rt_ctype_table.o
         8          4          0          0          0         68   rt_errno_addr_intlibspace.o
         8          4          0          0          0         68   rt_heap_descriptor_intlibspace.o
         8          4          0          0          0         68   rt_locale_intlibspace.o
        68          0          0          0          0         68   rt_memclr.o
        78          0          0          0          0         80   rt_memclr_w.o
       138          0          0          0          0         68   rt_memcpy_v6.o
       100          0          0          0          0         80   rt_memcpy_w.o
         2          0          0          0          0          0   rtexit.o
        10          0          0          0          0          0   rtexit2.o
       128          0          0          0          0         68   strcmpv7m.o
        12          4          0          0          0         68   sys_exit.o
        74          0          0          0          0         80   sys_stackheap_outer.o
        14          0          0          0          0         76   sys_wrch.o
         2          0          0          0          0         68   use_no_semi.o
        52          4          0          0          0         80   vsnprintf.o
        98          4          0          0          0         92   d2f.o
       826         16          0          0          0        348   daddsub_clz.o
        16          4          0          0          0         68   dcheck1.o
        24          0          0          0          0         68   dcmpi.o
       688        140          0          0          0        208   ddiv.o
       120          4          0          0          0         92   deqf.o
        84          0          0          0          0        136   dflt_clz.o
       340         12          0          0          0        104   dmul.o
       156          4          0          0          0         92   dnaninf.o
        12          0          0          0          0         68   dretinf.o
       450          8          0          0          0        236   faddsub_clz.o
       388         76          0          0          0         96   fdiv.o
        54          4          0          0          0         84   ffix.o
        62          4          0          0          0         84   ffixu.o
        86          0          0          0          0        136   fflt_clz.o
       258          4          0          0          0         84   fmul.o
       140          4          0          0          0         84   fnaninf.o
        10          0          0          0          0         68   fretinf.o
         4          0          0          0          0         68   printf1.o
         4          0          0          0          0         68   printf2.o
       100          0          0          0          0         68   retnan.o
        92          0          0          0          0         68   scalbn.o
        48          0          0          0          0         68   trapv.o
         0          0          0          0          0          0   usenofp.o
        34          4          0          0          0        204   dunder.o
        40          0          0          0          0         68   fpclassify.o
       860         52         56          0          0        256   log.o
       228         30          0          0          0        120   log10.o
       170          0          0          0          0         96   poly.o
         0          0          8          0          0          0   qnan.o

    ----------------------------------------------------------------------
     13294        708        620          0         96       8956   Library Totals
        28          0          5          0          0          0   (incl. Padding)

    ----------------------------------------------------------------------

      Code (inc. data)   RO Data    RW Data    ZI Data      Debug   Library Name

      7874        338        551          0         96       5724   c_w.l
      4060        284          0          0          0       2488   fz_ws.l
      1332         86         64          0          0        744   m_ws.l

    ----------------------------------------------------------------------
     13294        708        620          0         96       8956   Library Totals

    ----------------------------------------------------------------------

==============================================================================


      Code (inc. data)   RO Data    RW Data    ZI Data      Debug   

     44578       4292       1914       9012       4292     826072   Grand Totals
     44578       4292       1914        164       4292     826072   ELF Image Totals (compressed)
     44578       4292       1914        164          0          0   ROM Totals

==============================================================================

    Total RO  Size (Code + RO Data)                46492 (  45.40kB)
    Total RW  Size (RW Data + ZI Data)             13304 (  12.99kB)
    Total ROM Size (Code + RO Data + RW Data)      46656 (  45.56kB)

==============================================================================

