<html>
<body>
<pre>
<h1>µVision Build Log</h1>
<h2>Tool Versions:</h2>
IDE-Version: ¦ÌVision V5.43.1.0
Copyright (C) 2025 ARM Ltd and ARM Germany GmbH. All rights reserved.
License Information: asd d, sad, LIC=D0D7S-L3078-01SP1-CMEW7-ZFP85-MJITG
 
Tool Versions:
Toolchain:       MDK-ARM Plus  Version: 5.43.0.0
Toolchain Path:  C:\Users\InfiniteXD\AppData\Local\Keil_v5\ARM\ARMCC\Bin
C Compiler:      Armcc.exe V5.06 update 6 (build 750)
Assembler:       Armasm.exe V5.06 update 6 (build 750)
Linker/Locator:  ArmLink.exe V5.06 update 6 (build 750)
Library Manager: ArmAr.exe V5.06 update 6 (build 750)
Hex Converter:   FromElf.exe V5.06 update 6 (build 750)
CPU DLL:         SARMCM3.DLL V5.43.0.0
Dialog DLL:      DCM.DLL V1.17.5.0
Target DLL:      CMSIS_AGDI.dll V1.33.24.0
Dialog DLL:      TCM.DLL V1.56.6.0
 
<h2>Project:</h2>
C:\Users\InfiniteXD\Desktop\XD_Prc\cube_prj\BUS_SEAT_V0_0_3\MDK-ARM\BUS_SEAT_V0_0_3.uvprojx
Project File Date:  04/19/2026

<h2>Output:</h2>
*** Using Compiler 'V5.06 update 6 (build 750)', folder: 'C:\Users\InfiniteXD\AppData\Local\Keil_v5\ARM\ARMCC\Bin'
Build target 'BUS_SEAT_V0_0_3'
compiling seat_belt_monitor.c...
User\seat_belt_monitor.c(123): warning:  #177-D: function "SeatBeltMonitor_ResetAll"  was declared but never referenced
  static void SeatBeltMonitor_ResetAll(void)
User\seat_belt_monitor.c: 1 warning, 0 errors
linking...
Program Size: Code=39762 RO-data=1894 RW-data=136 ZI-data=8880  
FromELF: creating hex file...
"BUS_SEAT_V0_0_3\BUS_SEAT_V0_0_3.axf" - 0 Error(s), 1 Warning(s).

<h2>Software Packages used:</h2>

Package Vendor: ARM
                https://www.keil.com/pack/ARM.CMSIS.6.2.0.pack
                ARM::CMSIS@6.2.0
                CMSIS (Common Microcontroller Software Interface Standard)
   * Component: CORE Version: 6.1.1

Package Vendor: Keil
                https://www.keil.com/pack/Keil.STM32F1xx_DFP.2.4.1.pack
                Keil::STM32F1xx_DFP@2.4.1
                STMicroelectronics STM32F1 Series Device Support, Drivers and Examples

<h2>Collection of Component include folders:</h2>
  ./RTE/_BUS_SEAT_V0_0_3
  C:/Users/InfiniteXD/AppData/Local/Arm/Packs/ARM/CMSIS/6.2.0/CMSIS/Core/Include
  C:/Users/InfiniteXD/AppData/Local/Arm/Packs/Keil/STM32F1xx_DFP/2.4.1/Device/Include

<h2>Collection of Component Files used:</h2>

   * Component: ARM::CMSIS:CORE@6.1.1
      Include file:  CMSIS/Core/Include/tz_context.h
Build Time Elapsed:  00:00:01
</pre>
</body>
</html>
