Component: ARM Compiler 5.06 update 6 (build 750) Tool: armlink [4d35ed]

==============================================================================

Section Cross References

    startup_stm32f103xb.o(STACK) refers (Special) to heapauxi.o(.text) for __use_two_region_memory
    startup_stm32f103xb.o(HEAP) refers (Special) to heapauxi.o(.text) for __use_two_region_memory
    startup_stm32f103xb.o(RESET) refers (Special) to heapauxi.o(.text) for __use_two_region_memory
    startup_stm32f103xb.o(RESET) refers to startup_stm32f103xb.o(STACK) for __initial_sp
    startup_stm32f103xb.o(RESET) refers to startup_stm32f103xb.o(.text) for Reset_Handler
    startup_stm32f103xb.o(RESET) refers to stm32f1xx_it.o(i.NMI_Handler) for NMI_Handler
    startup_stm32f103xb.o(RESET) refers to stm32f1xx_it.o(i.HardFault_Handler) for HardFault_Handler
    startup_stm32f103xb.o(RESET) refers to stm32f1xx_it.o(i.MemManage_Handler) for MemManage_Handler
    startup_stm32f103xb.o(RESET) refers to stm32f1xx_it.o(i.BusFault_Handler) for BusFault_Handler
    startup_stm32f103xb.o(RESET) refers to stm32f1xx_it.o(i.UsageFault_Handler) for UsageFault_Handler
    startup_stm32f103xb.o(RESET) refers to stm32f1xx_it.o(i.SVC_Handler) for SVC_Handler
    startup_stm32f103xb.o(RESET) refers to stm32f1xx_it.o(i.DebugMon_Handler) for DebugMon_Handler
    startup_stm32f103xb.o(RESET) refers to stm32f1xx_it.o(i.PendSV_Handler) for PendSV_Handler
    startup_stm32f103xb.o(RESET) refers to stm32f1xx_it.o(i.SysTick_Handler) for SysTick_Handler
    startup_stm32f103xb.o(RESET) refers to stm32f1xx_it.o(i.EXTI2_IRQHandler) for EXTI2_IRQHandler
    startup_stm32f103xb.o(RESET) refers to stm32f1xx_it.o(i.DMA1_Channel1_IRQHandler) for DMA1_Channel1_IRQHandler
    startup_stm32f103xb.o(RESET) refers to stm32f1xx_it.o(i.DMA1_Channel2_IRQHandler) for DMA1_Channel2_IRQHandler
    startup_stm32f103xb.o(RESET) refers to stm32f1xx_it.o(i.DMA1_Channel3_IRQHandler) for DMA1_Channel3_IRQHandler
    startup_stm32f103xb.o(RESET) refers to stm32f1xx_it.o(i.DMA1_Channel4_IRQHandler) for DMA1_Channel4_IRQHandler
    startup_stm32f103xb.o(RESET) refers to stm32f1xx_it.o(i.DMA1_Channel5_IRQHandler) for DMA1_Channel5_IRQHandler
    startup_stm32f103xb.o(RESET) refers to stm32f1xx_it.o(i.DMA1_Channel6_IRQHandler) for DMA1_Channel6_IRQHandler
    startup_stm32f103xb.o(RESET) refers to stm32f1xx_it.o(i.DMA1_Channel7_IRQHandler) for DMA1_Channel7_IRQHandler
    startup_stm32f103xb.o(RESET) refers to stm32f1xx_it.o(i.TIM4_IRQHandler) for TIM4_IRQHandler
    startup_stm32f103xb.o(RESET) refers to stm32f1xx_it.o(i.SPI1_IRQHandler) for SPI1_IRQHandler
    startup_stm32f103xb.o(RESET) refers to stm32f1xx_it.o(i.USART1_IRQHandler) for USART1_IRQHandler
    startup_stm32f103xb.o(RESET) refers to stm32f1xx_it.o(i.USART2_IRQHandler) for USART2_IRQHandler
    startup_stm32f103xb.o(.text) refers (Special) to heapauxi.o(.text) for __use_two_region_memory
    startup_stm32f103xb.o(.text) refers to system_stm32f1xx.o(i.SystemInit) for SystemInit
    startup_stm32f103xb.o(.text) refers to __main.o(!!!main) for __main
    startup_stm32f103xb.o(.text) refers to startup_stm32f103xb.o(HEAP) for Heap_Mem
    startup_stm32f103xb.o(.text) refers to startup_stm32f103xb.o(STACK) for Stack_Mem
    main.o(i.HAL_TIM_PeriodElapsedCallback) refers to app_st25dv.o(i.nfc_task_in_tim) for nfc_task_in_tim
    main.o(i.HAL_TIM_PeriodElapsedCallback) refers to buzzer_led_drv.o(i.BuzzerLed_Tick10Hz) for BuzzerLed_Tick10Hz
    main.o(i.HAL_TIM_PeriodElapsedCallback) refers to seat_belt_monitor.o(i.SeatBeltMonitor_Tick10Hz) for SeatBeltMonitor_Tick10Hz
    main.o(i.SystemClock_Config) refers to rt_memclr_w.o(.text) for __aeabi_memclr4
    main.o(i.SystemClock_Config) refers to stm32f1xx_hal_rcc.o(i.HAL_RCC_OscConfig) for HAL_RCC_OscConfig
    main.o(i.SystemClock_Config) refers to stm32f1xx_hal_rcc.o(i.HAL_RCC_ClockConfig) for HAL_RCC_ClockConfig
    main.o(i.SystemClock_Config) refers to stm32f1xx_hal_rcc_ex.o(i.HAL_RCCEx_PeriphCLKConfig) for HAL_RCCEx_PeriphCLKConfig
    main.o(i.get_master_obj) refers to main.o(.bss) for .bss
    main.o(i.get_slave_obj) refers to main.o(.bss) for .bss
    main.o(i.main) refers to stm32f1xx_hal.o(i.HAL_Init) for HAL_Init
    main.o(i.main) refers to main.o(i.SystemClock_Config) for SystemClock_Config
    main.o(i.main) refers to gpio.o(i.MX_GPIO_Init) for MX_GPIO_Init
    main.o(i.main) refers to dma.o(i.MX_DMA_Init) for MX_DMA_Init
    main.o(i.main) refers to spi.o(i.MX_SPI1_Init) for MX_SPI1_Init
    main.o(i.main) refers to usart.o(i.MX_USART1_UART_Init) for MX_USART1_UART_Init
    main.o(i.main) refers to tim.o(i.MX_TIM2_Init) for MX_TIM2_Init
    main.o(i.main) refers to tim.o(i.MX_TIM4_Init) for MX_TIM4_Init
    main.o(i.main) refers to adc.o(i.MX_ADC1_Init) for MX_ADC1_Init
    main.o(i.main) refers to crc.o(i.MX_CRC_Init) for MX_CRC_Init
    main.o(i.main) refers to usart.o(i.MX_USART2_UART_Init) for MX_USART2_UART_Init
[...]
    rf_antenna_rx                            0x08007963   Thumb Code    22  pan_port.o(i.rf_antenna_rx)
    rf_antenna_tx                            0x08007979   Thumb Code    22  pan_port.o(i.rf_antenna_tx)
    rf_cad_on                                0x0800798f   Thumb Code   112  pan_rf.o(i.rf_cad_on)
    rf_clr_irq                               0x080079ff   Thumb Code    16  pan_rf.o(i.rf_clr_irq)
    rf_continous_tx_send_data                0x08007a11   Thumb Code    28  pan_rf.o(i.rf_continous_tx_send_data)
    rf_delay_ms                              0x08007a31   Thumb Code     4  pan_port.o(i.rf_delay_ms)
    rf_delay_us                              0x08007a35   Thumb Code     4  pan_port.o(i.rf_delay_us)
    rf_efuse_off                             0x08007a39   Thumb Code    20  pan_rf.o(i.rf_efuse_off)
    rf_efuse_on                              0x08007a4d   Thumb Code    20  pan_rf.o(i.rf_efuse_on)
    rf_efuse_read_encry_byte                 0x08007a61   Thumb Code    84  pan_rf.o(i.rf_efuse_read_encry_byte)
    rf_enter_continous_rx                    0x08007ab5   Thumb Code    38  pan_rf.o(i.rf_enter_continous_rx)
    rf_enter_continous_tx                    0x08007ae1   Thumb Code    24  pan_rf.o(i.rf_enter_continous_tx)
    rf_ft_calibr                             0x08007af9   Thumb Code   186  pan_rf.o(i.rf_ft_calibr)
    rf_get_bw                                0x08007bb3   Thumb Code    14  pan_rf.o(i.rf_get_bw)
    rf_get_chirp_time                        0x08007bc1   Thumb Code    42  pan_rf.o(i.rf_get_chirp_time)
    rf_get_irq                               0x08007bf5   Thumb Code    16  pan_rf.o(i.rf_get_irq)
    rf_get_plhd_len                          0x08007c05   Thumb Code    14  pan_rf.o(i.rf_get_plhd_len)
    rf_get_recv_flag                         0x08007c15   Thumb Code     6  pan_rf.o(i.rf_get_recv_flag)
    rf_get_rssi                              0x08007c21   Thumb Code    14  pan_rf.o(i.rf_get_rssi)
    rf_get_sf                                0x08007c2f   Thumb Code    14  pan_rf.o(i.rf_get_sf)
    rf_get_snr                               0x08007c3d   Thumb Code    88  pan_rf.o(i.rf_get_snr)
    rf_get_transmit_flag                     0x08007c99   Thumb Code     6  pan_rf.o(i.rf_get_transmit_flag)
    rf_init                                  0x08007ca5   Thumb Code   270  pan_rf.o(i.rf_init)
    rf_irq_process                           0x08007db9   Thumb Code   224  pan_rf.o(i.rf_irq_process)
    rf_plhd_receive                          0x08007ea9   Thumb Code    60  pan_rf.o(i.rf_plhd_receive)
    rf_read_fifo                             0x08007ee5   Thumb Code    50  pan_rf.o(i.rf_read_fifo)
    rf_read_freq                             0x08007f1d   Thumb Code    28  pan_rf.o(i.rf_read_freq)
    rf_read_reg                              0x08007f39   Thumb Code    42  pan_rf.o(i.rf_read_reg)
    rf_read_spec_page_reg                    0x08007f6d   Thumb Code    24  pan_rf.o(i.rf_read_spec_page_reg)
    rf_read_spec_page_regs                   0x08007f85   Thumb Code    64  pan_rf.o(i.rf_read_spec_page_regs)
    rf_recv_packet                           0x08007fc9   Thumb Code    28  pan_rf.o(i.rf_recv_packet)
    rf_refresh                               0x08007fe5   Thumb Code    44  pan_rf.o(i.rf_refresh)
    rf_reg_cfg                               0x08008011   Thumb Code    40  pan_rf.o(i.rf_reg_cfg)
    rf_reset_spec_page_reg_bits              0x0800803d   Thumb Code    28  pan_rf.o(i.rf_reset_spec_page_reg_bits)
    rf_send_packet                           0x08008059   Thumb Code    46  pan_rf.o(i.rf_send_packet)
    rf_set_agc                               0x08008087   Thumb Code    26  pan_rf.o(i.rf_set_agc)
    rf_set_bw                                0x080080a1   Thumb Code    74  pan_rf.o(i.rf_set_bw)
    rf_set_code_rate                         0x080080eb   Thumb Code    22  pan_rf.o(i.rf_set_code_rate)
    rf_set_crc                               0x08008101   Thumb Code    22  pan_rf.o(i.rf_set_crc)
    rf_set_dcdc_mode                         0x08008117   Thumb Code    22  pan_rf.o(i.rf_set_dcdc_mode)
    rf_set_default_para                      0x0800812d   Thumb Code    90  pan_rf.o(i.rf_set_default_para)
    rf_set_freq                              0x08008199   Thumb Code   306  pan_rf.o(i.rf_set_freq)
    rf_set_gpio_input                        0x080082e9   Thumb Code    38  pan_rf.o(i.rf_set_gpio_input)
    rf_set_gpio_output                       0x0800830f   Thumb Code    38  pan_rf.o(i.rf_set_gpio_output)
    rf_set_gpio_state                        0x08008335   Thumb Code    42  pan_rf.o(i.rf_set_gpio_state)
    rf_set_ldo_pa_off                        0x0800835f   Thumb Code    20  pan_rf.o(i.rf_set_ldo_pa_off)
    rf_set_ldr                               0x08008373   Thumb Code    22  pan_rf.o(i.rf_set_ldr)
    rf_set_lo_freq                           0x08008389   Thumb Code    30  pan_rf.o(i.rf_set_lo_freq)
    rf_set_mode                              0x080083a7   Thumb Code    18  pan_rf.o(i.rf_set_mode)
    rf_set_recv_flag                         0x080083b9   Thumb Code     6  pan_rf.o(i.rf_set_recv_flag)
    rf_set_rx_mode                           0x080083c5   Thumb Code    22  pan_rf.o(i.rf_set_rx_mode)
    rf_set_sf                                0x080083db   Thumb Code    48  pan_rf.o(i.rf_set_sf)
    rf_set_spec_page_reg_bits                0x0800840b   Thumb Code    28  pan_rf.o(i.rf_set_spec_page_reg_bits)
    rf_set_transmit_flag                     0x08008429   Thumb Code     6  pan_rf.o(i.rf_set_transmit_flag)
    rf_set_tx_mode                           0x08008435   Thumb Code    22  pan_rf.o(i.rf_set_tx_mode)
    rf_set_tx_power                          0x0800844d   Thumb Code   334  pan_rf.o(i.rf_set_tx_power)
    rf_should_turnon_ldr                     0x080085bd   Thumb Code    40  pan_rf.o(i.rf_should_turnon_ldr)
    rf_switch_page                           0x080085e5   Thumb Code    44  pan_rf.o(i.rf_switch_page)
    rf_tcxo_close                            0x08008611   Thumb Code     2  pan_port.o(i.rf_tcxo_close)
    rf_tcxo_init                             0x08008613   Thumb Code     2  pan_port.o(i.rf_tcxo_init)
    rf_write_fifo                            0x08008615   Thumb Code    52  pan_rf.o(i.rf_write_fifo)
    rf_write_reg                             0x0800864d   Thumb Code    66  pan_rf.o(i.rf_write_reg)
    rf_write_spec_page_reg                   0x08008699   Thumb Code    28  pan_rf.o(i.rf_write_spec_page_reg)
    rf_write_spec_page_reg_bits              0x080086b5   Thumb Code    64  pan_rf.o(i.rf_write_spec_page_reg_bits)
    rf_write_spec_page_regs                  0x080086f5   Thumb Code   130  pan_rf.o(i.rf_write_spec_page_regs)
    spi_cs_set_high                          0x080088b1   Thumb Code    10  pan_port.o(i.spi_cs_set_high)
    spi_cs_set_low                           0x080088c1   Thumb Code    10  pan_port.o(i.spi_cs_set_low)
    spi_readwritebyte                        0x080088d1   Thumb Code    28  pan_port.o(i.spi_readwritebyte)
    storage_crc32                            0x080088f1   Thumb Code   106  flash_storage.o(i.storage_crc32)
    storage_init                             0x08008985   Thumb Code     4  flash_storage.o(i.storage_init)
    storage_load_latest                      0x08008989   Thumb Code    68  flash_storage.o(i.storage_load_latest)
    storage_save                             0x08008a6d   Thumb Code    94  flash_storage.o(i.storage_save)
    _get_lc_numeric                          0x08008c41   Thumb Code    44  lc_numeric_c.o(locale$$code)
    _get_lc_ctype                            0x08008c6d   Thumb Code    44  lc_ctype_c.o(locale$$code)
    __aeabi_d2f                              0x08008c99   Thumb Code     0  d2f.o(x$fpl$d2f)
    _d2f                                     0x08008c99   Thumb Code    98  d2f.o(x$fpl$d2f)
    __aeabi_dadd                             0x08008cfd   Thumb Code     0  daddsub_clz.o(x$fpl$dadd)
    _dadd                                    0x08008cfd   Thumb Code   332  daddsub_clz.o(x$fpl$dadd)
    __fpl_dcheck_NaN1                        0x08008e4d   Thumb Code    10  dcheck1.o(x$fpl$dcheck1)
    __fpl_dcmp_Inf                           0x08008e5d   Thumb Code    24  dcmpi.o(x$fpl$dcmpinf)
    __aeabi_ddiv                             0x08008e75   Thumb Code     0  ddiv.o(x$fpl$ddiv)
    _ddiv                                    0x08008e75   Thumb Code   552  ddiv.o(x$fpl$ddiv)
    __aeabi_cdcmpeq                          0x08009125   Thumb Code     0  deqf.o(x$fpl$deqf)
    _dcmpeq                                  0x08009125   Thumb Code   120  deqf.o(x$fpl$deqf)
    __aeabi_i2d                              0x0800919d   Thumb Code     0  dflt_clz.o(x$fpl$dflt)
    _dflt                                    0x0800919d   Thumb Code    46  dflt_clz.o(x$fpl$dflt)
    __aeabi_ui2d                             0x080091cb   Thumb Code     0  dflt_clz.o(x$fpl$dfltu)
    _dfltu                                   0x080091cb   Thumb Code    38  dflt_clz.o(x$fpl$dfltu)
    __aeabi_dmul                             0x080091f1   Thumb Code     0  dmul.o(x$fpl$dmul)
    _dmul                                    0x080091f1   Thumb Code   332  dmul.o(x$fpl$dmul)
    __fpl_dnaninf                            0x08009345   Thumb Code   156  dnaninf.o(x$fpl$dnaninf)
    __fpl_dretinf                            0x080093e1   Thumb Code    12  dretinf.o(x$fpl$dretinf)
    __aeabi_drsub                            0x080093ed   Thumb Code     0  daddsub_clz.o(x$fpl$drsb)
    _drsb                                    0x080093ed   Thumb Code    22  daddsub_clz.o(x$fpl$drsb)
    __aeabi_dsub                             0x08009405   Thumb Code     0  daddsub_clz.o(x$fpl$dsub)
    _dsub                                    0x08009405   Thumb Code   464  daddsub_clz.o(x$fpl$dsub)
    __aeabi_fadd                             0x080095d9   Thumb Code     0  faddsub_clz.o(x$fpl$fadd)
    _fadd                                    0x080095d9   Thumb Code   196  faddsub_clz.o(x$fpl$fadd)
    __aeabi_fdiv                             0x0800969d   Thumb Code     0  fdiv.o(x$fpl$fdiv)
    _fdiv                                    0x0800969d   Thumb Code   384  fdiv.o(x$fpl$fdiv)
    __aeabi_f2iz                             0x08009821   Thumb Code     0  ffix.o(x$fpl$ffix)
    _ffix                                    0x08009821   Thumb Code    54  ffix.o(x$fpl$ffix)
    __aeabi_i2f                              0x08009859   Thumb Code     0  fflt_clz.o(x$fpl$fflt)
    _fflt                                    0x08009859   Thumb Code    48  fflt_clz.o(x$fpl$fflt)
    __aeabi_ui2f                             0x08009889   Thumb Code     0  fflt_clz.o(x$fpl$ffltu)
    _ffltu                                   0x08009889   Thumb Code    38  fflt_clz.o(x$fpl$ffltu)
    __aeabi_fmul                             0x080098b1   Thumb Code     0  fmul.o(x$fpl$fmul)
    _fmul                                    0x080098b1   Thumb Code   258  fmul.o(x$fpl$fmul)
    __fpl_fnaninf                            0x080099b3   Thumb Code   140  fnaninf.o(x$fpl$fnaninf)
    __fpl_fretinf                            0x08009a3f   Thumb Code    10  fretinf.o(x$fpl$fretinf)
    __aeabi_frsub                            0x08009a49   Thumb Code     0  faddsub_clz.o(x$fpl$frsb)
    _frsb                                    0x08009a49   Thumb Code    20  faddsub_clz.o(x$fpl$frsb)
    __aeabi_fsub                             0x08009a5d   Thumb Code     0  faddsub_clz.o(x$fpl$fsub)
    _fsub                                    0x08009a5d   Thumb Code   234  faddsub_clz.o(x$fpl$fsub)
    _printf_fp_dec                           0x08009b47   Thumb Code     4  printf1.o(x$fpl$printf1)
    _printf_fp_hex                           0x08009b4b   Thumb Code     4  printf2.o(x$fpl$printf2)
    __fpl_return_NaN                         0x08009b4f   Thumb Code   100  retnan.o(x$fpl$retnan)
    __ARM_scalbn                             0x08009bb3   Thumb Code    92  scalbn.o(x$fpl$scalbn)
    __fpl_cmpreturn                          0x08009c0f   Thumb Code    48  trapv.o(x$fpl$trapveneer)
    __I$use$fp                               0x08009c3e   Number         0  usenofp.o(x$fpl$usenofp)
    AHBPrescTable                            0x08009c62   Data          16  system_stm32f1xx.o(.constdata)
    APBPrescTable                            0x08009c72   Data           8  system_stm32f1xx.o(.constdata)
    reg_agc_freq400                          0x08009c7c   Data          40  pan_rf.o(.constdata)
    reg_agc_freq800                          0x08009ca4   Data          40  pan_rf.o(.constdata)
    power_ramp                               0x08009ccc   Data         352  pan_rf.o(.constdata)
    power_ramp_cfg                           0x08009e2c   Data          69  pan_rf.o(.constdata)
    g_reg_cfg                                0x08009e71   Data         141  pan_rf.o(.constdata)
    freq_table                               0x08009f00   Data         128  pan_rf.o(.constdata)
    freq_param_table                         0x08009f80   Data          16  pan_rf.o(.constdata)
    __mathlib_zero                           0x0800a058   Data           8  qnan.o(.constdata)
    Region$$Table$$Base                      0x0800a16c   Number         0  anon$$obj.o(Region$$Table)
    Region$$Table$$Limit                     0x0800a18c   Number         0  anon$$obj.o(Region$$Table)
    __ctype                                  0x0800a1b5   Data           0  lc_ctype_c.o(locale$$data)
    BUS_MASTER_DEF                           0x20000000   Data           1  main.o(.data)
    UART_DEBUG                               0x20000001   Data           1  main.o(.data)
    hcrc                                     0x20000004   Data           8  crc.o(.data)
    uwTickFreq                               0x20000010   Data           1  stm32f1xx_hal.o(.data)
    uwTickPrio                               0x20000014   Data           4  stm32f1xx_hal.o(.data)
    uwTick                                   0x20000018   Data           4  stm32f1xx_hal.o(.data)
    SystemCoreClock                          0x2000001c   Data           4  system_stm32f1xx.o(.data)
    Send_state                               0x20000022   Data           1  bus_master.o(.data)
    rf_port                                  0x20000054   Data          44  pan_port.o(.data)
    packet_received                          0x20000080   Data           4  pan_rf.o(.data)
    hadc1                                    0x20000d5c   Data          48  adc.o(.bss)
    hdma_adc1                                0x20000d8c   Data          68  adc.o(.bss)
    hspi1                                    0x20000dd0   Data          88  spi.o(.bss)
    hdma_spi1_rx                             0x20000e28   Data          68  spi.o(.bss)
    hdma_spi1_tx                             0x20000e6c   Data          68  spi.o(.bss)
    htim2                                    0x20000eb0   Data          72  tim.o(.bss)
    htim4                                    0x20000ef8   Data          72  tim.o(.bss)
    huart1                                   0x20000f40   Data          72  usart.o(.bss)
    huart2                                   0x20000f88   Data          72  usart.o(.bss)
    hdma_usart1_rx                           0x20000fd0   Data          68  usart.o(.bss)
    hdma_usart1_tx                           0x20001014   Data          68  usart.o(.bss)
    hdma_usart2_rx                           0x20001058   Data          68  usart.o(.bss)
    hdma_usart2_tx                           0x2000109c   Data          68  usart.o(.bss)
    hi2c2                                    0x200010e0   Data          84  custom_bus.o(.bss)
    pFlash                                   0x20001138   Data          32  stm32f1xx_hal_flash.o(.bss)
    slave_payload                            0x2000172c   Data          26  app_st25dv.o(.bss)
    master_payload                           0x20001746   Data          45  app_st25dv.o(.bss)
    RxDoneParams                             0x200017b4   Data        1316  pan_rf.o(.bss)
    __libspace_start                         0x20001cd8   Data          96  libspace.o(.bss)
    __temporary_stack_top$libspace           0x20001d38   Data           0  libspace.o(.bss)



==============================================================================

Memory Map of the image

  Image Entry point : 0x080000ed

  Load Region LR_IROM1 (Base: 0x08000000, Size: 0x0000a340, Max: 0x00020000, ABSOLUTE)

    Execution Region ER_IROM1 (Exec base: 0x08000000, Load base: 0x08000000, Size: 0x0000a2b8, Max: 0x00020000, ABSOLUTE)

    Exec Addr    Load Addr    Size         Type   Attr      Idx    E Section Name        Object

    0x08000000   0x08000000   0x000000ec   Data   RO            3    RESET               startup_stm32f103xb.o
    0x080000ec   0x080000ec   0x00000008   Code   RO         8355  * !!!main             c_w.l(__main.o)
    0x080000f4   0x080000f4   0x00000034   Code   RO         8814    !!!scatter          c_w.l(__scatter.o)
    0x08000128   0x08000128   0x0000001a   Code   RO         8816    !!handler_copy      c_w.l(__scatter_copy.o)
    0x08000142   0x08000142   0x00000002   PAD
    0x08000144   0x08000144   0x0000001c   Code   RO         8818    !!handler_zi        c_w.l(__scatter_zi.o)
    0x08000160   0x08000160   0x00000000   Code   RO         8336    .ARM.Collect$$_printf_percent$$00000000  c_w.l(_printf_percent.o)
    0x08000160   0x08000160   0x00000006   Code   RO         8493    .ARM.Collect$$_printf_percent$$00000001  c_w.l(_printf_n.o)
    0x08000166   0x08000166   0x00000006   Code   RO         8495    .ARM.Collect$$_printf_percent$$00000002  c_w.l(_printf_p.o)
    0x0800016c   0x0800016c   0x00000006   Code   RO         8499    .ARM.Collect$$_printf_percent$$00000003  c_w.l(_printf_f.o)
    0x08000172   0x08000172   0x00000006   Code   RO         8500    .ARM.Collect$$_printf_percent$$00000004  c_w.l(_printf_e.o)
    0x08000178   0x08000178   0x00000006   Code   RO         8501    .ARM.Collect$$_printf_percent$$00000005  c_w.l(_printf_g.o)
    0x0800017e   0x0800017e   0x00000006   Code   RO         8502    .ARM.Collect$$_printf_percent$$00000006  c_w.l(_printf_a.o)
    0x08000184   0x08000184   0x0000000a   Code   RO         8507    .ARM.Collect$$_printf_percent$$00000007  c_w.l(_printf_ll.o)
    0x0800018e   0x0800018e   0x00000006   Code   RO         8497    .ARM.Collect$$_printf_percent$$00000008  c_w.l(_printf_i.o)
    0x08000194   0x08000194   0x00000006   Code   RO         8498    .ARM.Collect$$_printf_percent$$00000009  c_w.l(_printf_d.o)
    0x0800019a   0x0800019a   0x00000006   Code   RO         8335    .ARM.Collect$$_printf_percent$$0000000A  c_w.l(_printf_u.o)
    0x080001a0   0x080001a0   0x00000006   Code   RO         8496    .ARM.Collect$$_printf_percent$$0000000B  c_w.l(_printf_o.o)
    0x080001a6   0x080001a6   0x00000006   Code   RO         8494    .ARM.Collect$$_printf_percent$$0000000C  c_w.l(_printf_x.o)
    0x080001ac   0x080001ac   0x00000006   Code   RO         8504    .ARM.Collect$$_printf_percent$$0000000D  c_w.l(_printf_lli.o)
    0x080001b2   0x080001b2   0x00000006   Code   RO         8505    .ARM.Collect$$_printf_percent$$0000000E  c_w.l(_printf_lld.o)
    0x080001b8   0x080001b8   0x00000006   Code   RO         8506    .ARM.Collect$$_printf_percent$$0000000F  c_w.l(_printf_llu.o)
    0x080001be   0x080001be   0x00000006   Code   RO         8511    .ARM.Collect$$_printf_percent$$00000010  c_w.l(_printf_llo.o)
    0x080001c4   0x080001c4   0x00000006   Code   RO         8512    .ARM.Collect$$_printf_percent$$00000011  c_w.l(_printf_llx.o)
    0x080001ca   0x080001ca   0x0000000a   Code   RO         8508    .ARM.Collect$$_printf_percent$$00000012  c_w.l(_printf_l.o)
    0x080001d4   0x080001d4   0x00000006   Code   RO         8491    .ARM.Collect$$_printf_percent$$00000013  c_w.l(_printf_c.o)
    0x080001da   0x080001da   0x00000006   Code   RO         8492    .ARM.Collect$$_printf_percent$$00000014  c_w.l(_printf_s.o)
    0x080001e0   0x080001e0   0x00000006   Code   RO         8509    .ARM.Collect$$_printf_percent$$00000015  c_w.l(_printf_lc.o)
    0x080001e6   0x080001e6   0x00000006   Code   RO         8510    .ARM.Collect$$_printf_percent$$00000016  c_w.l(_printf_ls.o)
    0x080001ec   0x080001ec   0x00000004   Code   RO         8503    .ARM.Collect$$_printf_percent$$00000017  c_w.l(_printf_percent_end.o)
    0x080001f0   0x080001f0   0x00000002   Code   RO         8740    .ARM.Collect$$libinit$$00000000  c_w.l(libinit.o)
    0x080001f2   0x080001f2   0x00000000   Code   RO         8516    .ARM.Collect$$libinit$$00000002  c_w.l(libinit2.o)
    0x080001f2   0x080001f2   0x00000000   Code   RO         8518    .ARM.Collect$$libinit$$00000004  c_w.l(libinit2.o)
    0x080001f2   0x080001f2   0x00000008   Code   RO         8519    .ARM.Collect$$libinit$$00000005  c_w.l(libinit2.o)
    0x080001fa   0x080001fa   0x00000000   Code   RO         8521    .ARM.Collect$$libinit$$0000000A  c_w.l(libinit2.o)
    0x080001fa   0x080001fa   0x00000000   Code   RO         8523    .ARM.Collect$$libinit$$0000000C  c_w.l(libinit2.o)
    0x080001fa   0x080001fa   0x00000000   Code   RO         8525    .ARM.Collect$$libinit$$0000000E  c_w.l(libinit2.o)
    0x080001fa   0x080001fa   0x00000006   Code   RO         8526    .ARM.Collect$$libinit$$0000000F  c_w.l(libinit2.o)
    0x08000200   0x08000200   0x00000000   Code   RO         8528    .ARM.Collect$$libinit$$00000011  c_w.l(libinit2.o)
    0x08000200   0x08000200   0x0000000c   Code   RO         8529    .ARM.Collect$$libinit$$00000012  c_w.l(libinit2.o)
    0x0800020c   0x0800020c   0x00000000   Code   RO         8530    .ARM.Collect$$libinit$$00000013  c_w.l(libinit2.o)
    0x0800020c   0x0800020c   0x00000000   Code   RO         8532    .ARM.Collect$$libinit$$00000015  c_w.l(libinit2.o)
    0x0800020c   0x0800020c   0x0000000a   Code   RO         8533    .ARM.Collect$$libinit$$00000016  c_w.l(libinit2.o)
    0x08000216   0x08000216   0x00000000   Code   RO         8534    .ARM.Collect$$libinit$$00000017  c_w.l(libinit2.o)
    0x08000216   0x08000216   0x00000000   Code   RO         8536    .ARM.Collect$$libinit$$00000019  c_w.l(libinit2.o)
    0x08000216   0x08000216   0x00000000   Code   RO         8538    .ARM.Collect$$libinit$$0000001B  c_w.l(libinit2.o)
    0x08000216   0x08000216   0x00000000   Code   RO         8540    .ARM.Collect$$libinit$$0000001D  c_w.l(libinit2.o)
    0x08000216   0x08000216   0x00000000   Code   RO         8542    .ARM.Collect$$libinit$$0000001F  c_w.l(libinit2.o)
    0x08000216   0x08000216   0x00000000   Code   RO         8544    .ARM.Collect$$libinit$$00000021  c_w.l(libinit2.o)
    0x08000216   0x08000216   0x00000000   Code   RO         8546    .ARM.Collect$$libinit$$00000023  c_w.l(libinit2.o)
    0x08000216   0x08000216   0x00000000   Code   RO         8548    .ARM.Collect$$libinit$$00000025  c_w.l(libinit2.o)
    0x08000216   0x08000216   0x00000000   Code   RO         8552    .ARM.Collect$$libinit$$0000002C  c_w.l(libinit2.o)
    0x08000216   0x08000216   0x00000000   Code   RO         8554    .ARM.Collect$$libinit$$0000002E  c_w.l(libinit2.o)
    0x08000216   0x08000216   0x00000000   Code   RO         8556    .ARM.Collect$$libinit$$00000030  c_w.l(libinit2.o)
    0x08000216   0x08000216   0x00000000   Code   RO         8558    .ARM.Collect$$libinit$$00000032  c_w.l(libinit2.o)
    0x08000216   0x08000216   0x00000002   Code   RO         8559    .ARM.Collect$$libinit$$00000033  c_w.l(libinit2.o)
    0x08000218   0x08000218   0x00000002   Code   RO         8811    .ARM.Collect$$libshutdown$$00000000  c_w.l(libshutdown.o)
    0x0800021a   0x0800021a   0x00000000   Code   RO         8767    .ARM.Collect$$libshutdown$$00000002  c_w.l(libshutdown2.o)
    0x0800021a   0x0800021a   0x00000000   Code   RO         8769    .ARM.Collect$$libshutdown$$00000004  c_w.l(libshutdown2.o)
    0x0800021a   0x0800021a   0x00000000   Code   RO         8772    .ARM.Collect$$libshutdown$$00000007  c_w.l(libshutdown2.o)
    0x0800021a   0x0800021a   0x00000000   Code   RO         8775    .ARM.Collect$$libshutdown$$0000000A  c_w.l(libshutdown2.o)
    0x0800021a   0x0800021a   0x00000000   Code   RO         8777    .ARM.Collect$$libshutdown$$0000000C  c_w.l(libshutdown2.o)
    0x0800021a   0x0800021a   0x00000000   Code   RO         8780    .ARM.Collect$$libshutdown$$0000000F  c_w.l(libshutdown2.o)
    0x0800021a   0x0800021a   0x00000002   Code   RO         8781    .ARM.Collect$$libshutdown$$00000010  c_w.l(libshutdown2.o)
    0x0800021c   0x0800021c   0x00000000   Code   RO         8415    .ARM.Collect$$rtentry$$00000000  c_w.l(__rtentry.o)
    0x0800021c   0x0800021c   0x00000000   Code   RO         8617    .ARM.Collect$$rtentry$$00000002  c_w.l(__rtentry2.o)
    0x0800021c   0x0800021c   0x00000006   Code   RO         8629    .ARM.Collect$$rtentry$$00000004  c_w.l(__rtentry4.o)
    0x08000222   0x08000222   0x00000000   Code   RO         8619    .ARM.Collect$$rtentry$$00000009  c_w.l(__rtentry2.o)
    0x08000222   0x08000222   0x00000004   Code   RO         8620    .ARM.Collect$$rtentry$$0000000A  c_w.l(__rtentry2.o)
    0x08000226   0x08000226   0x00000000   Code   RO         8622    .ARM.Collect$$rtentry$$0000000C  c_w.l(__rtentry2.o)
    0x08000226   0x08000226   0x00000008   Code   RO         8623    .ARM.Collect$$rtentry$$0000000D  c_w.l(__rtentry2.o)
    0x0800022e   0x0800022e   0x00000002   Code   RO         8751    .ARM.Collect$$rtexit$$00000000  c_w.l(rtexit.o)
    0x08000230   0x08000230   0x00000000   Code   RO         8785    .ARM.Collect$$rtexit$$00000002  c_w.l(rtexit2.o)
    0x08000230   0x08000230   0x00000004   Code   RO         8786    .ARM.Collect$$rtexit$$00000003  c_w.l(rtexit2.o)
    0x08000234   0x08000234   0x00000006   Code   RO         8787    .ARM.Collect$$rtexit$$00000004  c_w.l(rtexit2.o)
    0x0800023a   0x0800023a   0x00000002   PAD
    0x0800023c   0x0800023c   0x00000000   Code   RO         8638    .emb_text           c_w.l(maybetermalloc1.o)
    0x0800023c   0x0800023c   0x00000040   Code   RO            4    .text               startup_stm32f103xb.o
    0x0800027c   0x0800027c   0x0000005e   Code   RO         8245    .text               c_w.l(h1_alloc.o)
    0x080002da   0x080002da   0x0000004e   Code   RO         8247    .text               c_w.l(h1_free.o)
    0x08000328   0x08000328   0x00000026   Code   RO         8303    .text               c_w.l(llushr.o)
    0x0800034e   0x0800034e   0x00000002   PAD
    0x08000350   0x08000350   0x00000034   Code   RO         8305    .text               c_w.l(vsnprintf.o)
    0x08000384   0x08000384   0x00000038   Code   RO         8307    .text               c_w.l(__2snprintf.o)
    0x080003bc   0x080003bc   0x00000078   Code   RO         8313    .text               c_w.l(_printf_dec.o)
    0x08000434   0x08000434   0x00000188   Code   RO         8332    .text               c_w.l(__printf_flags_ss_wp.o)
    0x080005bc   0x080005bc   0x0000008a   Code   RO         8343    .text               c_w.l(rt_memcpy_v6.o)
    0x08000646   0x08000646   0x00000064   Code   RO         8345    .text               c_w.l(rt_memcpy_w.o)
    0x080006aa   0x080006aa   0x00000010   Code   RO         8347    .text               c_w.l(aeabi_memset.o)
    0x080006ba   0x080006ba   0x00000044   Code   RO         8349    .text               c_w.l(rt_memclr.o)
    0x080006fe   0x080006fe   0x0000004e   Code   RO         8351    .text               c_w.l(rt_memclr_w.o)
    0x0800074c   0x0800074c   0x00000006   Code   RO         8353    .text               c_w.l(heapauxi.o)
    0x08000752   0x08000752   0x00000002   PAD
    0x08000754   0x08000754   0x00000008   Code   RO         8419    .text               c_w.l(rt_heap_descriptor_intlibspace.o)
    0x0800075c   0x0800075c   0x00000004   Code   RO         8421    .text               c_w.l(hguard.o)
    0x08000760   0x08000760   0x0000008a   Code   RO         8423    .text               c_w.l(init_alloc.o)
    0x080007ea   0x080007ea   0x0000000e   Code   RO         8427    .text               c_w.l(h1_init.o)
    0x080007f8   0x080007f8   0x00000016   Code   RO         8441    .text               c_w.l(_rserrno.o)
    0x0800080e   0x0800080e   0x0000004e   Code   RO         8443    .text               c_w.l(_printf_pad.o)
    0x0800085c   0x0800085c   0x00000024   Code   RO         8445    .text               c_w.l(_printf_truncate.o)
    0x08000880   0x08000880   0x00000052   Code   RO         8447    .text               c_w.l(_printf_str.o)
    0x080008d2   0x080008d2   0x000000b2   Code   RO         8449    .text               c_w.l(_printf_intcommon.o)
    0x08000984   0x08000984   0x00000028   Code   RO         8451    .text               c_w.l(_printf_charcount.o)
    0x080009ac   0x080009ac   0x00000030   Code   RO         8453    .text               c_w.l(_printf_char_common.o)
    0x080009dc   0x080009dc   0x0000000a   Code   RO         8455    .text               c_w.l(_sputc.o)
    0x080009e6   0x080009e6   0x00000010   Code   RO         8457    .text               c_w.l(_snputc.o)
    0x080009f6   0x080009f6   0x00000002   PAD
    0x080009f8   0x080009f8   0x000000bc   Code   RO         8459    .text               c_w.l(_printf_wctomb.o)
    0x08000ab4   0x08000ab4   0x0000007c   Code   RO         8462    .text               c_w.l(_printf_longlong_dec.o)
    0x08000b30   0x08000b30   0x00000070   Code   RO         8468    .text               c_w.l(_printf_oct_int_ll.o)
    0x08000ba0   0x08000ba0   0x00000094   Code   RO         8488    .text               c_w.l(_printf_hex_int_ll_ptr.o)
    0x08000c34   0x08000c34   0x00000008   Code   RO         8613    .text               c_w.l(libspace.o)
    0x08000c3c   0x08000c3c   0x00000008   Code   RO         8634    .text               c_w.l(rt_errno_addr_intlibspace.o)
    0x08000c44   0x08000c44   0x00000034   Code   RO         8640    .text               c_w.l(h1_extend.o)
    0x08000c78   0x08000c78   0x0000008a   Code   RO         8644    .text               c_w.l(lludiv10.o)
    0x08000d02   0x08000d02   0x0000041e   Code   RO         8646    .text               c_w.l(_printf_fp_dec.o)
    0x08001120   0x08001120   0x000002fc   Code   RO         8648    .text               c_w.l(_printf_fp_hex.o)
    0x0800141c   0x0800141c   0x0000002c   Code   RO         8653    .text               c_w.l(_printf_char.o)
    0x08001448   0x08001448   0x0000002c   Code   RO         8655    .text               c_w.l(_printf_wchar.o)
    0x08001474   0x08001474   0x00000040   Code   RO         8657    .text               c_w.l(_wcrtomb.o)
    0x080014b4   0x080014b4   0x0000000e   Code   RO         8659    .text               c_w.l(defsig_rtmem_outer.o)
    0x080014c2   0x080014c2   0x00000002   Code   RO         8679    .text               c_w.l(use_no_semi.o)
    0x080014c4   0x080014c4   0x00000000   Code   RO         8681    .text               c_w.l(indicate_semi.o)
    0x080014c4   0x080014c4   0x0000004a   Code   RO         8682    .text               c_w.l(sys_stackheap_outer.o)
    0x0800150e   0x0800150e   0x00000002   PAD
    0x08001510   0x08001510   0x00000010   Code   RO         8684    .text               c_w.l(rt_ctype_table.o)
    0x08001520   0x08001520   0x00000008   Code   RO         8691    .text               c_w.l(rt_locale_intlibspace.o)
    0x08001528   0x08001528   0x00000080   Code   RO         8695    .text               c_w.l(_printf_fp_infnan.o)
    0x080015a8   0x080015a8   0x000000e4   Code   RO         8697    .text               c_w.l(bigflt0.o)
    0x0800168c   0x0800168c   0x00000012   Code   RO         8725    .text               c_w.l(exit.o)
    0x0800169e   0x0800169e   0x0000000a   Code   RO         8727    .text               c_w.l(defsig_exit.o)
    0x080016a8   0x080016a8   0x00000050   Code   RO         8729    .text               c_w.l(defsig_rtmem_inner.o)
    0x080016f8   0x080016f8   0x0000000c   Code   RO         8749    .text               c_w.l(sys_exit.o)
    0x08001704   0x08001704   0x00000032   Code   RO         8762    .text               c_w.l(defsig_general.o)
    0x08001736   0x08001736   0x00000002   PAD
    0x08001738   0x08001738   0x00000080   Code   RO         8764    .text               c_w.l(strcmpv7m.o)
    0x080017b8   0x080017b8   0x0000000e   Code   RO         8782    .text               c_w.l(sys_wrch.o)
    0x080017c6   0x080017c6   0x0000003e   Code   RO         8700    CL$$btod_d2e        c_w.l(btod.o)
    0x08001804   0x08001804   0x00000046   Code   RO         8702    CL$$btod_d2e_denorm_low  c_w.l(btod.o)
    0x0800184a   0x0800184a   0x00000060   Code   RO         8701    CL$$btod_d2e_norm_op1  c_w.l(btod.o)
    0x080018aa   0x080018aa   0x00000338   Code   RO         8710    CL$$btod_div_common  c_w.l(btod.o)
    0x08001be2   0x08001be2   0x000000dc   Code   RO         8707    CL$$btod_e2e        c_w.l(btod.o)
    0x08001cbe   0x08001cbe   0x0000002a   Code   RO         8704    CL$$btod_ediv       c_w.l(btod.o)
    0x08001ce8   0x08001ce8   0x0000002a   Code   RO         8703    CL$$btod_emul       c_w.l(btod.o)
    0x08001d12   0x08001d12   0x00000244   Code   RO         8709    CL$$btod_mult_common  c_w.l(btod.o)
    0x08001f56   0x08001f56   0x00000002   PAD
    0x08001f58   0x08001f58   0x00000056   Code   RO         2268    i.ADC_ConversionStop_Disable  stm32f1xx_hal_adc.o
    0x08001fae   0x08001fae   0x00000002   PAD
    0x08001fb0   0x08001fb0   0x0000007c   Code   RO         2272    i.ADC_Enable        stm32f1xx_hal_adc.o
    0x0800202c   0x0800202c   0x00000004   Code   RO         4814    i.APP_ST25DV_BusDeInit  app_st25dv.o
    0x08002030   0x08002030   0x00000004   Code   RO         4815    i.APP_ST25DV_BusInit  app_st25dv.o
    0x08002034   0x08002034   0x00000004   Code   RO         4816    i.APP_ST25DV_BusIsReady  app_st25dv.o
    0x08002038   0x08002038   0x00000004   Code   RO         4817    i.APP_ST25DV_BusRead  app_st25dv.o
    0x0800203c   0x0800203c   0x00000004   Code   RO         4818    i.APP_ST25DV_BusWrite  app_st25dv.o
    0x08002040   0x08002040   0x00000014   Code   RO         4819    i.APP_ST25DV_CheckReady  app_st25dv.o
    0x08002054   0x08002054   0x000000dc   Code   RO         4820    i.APP_ST25DV_ConfigPollEvents  app_st25dv.o
    0x08002130   0x08002130   0x0000000a   Code   RO         4822    i.APP_ST25DV_FromDrvStatus  app_st25dv.o
    0x0800213a   0x0800213a   0x00000004   Code   RO         4824    i.APP_ST25DV_GetTickWrapper  app_st25dv.o
    0x0800213e   0x0800213e   0x00000002   PAD
    0x08002140   0x08002140   0x00000078   Code   RO         4825    i.APP_ST25DV_Init   app_st25dv.o
    0x080021b8   0x080021b8   0x00000038   Code   RO         4829    i.APP_ST25DV_ReadBytes  app_st25dv.o
    0x080021f0   0x080021f0   0x00000038   Code   RO         4836    i.APP_ST25DV_WriteBytes  app_st25dv.o
    0x08002228   0x08002228   0x00000140   Code   RO         4838    i.APP_pragma_init   app_st25dv.o
    0x08002368   0x08002368   0x00000004   Code   RO          555    i.BSP_GetTick       custom_bus.o
    0x0800236c   0x0800236c   0x0000004c   Code   RO          556    i.BSP_I2C2_DeInit   custom_bus.o
    0x080023b8   0x080023b8   0x00000094   Code   RO          557    i.BSP_I2C2_Init     custom_bus.o
    0x0800244c   0x0800244c   0x00000020   Code   RO          558    i.BSP_I2C2_IsReady  custom_bus.o
    0x0800246c   0x0800246c   0x00000038   Code   RO          560    i.BSP_I2C2_ReadReg16  custom_bus.o
    0x080024a4   0x080024a4   0x00000034   Code   RO          564    i.BSP_I2C2_WriteReg16  custom_bus.o
    0x080024d8   0x080024d8   0x00000002   Code   RO          646    i.BusFault_Handler  stm32f1xx_it.o
    0x080024da   0x080024da   0x00000010   Code   RO         5070    i.BuzzerLed_ApplyOutput  buzzer_led_drv.o
    0x080024ea   0x080024ea   0x00000002   PAD
    0x080024ec   0x080024ec   0x0000001c   Code   RO         5071    i.BuzzerLed_GetMode  buzzer_led_drv.o
    0x08002508   0x08002508   0x0000002c   Code   RO         5072    i.BuzzerLed_Init    buzzer_led_drv.o
    0x08002534   0x08002534   0x00000024   Code   RO         5075    i.BuzzerLed_SetMode  buzzer_led_drv.o
    0x08002558   0x08002558   0x00000024   Code   RO         5076    i.BuzzerLed_Tick10Hz  buzzer_led_drv.o
    0x0800257c   0x0800257c   0x0000005a   Code   RO         5078    i.BuzzerLed_UpdateOne  buzzer_led_drv.o
    0x080025d6   0x080025d6   0x00000020   Code   RO         5079    i.BuzzerLed_WriteRaw  buzzer_led_drv.o
    0x080025f6   0x080025f6   0x00000002   PAD
    0x080025f8   0x080025f8   0x0000000c   Code   RO          647    i.DMA1_Channel1_IRQHandler  stm32f1xx_it.o
    0x08002604   0x08002604   0x0000000c   Code   RO          648    i.DMA1_Channel2_IRQHandler  stm32f1xx_it.o
    0x08002610   0x08002610   0x0000000c   Code   RO          649    i.DMA1_Channel3_IRQHandler  stm32f1xx_it.o
    0x0800261c   0x0800261c   0x0000000c   Code   RO          650    i.DMA1_Channel4_IRQHandler  stm32f1xx_it.o
    0x08002628   0x08002628   0x0000000c   Code   RO          651    i.DMA1_Channel5_IRQHandler  stm32f1xx_it.o
    0x08002634   0x08002634   0x0000000c   Code   RO          652    i.DMA1_Channel6_IRQHandler  stm32f1xx_it.o
    0x08002640   0x08002640   0x0000000c   Code   RO          653    i.DMA1_Channel7_IRQHandler  stm32f1xx_it.o
    0x0800264c   0x0800264c   0x0000002a   Code   RO         1671    i.DMA_SetConfig     stm32f1xx_hal_dma.o
    0x08002676   0x08002676   0x00000002   Code   RO          654    i.DebugMon_Handler  stm32f1xx_it.o
    0x08002678   0x08002678   0x00000006   Code   RO          655    i.EXTI2_IRQHandler  stm32f1xx_it.o
    0x0800267e   0x0800267e   0x00000004   Code   RO           13    i.Error_Handler     main.o
    0x08002682   0x08002682   0x00000002   PAD
    0x08002684   0x08002684   0x00000024   Code   RO         2111    i.FLASH_MassErase   stm32f1xx_hal_flash_ex.o
    0x080026a8   0x080026a8   0x00000024   Code   RO         2116    i.FLASH_PageErase   stm32f1xx_hal_flash_ex.o
    0x080026cc   0x080026cc   0x0000001c   Code   RO         2008    i.FLASH_Program_HalfWord  stm32f1xx_hal_flash.o
    0x080026e8   0x080026e8   0x0000005c   Code   RO         2009    i.FLASH_SetErrorCode  stm32f1xx_hal_flash.o
    0x08002744   0x08002744   0x00000054   Code   RO         2010    i.FLASH_WaitForLastOperation  stm32f1xx_hal_flash.o
    0x08002798   0x08002798   0x000000fc   Code   RO         2274    i.HAL_ADC_ConfigChannel  stm32f1xx_hal_adc.o
    0x08002894   0x08002894   0x00000006   Code   RO         2281    i.HAL_ADC_GetValue  stm32f1xx_hal_adc.o
    0x0800289a   0x0800289a   0x00000002   PAD
    0x0800289c   0x0800289c   0x0000011c   Code   RO         2283    i.HAL_ADC_Init      stm32f1xx_hal_adc.o
    0x080029b8   0x080029b8   0x0000008c   Code   RO          310    i.HAL_ADC_MspInit   adc.o
    0x08002a44   0x08002a44   0x0000013c   Code   RO         2287    i.HAL_ADC_PollForConversion  stm32f1xx_hal_adc.o
    0x08002b80   0x08002b80   0x000000c0   Code   RO         2289    i.HAL_ADC_Start     stm32f1xx_hal_adc.o
    0x08002c40   0x08002c40   0x00000026   Code   RO         2544    i.HAL_CRC_Accumulate  stm32f1xx_hal_crc.o
    0x08002c66   0x08002c66   0x00000022   Code   RO         2548    i.HAL_CRC_Init      stm32f1xx_hal_crc.o
    0x08002c88   0x08002c88   0x00000028   Code   RO          352    i.HAL_CRC_MspInit   crc.o
    0x08002cb0   0x08002cb0   0x00000046   Code   RO         1672    i.HAL_DMA_Abort     stm32f1xx_hal_dma.o
    0x08002cf6   0x08002cf6   0x00000002   PAD
    0x08002cf8   0x08002cf8   0x00000098   Code   RO         1673    i.HAL_DMA_Abort_IT  stm32f1xx_hal_dma.o
    0x08002d90   0x08002d90   0x00000154   Code   RO         1677    i.HAL_DMA_IRQHandler  stm32f1xx_hal_dma.o
    0x08002ee4   0x08002ee4   0x0000005c   Code   RO         1678    i.HAL_DMA_Init      stm32f1xx_hal_dma.o
    0x08002f40   0x08002f40   0x00000070   Code   RO         1682    i.HAL_DMA_Start_IT  stm32f1xx_hal_dma.o
    0x08002fb0   0x08002fb0   0x00000024   Code   RO         1298    i.HAL_Delay         stm32f1xx_hal.o
    0x08002fd4   0x08002fd4   0x000000a8   Code   RO         2117    i.HAL_FLASHEx_Erase  stm32f1xx_hal_flash_ex.o
    0x0800307c   0x0800307c   0x00000014   Code   RO         2014    i.HAL_FLASH_Lock    stm32f1xx_hal_flash.o
    0x08003090   0x08003090   0x00000080   Code   RO         2019    i.HAL_FLASH_Program  stm32f1xx_hal_flash.o
    0x08003110   0x08003110   0x00000028   Code   RO         2021    i.HAL_FLASH_Unlock  stm32f1xx_hal_flash.o
    0x08003138   0x08003138   0x00000118   Code   RO         1605    i.HAL_GPIO_DeInit   stm32f1xx_hal_gpio.o
    0x08003250   0x08003250   0x00000002   Code   RO           14    i.HAL_GPIO_EXTI_Callback  main.o
    0x08003252   0x08003252   0x00000002   PAD
    0x08003254   0x08003254   0x00000018   Code   RO         1607    i.HAL_GPIO_EXTI_IRQHandler  stm32f1xx_hal_gpio.o
    0x0800326c   0x0800326c   0x000001e0   Code   RO         1608    i.HAL_GPIO_Init     stm32f1xx_hal_gpio.o
    0x0800344c   0x0800344c   0x0000000a   Code   RO         1610    i.HAL_GPIO_ReadPin  stm32f1xx_hal_gpio.o
    0x08003456   0x08003456   0x0000000a   Code   RO         1612    i.HAL_GPIO_WritePin  stm32f1xx_hal_gpio.o
    0x08003460   0x08003460   0x0000000c   Code   RO         1302    i.HAL_GetTick       stm32f1xx_hal.o
    0x0800346c   0x0800346c   0x00000032   Code   RO          856    i.HAL_I2C_DeInit    stm32f1xx_hal_i2c.o
    0x0800349e   0x0800349e   0x00000004   Code   RO          862    i.HAL_I2C_GetError  stm32f1xx_hal_i2c.o
    0x080034a2   0x080034a2   0x00000006   Code   RO          864    i.HAL_I2C_GetState  stm32f1xx_hal_i2c.o
    0x080034a8   0x080034a8   0x00000188   Code   RO          865    i.HAL_I2C_Init      stm32f1xx_hal_i2c.o
    0x08003630   0x08003630   0x0000016c   Code   RO          866    i.HAL_I2C_IsDeviceReady  stm32f1xx_hal_i2c.o
    0x0800379c   0x0800379c   0x0000025c   Code   RO          883    i.HAL_I2C_Mem_Read  stm32f1xx_hal_i2c.o
    0x080039f8   0x080039f8   0x00000130   Code   RO          886    i.HAL_I2C_Mem_Write  stm32f1xx_hal_i2c.o
    0x08003b28   0x08003b28   0x00000002   Code   RO          889    i.HAL_I2C_MspDeInit  stm32f1xx_hal_i2c.o
    0x08003b2a   0x08003b2a   0x00000002   Code   RO          890    i.HAL_I2C_MspInit   stm32f1xx_hal_i2c.o
    0x08003b2c   0x08003b2c   0x00000010   Code   RO         1308    i.HAL_IncTick       stm32f1xx_hal.o
    0x08003b3c   0x08003b3c   0x00000024   Code   RO         1309    i.HAL_Init          stm32f1xx_hal.o
    0x08003b60   0x08003b60   0x00000040   Code   RO         1310    i.HAL_InitTick      stm32f1xx_hal.o
    0x08003ba0   0x08003ba0   0x0000003c   Code   RO          794    i.HAL_MspInit       stm32f1xx_hal_msp.o
    0x08003bdc   0x08003bdc   0x0000001a   Code   RO         1768    i.HAL_NVIC_EnableIRQ  stm32f1xx_hal_cortex.o
    0x08003bf6   0x08003bf6   0x00000002   PAD
    0x08003bf8   0x08003bf8   0x00000040   Code   RO         1774    i.HAL_NVIC_SetPriority  stm32f1xx_hal_cortex.o
    0x08003c38   0x08003c38   0x00000024   Code   RO         1775    i.HAL_NVIC_SetPriorityGrouping  stm32f1xx_hal_cortex.o
    0x08003c5c   0x08003c5c   0x000000a4   Code   RO         1569    i.HAL_RCCEx_GetPeriphCLKFreq  stm32f1xx_hal_rcc_ex.o
    0x08003d00   0x08003d00   0x000000ec   Code   RO         1570    i.HAL_RCCEx_PeriphCLKConfig  stm32f1xx_hal_rcc_ex.o
    0x08003dec   0x08003dec   0x0000012c   Code   RO         1466    i.HAL_RCC_ClockConfig  stm32f1xx_hal_rcc.o
    0x08003f18   0x08003f18   0x00000020   Code   RO         1473    i.HAL_RCC_GetPCLK1Freq  stm32f1xx_hal_rcc.o
    0x08003f38   0x08003f38   0x00000020   Code   RO         1474    i.HAL_RCC_GetPCLK2Freq  stm32f1xx_hal_rcc.o
    0x08003f58   0x08003f58   0x0000004c   Code   RO         1475    i.HAL_RCC_GetSysClockFreq  stm32f1xx_hal_rcc.o
    0x08003fa4   0x08003fa4   0x00000320   Code   RO         1478    i.HAL_RCC_OscConfig  stm32f1xx_hal_rcc.o
    0x080042c4   0x080042c4   0x00000002   Code   RO         2611    i.HAL_SPI_ErrorCallback  stm32f1xx_hal_spi.o
    0x080042c6   0x080042c6   0x00000002   PAD
    0x080042c8   0x080042c8   0x000000e0   Code   RO         2614    i.HAL_SPI_IRQHandler  stm32f1xx_hal_spi.o
    0x080043a8   0x080043a8   0x000000b2   Code   RO         2615    i.HAL_SPI_Init      stm32f1xx_hal_spi.o
    0x0800445a   0x0800445a   0x00000002   PAD
    0x0800445c   0x0800445c   0x000000d8   Code   RO          418    i.HAL_SPI_MspInit   spi.o
    0x08004534   0x08004534   0x000001f0   Code   RO         2624    i.HAL_SPI_TransmitReceive  stm32f1xx_hal_spi.o
    0x08004724   0x08004724   0x00000028   Code   RO         1779    i.HAL_SYSTICK_Config  stm32f1xx_hal_cortex.o
    0x0800474c   0x0800474c   0x00000002   Code   RO         3632    i.HAL_TIMEx_BreakCallback  stm32f1xx_hal_tim_ex.o
    0x0800474e   0x0800474e   0x00000002   Code   RO         3633    i.HAL_TIMEx_CommutCallback  stm32f1xx_hal_tim_ex.o
    0x08004750   0x08004750   0x00000068   Code   RO         3651    i.HAL_TIMEx_MasterConfigSynchronization  stm32f1xx_hal_tim_ex.o
    0x080047b8   0x080047b8   0x0000005a   Code   RO         2928    i.HAL_TIM_Base_Init  stm32f1xx_hal_tim.o
    0x08004812   0x08004812   0x00000002   PAD
    0x08004814   0x08004814   0x00000050   Code   RO          460    i.HAL_TIM_Base_MspInit  tim.o
    0x08004864   0x08004864   0x00000050   Code   RO         2931    i.HAL_TIM_Base_Start  stm32f1xx_hal_tim.o
    0x080048b4   0x080048b4   0x00000058   Code   RO         2933    i.HAL_TIM_Base_Start_IT  stm32f1xx_hal_tim.o
    0x0800490c   0x0800490c   0x000000dc   Code   RO         2937    i.HAL_TIM_ConfigClockSource  stm32f1xx_hal_tim.o
    0x080049e8   0x080049e8   0x00000002   Code   RO         2962    i.HAL_TIM_IC_CaptureCallback  stm32f1xx_hal_tim.o
    0x080049ea   0x080049ea   0x00000130   Code   RO         2976    i.HAL_TIM_IRQHandler  stm32f1xx_hal_tim.o
    0x08004b1a   0x08004b1a   0x00000002   Code   RO         2979    i.HAL_TIM_OC_DelayElapsedCallback  stm32f1xx_hal_tim.o
    0x08004b1c   0x08004b1c   0x00000002   Code   RO         3006    i.HAL_TIM_PWM_PulseFinishedCallback  stm32f1xx_hal_tim.o
    0x08004b1e   0x08004b1e   0x00000012   Code   RO           15    i.HAL_TIM_PeriodElapsedCallback  main.o
    0x08004b30   0x08004b30   0x00000002   Code   RO         3019    i.HAL_TIM_TriggerCallback  stm32f1xx_hal_tim.o
    0x08004b32   0x08004b32   0x00000002   Code   RO         3911    i.HAL_UARTEx_RxEventCallback  stm32f1xx_hal_uart.o
    0x08004b34   0x08004b34   0x00000038   Code   RO         4373    i.HAL_UART_ErrorCallback  rs485bsp.o
    0x08004b6c   0x08004b6c   0x0000026c   Code   RO         3928    i.HAL_UART_IRQHandler  stm32f1xx_hal_uart.o
    0x08004dd8   0x08004dd8   0x00000064   Code   RO         3929    i.HAL_UART_Init     stm32f1xx_hal_uart.o
    0x08004e3c   0x08004e3c   0x0000018c   Code   RO          508    i.HAL_UART_MspInit  usart.o
    0x08004fc8   0x08004fc8   0x00000002   Code   RO         3935    i.HAL_UART_RxCpltCallback  stm32f1xx_hal_uart.o
    0x08004fca   0x08004fca   0x00000002   PAD
    0x08004fcc   0x08004fcc   0x00000078   Code   RO         3938    i.HAL_UART_Transmit_DMA  stm32f1xx_hal_uart.o
    0x08005044   0x08005044   0x00000038   Code   RO         4374    i.HAL_UART_TxCpltCallback  rs485bsp.o
    0x0800507c   0x0800507c   0x00000002   Code   RO         3941    i.HAL_UART_TxHalfCpltCallback  stm32f1xx_hal_uart.o
    0x0800507e   0x0800507e   0x00000002   Code   RO          656    i.HardFault_Handler  stm32f1xx_it.o
    0x08005080   0x08005080   0x0000002e   Code   RO          908    i.I2C_IsAcknowledgeFailed  stm32f1xx_hal_i2c.o
    0x080050ae   0x080050ae   0x00000002   PAD
    0x080050b0   0x080050b0   0x000000fc   Code   RO          918    i.I2C_RequestMemoryRead  stm32f1xx_hal_i2c.o
    0x080051ac   0x080051ac   0x000000a8   Code   RO          919    i.I2C_RequestMemoryWrite  stm32f1xx_hal_i2c.o
    0x08005254   0x08005254   0x00000056   Code   RO          923    i.I2C_WaitOnBTFFlagUntilTimeout  stm32f1xx_hal_i2c.o
    0x080052aa   0x080052aa   0x00000002   PAD
    0x080052ac   0x080052ac   0x00000090   Code   RO          924    i.I2C_WaitOnFlagUntilTimeout  stm32f1xx_hal_i2c.o
    0x0800533c   0x0800533c   0x000000bc   Code   RO          925    i.I2C_WaitOnMasterAddressFlagUntilTimeout  stm32f1xx_hal_i2c.o
    0x080053f8   0x080053f8   0x00000070   Code   RO          926    i.I2C_WaitOnRXNEFlagUntilTimeout  stm32f1xx_hal_i2c.o
    0x08005468   0x08005468   0x00000056   Code   RO          927    i.I2C_WaitOnTXEFlagUntilTimeout  stm32f1xx_hal_i2c.o
    0x080054be   0x080054be   0x00000002   PAD
    0x080054c0   0x080054c0   0x00000050   Code   RO          311    i.MX_ADC1_Init      adc.o
    0x08005510   0x08005510   0x00000024   Code   RO          353    i.MX_CRC_Init       crc.o
    0x08005534   0x08005534   0x0000008c   Code   RO          393    i.MX_DMA_Init       dma.o
    0x080055c0   0x080055c0   0x0000013c   Code   RO          281    i.MX_GPIO_Init      gpio.o
    0x080056fc   0x080056fc   0x00000034   Code   RO          565    i.MX_I2C2_Init      custom_bus.o
    0x08005730   0x08005730   0x00000048   Code   RO          419    i.MX_SPI1_Init      spi.o
    0x08005778   0x08005778   0x00000068   Code   RO          461    i.MX_TIM2_Init      tim.o
    0x080057e0   0x080057e0   0x00000068   Code   RO          462    i.MX_TIM4_Init      tim.o
    0x08005848   0x08005848   0x00000038   Code   RO          509    i.MX_USART1_UART_Init  usart.o
    0x08005880   0x08005880   0x00000038   Code   RO          510    i.MX_USART2_UART_Init  usart.o
    0x080058b8   0x080058b8   0x00000002   Code   RO          657    i.MemManage_Handler  stm32f1xx_it.o
    0x080058ba   0x080058ba   0x00000002   Code   RO          658    i.NMI_Handler       stm32f1xx_it.o
    0x080058bc   0x080058bc   0x0000000e   Code   RO         4346    i.PORT_GetBit       e290_hal.o
    0x080058ca   0x080058ca   0x00000002   Code   RO          659    i.PendSV_Handler    stm32f1xx_it.o
    0x080058cc   0x080058cc   0x00000014   Code   RO         6914    i.ReadRegWrap       st25dv.o
    0x080058e0   0x080058e0   0x0000000c   Code   RO          660    i.SPI1_IRQHandler   stm32f1xx_it.o
    0x080058ec   0x080058ec   0x00000010   Code   RO         2642    i.SPI_DMAAbortOnError  stm32f1xx_hal_spi.o
    0x080058fc   0x080058fc   0x00000034   Code   RO         2653    i.SPI_EndRxTxTransaction  stm32f1xx_hal_spi.o
    0x08005930   0x08005930   0x000000b8   Code   RO         2658    i.SPI_WaitFlagStateUntilTimeout  stm32f1xx_hal_spi.o
    0x080059e8   0x080059e8   0x0000000c   Code   RO         6915    i.ST25DV_ConfigureGPO  st25dv.o
    0x080059f4   0x080059f4   0x00000016   Code   RO         6082    i.ST25DV_GetICREF   st25dv_reg.o
    0x08005a0a   0x08005a0a   0x00000018   Code   RO         6084    i.ST25DV_GetITSTS_DYN_ALL  st25dv_reg.o
    0x08005a22   0x08005a22   0x0000002a   Code   RO         6928    i.ST25DV_Init       st25dv.o
    0x08005a4c   0x08005a4c   0x0000004e   Code   RO         6931    i.ST25DV_PresentI2CPassword  st25dv.o
    0x08005a9a   0x08005a9a   0x00000012   Code   RO         6935    i.ST25DV_ReadData   st25dv.o
    0x08005aac   0x08005aac   0x00000006   Code   RO         6944    i.ST25DV_ReadID     st25dv.o
    0x08005ab2   0x08005ab2   0x00000006   Code   RO         6946    i.ST25DV_ReadITSTStatus_Dyn  st25dv.o
    0x08005ab8   0x08005ab8   0x0000000e   Code   RO         6132    i.ST25DV_ReadReg    st25dv_reg.o
    0x08005ac6   0x08005ac6   0x00000002   PAD
    0x08005ac8   0x08005ac8   0x00000040   Code   RO         6961    i.ST25DV_RegisterBusIO  st25dv.o
    0x08005b08   0x08005b08   0x00000016   Code   RO         6138    i.ST25DV_SetGPO_ALL  st25dv_reg.o
    0x08005b1e   0x08005b1e   0x0000003a   Code   RO         6140    i.ST25DV_SetGPO_DYN_ENABLE  st25dv_reg.o
    0x08005b58   0x08005b58   0x00000012   Code   RO         6970    i.ST25DV_SetGPO_en_Dyn  st25dv.o
    0x08005b6a   0x08005b6a   0x00000072   Code   RO         6976    i.ST25DV_WriteData  st25dv.o
    0x08005bdc   0x08005bdc   0x0000000e   Code   RO         6188    i.ST25DV_WriteReg   st25dv_reg.o
    0x08005bea   0x08005bea   0x00000074   Code   RO         6991    i.ST25DV_WriteRegister  st25dv.o
    0x08005c5e   0x08005c5e   0x00000002   Code   RO          661    i.SVC_Handler       stm32f1xx_it.o
    0x08005c60   0x08005c60   0x00000010   Code   RO         5150    i.SeatBeltMonitor_GetSeatOccupied  seat_belt_monitor.o
    0x08005c70   0x08005c70   0x0000000c   Code   RO         5151    i.SeatBeltMonitor_Init  seat_belt_monitor.o
    0x08005c7c   0x08005c7c   0x00000140   Code   RO         5152    i.SeatBeltMonitor_Tick10Hz  seat_belt_monitor.o
    0x08005dbc   0x08005dbc   0x00000004   Code   RO          662    i.SysTick_Handler   stm32f1xx_it.o
    0x08005dc0   0x08005dc0   0x00000078   Code   RO           16    i.SystemClock_Config  main.o
    0x08005e38   0x08005e38   0x00000002   Code   RO         4263    i.SystemInit        system_stm32f1xx.o
    0x08005e3a   0x08005e3a   0x00000002   PAD
    0x08005e3c   0x08005e3c   0x0000000c   Code   RO          663    i.TIM4_IRQHandler   stm32f1xx_it.o
    0x08005e48   0x08005e48   0x00000078   Code   RO         3021    i.TIM_Base_SetConfig  stm32f1xx_hal_tim.o
    0x08005ec0   0x08005ec0   0x0000003c   Code   RO         5190    i.TIM_Delay_us      pan_port.o
    0x08005efc   0x08005efc   0x00000014   Code   RO         3032    i.TIM_ETR_SetConfig  stm32f1xx_hal_tim.o
    0x08005f10   0x08005f10   0x00000010   Code   RO         3033    i.TIM_ITRx_SetConfig  stm32f1xx_hal_tim.o
    0x08005f20   0x08005f20   0x00000022   Code   RO         3039    i.TIM_TI1_ConfigInputStage  stm32f1xx_hal_tim.o
    0x08005f42   0x08005f42   0x00000024   Code   RO         3041    i.TIM_TI2_ConfigInputStage  stm32f1xx_hal_tim.o
    0x08005f66   0x08005f66   0x00000002   PAD
    0x08005f68   0x08005f68   0x00000070   Code   RO         4376    i.UART1_SendBuf_DMA  rs485bsp.o
    0x08005fd8   0x08005fd8   0x00000044   Code   RO         4378    i.UART2_SendBuf_DMA  rs485bsp.o
    0x0800601c   0x0800601c   0x00000070   Code   RO         4379    i.UART_DBG_Printf_DMA  rs485bsp.o
    0x0800608c   0x0800608c   0x00000010   Code   RO         3942    i.UART_DMAAbortOnError  stm32f1xx_hal_uart.o
    0x0800609c   0x0800609c   0x0000004a   Code   RO         3943    i.UART_DMAError     stm32f1xx_hal_uart.o
    0x080060e6   0x080060e6   0x00000042   Code   RO         3948    i.UART_DMATransmitCplt  stm32f1xx_hal_uart.o
    0x08006128   0x08006128   0x0000000a   Code   RO         3950    i.UART_DMATxHalfCplt  stm32f1xx_hal_uart.o
    0x08006132   0x08006132   0x0000004e   Code   RO         3952    i.UART_EndRxTransfer  stm32f1xx_hal_uart.o
    0x08006180   0x08006180   0x0000001c   Code   RO         3953    i.UART_EndTxTransfer  stm32f1xx_hal_uart.o
    0x0800619c   0x0800619c   0x000000c2   Code   RO         3954    i.UART_Receive_IT   stm32f1xx_hal_uart.o
    0x0800625e   0x0800625e   0x00000002   PAD
    0x08006260   0x08006260   0x000000b8   Code   RO         3955    i.UART_SetConfig    stm32f1xx_hal_uart.o
    0x08006318   0x08006318   0x0000000c   Code   RO          664    i.USART1_IRQHandler  stm32f1xx_it.o
    0x08006324   0x08006324   0x0000000c   Code   RO          665    i.USART2_IRQHandler  stm32f1xx_it.o
    0x08006330   0x08006330   0x00000002   Code   RO          666    i.UsageFault_Handler  stm32f1xx_it.o
    0x08006332   0x08006332   0x0000004e   Code   RO         6992    i.WriteRegWrap      st25dv.o
    0x08006380   0x08006380   0x00000028   Code   RO         8747    i.__ARM_fpclassify  m_ws.l(fpclassify.o)
    0x080063a8   0x080063a8   0x00000020   Code   RO         1781    i.__NVIC_SetPriority  stm32f1xx_hal_cortex.o
    0x080063c8   0x080063c8   0x000000aa   Code   RO         8676    i.__kernel_poly     m_ws.l(poly.o)
    0x08006472   0x08006472   0x00000002   PAD
    0x08006474   0x08006474   0x00000010   Code   RO         8587    i.__mathlib_dbl_divzero  m_ws.l(dunder.o)
    0x08006484   0x08006484   0x00000006   Code   RO         8588    i.__mathlib_dbl_infnan  m_ws.l(dunder.o)
    0x0800648a   0x0800648a   0x0000000c   Code   RO         8590    i.__mathlib_dbl_invalid  m_ws.l(dunder.o)
    0x08006496   0x08006496   0x0000000e   Code   RO         8325    i._is_digit         c_w.l(__printf_wp.o)
    0x080064a4   0x080064a4   0x0000001a   Code   RO         4443    i.bus_advance_to_next_seat  bus_master.o
    0x080064be   0x080064be   0x00000014   Code   RO         4444    i.bus_cad_is_idle   bus_master.o
    0x080064d2   0x080064d2   0x00000018   Code   RO         4445    i.bus_checksum_xor  bus_master.o
    0x080064ea   0x080064ea   0x00000018   Code   RO         4566    i.bus_checksum_xor  bus_slave.o
    0x08006502   0x08006502   0x00000010   Code   RO         4446    i.bus_enter_rx_mode  bus_master.o
    0x08006512   0x08006512   0x0000001c   Code   RO         4447    i.bus_enter_wait_cad_idle  bus_master.o
    0x0800652e   0x0800652e   0x00000088   Code   RO         4449    i.bus_master_init   bus_master.o
    0x080065b6   0x080065b6   0x00000002   PAD
    0x080065b8   0x080065b8   0x000000d4   Code   RO         4450    i.bus_master_on_rx_done  bus_master.o
    0x0800668c   0x0800668c   0x00000024   Code   RO         4451    i.bus_master_on_tx_done  bus_master.o
    0x080066b0   0x080066b0   0x0000001e   Code   RO         4452    i.bus_master_start  bus_master.o
    0x080066ce   0x080066ce   0x00000002   PAD
    0x080066d0   0x080066d0   0x00000284   Code   RO         4453    i.bus_master_task   bus_master.o
    0x08006954   0x08006954   0x00000062   Code   RO         4454    i.bus_parse_reply   bus_master.o
    0x080069b6   0x080069b6   0x00000002   PAD
    0x080069b8   0x080069b8   0x00000028   Code   RO         4643    i.bus_rand_init     bus_rand.o
    0x080069e0   0x080069e0   0x00000030   Code   RO         4644    i.bus_rand_slot     bus_rand.o
    0x08006a10   0x08006a10   0x00000050   Code   RO         4455    i.bus_reset_for_new_round  bus_master.o
    0x08006a60   0x08006a60   0x00000010   Code   RO         4567    i.bus_slave_enter_rx  bus_slave.o
    0x08006a70   0x08006a70   0x00000026   Code   RO         4568    i.bus_slave_init    bus_slave.o
    0x08006a96   0x08006a96   0x00000002   PAD
    0x08006a98   0x08006a98   0x00000070   Code   RO         4569    i.bus_slave_on_rx_done  bus_slave.o
    0x08006b08   0x08006b08   0x00000016   Code   RO         4570    i.bus_slave_on_tx_done  bus_slave.o
    0x08006b1e   0x08006b1e   0x00000002   PAD
    0x08006b20   0x08006b20   0x000000c0   Code   RO         4571    i.bus_slave_send_reply  bus_slave.o
    0x08006be0   0x08006be0   0x00000008   Code   RO         4572    i.bus_slave_start   bus_slave.o
    0x08006be8   0x08006be8   0x00000044   Code   RO         4573    i.bus_slave_task    bus_slave.o
    0x08006c2c   0x08006c2c   0x00000064   Code   RO         4456    i.bus_start_contend_backoff  bus_master.o
    0x08006c90   0x08006c90   0x00000018   Code   RO         5290    i.check_cad_rx_inactive  pan_rf.o
    0x08006ca8   0x08006ca8   0x00000098   Code   RO         4840    i.check_master_payload  app_st25dv.o
    0x08006d40   0x08006d40   0x00000074   Code   RO         4841    i.check_rf_param    app_st25dv.o
    0x08006db4   0x08006db4   0x00000024   Code   RO         4842    i.check_slave_payload  app_st25dv.o
    0x08006dd8   0x08006dd8   0x0000001c   Code   RO         4695    i.flash_erase_page  flash_storage.o
    0x08006df4   0x08006df4   0x0000000c   Code   RO         4696    i.flash_program_u16  flash_storage.o
    0x08006e00   0x08006e00   0x0000001e   Code   RO         4697    i.flash_program_u32  flash_storage.o
    0x08006e1e   0x08006e1e   0x00000002   PAD
    0x08006e20   0x08006e20   0x00000008   Code   RO           18    i.get_slave_obj     main.o
    0x08006e28   0x08006e28   0x00000014   Code   RO         4698    i.is_addr_in_page   flash_storage.o
    0x08006e3c   0x08006e3c   0x0000006c   Code   RO         4843    i.is_frame_valid    app_st25dv.o
    0x08006ea8   0x08006ea8   0x000000d8   Code   RO         4844    i.load_config_from_buffer  app_st25dv.o
    0x08006f80   0x08006f80   0x0000035c   Code   RO         8602    i.log               m_ws.l(log.o)
    0x080072dc   0x080072dc   0x000000e4   Code   RO         8406    i.log10             m_ws.l(log10.o)
    0x080073c0   0x080073c0   0x00000154   Code   RO           19    i.main              main.o
    0x08007514   0x08007514   0x0000005c   Code   RO         4845    i.nfc_task_in_tim   app_st25dv.o
    0x08007570   0x08007570   0x00000110   Code   RO         4699    i.page_append_record  flash_storage.o
    0x08007680   0x08007680   0x00000012   Code   RO         4700    i.page_find_next_free  flash_storage.o
    0x08007692   0x08007692   0x00000002   PAD
    0x08007694   0x08007694   0x00000028   Code   RO         4701    i.page_header_is_valid  flash_storage.o
    0x080076bc   0x080076bc   0x00000038   Code   RO         4702    i.page_write_header  flash_storage.o
    0x080076f4   0x080076f4   0x00000018   Code   RO         4846    i.payload_GetObject  app_st25dv.o
    0x0800770c   0x0800770c   0x000000cc   Code   RO         4457    i.print_sensor_status  bus_master.o
    0x080077d8   0x080077d8   0x00000068   Code   RO         4645    i.rand_adc32        bus_rand.o
    0x08007840   0x08007840   0x00000020   Code   RO         4646    i.rand_adc_sample   bus_rand.o
    0x08007860   0x08007860   0x00000020   Code   RO         4647    i.rand_mix32        bus_rand.o
    0x08007880   0x08007880   0x00000078   Code   RO         4703    i.record_is_valid   flash_storage.o
    0x080078f8   0x080078f8   0x00000024   Code   RO         5291    i.rf_agc_enable     pan_rf.o
    0x0800791c   0x0800791c   0x00000016   Code   RO         5191    i.rf_antenna_close  pan_port.o
    0x08007932   0x08007932   0x00000030   Code   RO         5192    i.rf_antenna_init   pan_port.o
    0x08007962   0x08007962   0x00000016   Code   RO         5193    i.rf_antenna_rx     pan_port.o
    0x08007978   0x08007978   0x00000016   Code   RO         5194    i.rf_antenna_tx     pan_port.o
    0x0800798e   0x0800798e   0x00000070   Code   RO         5293    i.rf_cad_on         pan_rf.o
    0x080079fe   0x080079fe   0x00000010   Code   RO         5295    i.rf_clr_irq        pan_rf.o
    0x08007a0e   0x08007a0e   0x00000002   PAD
    0x08007a10   0x08007a10   0x00000020   Code   RO         5297    i.rf_continous_tx_send_data  pan_rf.o
    0x08007a30   0x08007a30   0x00000004   Code   RO         5195    i.rf_delay_ms       pan_port.o
    0x08007a34   0x08007a34   0x00000004   Code   RO         5196    i.rf_delay_us       pan_port.o
    0x08007a38   0x08007a38   0x00000014   Code   RO         5299    i.rf_efuse_off      pan_rf.o
    0x08007a4c   0x08007a4c   0x00000014   Code   RO         5300    i.rf_efuse_on       pan_rf.o
    0x08007a60   0x08007a60   0x00000054   Code   RO         5302    i.rf_efuse_read_encry_byte  pan_rf.o
    0x08007ab4   0x08007ab4   0x0000002c   Code   RO         5304    i.rf_enter_continous_rx  pan_rf.o
    0x08007ae0   0x08007ae0   0x00000018   Code   RO         5305    i.rf_enter_continous_tx  pan_rf.o
    0x08007af8   0x08007af8   0x000000ba   Code   RO         5308    i.rf_ft_calibr      pan_rf.o
    0x08007bb2   0x08007bb2   0x0000000e   Code   RO         5309    i.rf_get_bw         pan_rf.o
    0x08007bc0   0x08007bc0   0x00000034   Code   RO         5311    i.rf_get_chirp_time  pan_rf.o
    0x08007bf4   0x08007bf4   0x00000010   Code   RO         5316    i.rf_get_irq        pan_rf.o
    0x08007c04   0x08007c04   0x0000000e   Code   RO         5320    i.rf_get_plhd_len   pan_rf.o
    0x08007c12   0x08007c12   0x00000002   PAD
    0x08007c14   0x08007c14   0x0000000c   Code   RO         5323    i.rf_get_recv_flag  pan_rf.o
    0x08007c20   0x08007c20   0x0000000e   Code   RO         5324    i.rf_get_rssi       pan_rf.o
    0x08007c2e   0x08007c2e   0x0000000e   Code   RO         5325    i.rf_get_sf         pan_rf.o
    0x08007c3c   0x08007c3c   0x0000005c   Code   RO         5326    i.rf_get_snr        pan_rf.o
    0x08007c98   0x08007c98   0x0000000c   Code   RO         5328    i.rf_get_transmit_flag  pan_rf.o
    0x08007ca4   0x08007ca4   0x00000114   Code   RO         5331    i.rf_init           pan_rf.o
    0x08007db8   0x08007db8   0x000000f0   Code   RO         5332    i.rf_irq_process    pan_rf.o
    0x08007ea8   0x08007ea8   0x0000003c   Code   RO         5335    i.rf_plhd_receive   pan_rf.o
    0x08007ee4   0x08007ee4   0x00000038   Code   RO         5336    i.rf_read_fifo      pan_rf.o
    0x08007f1c   0x08007f1c   0x0000001c   Code   RO         5337    i.rf_read_freq      pan_rf.o
    0x08007f38   0x08007f38   0x00000034   Code   RO         5339    i.rf_read_reg       pan_rf.o
    0x08007f6c   0x08007f6c   0x00000018   Code   RO         5340    i.rf_read_spec_page_reg  pan_rf.o
    0x08007f84   0x08007f84   0x00000044   Code   RO         5341    i.rf_read_spec_page_regs  pan_rf.o
    0x08007fc8   0x08007fc8   0x0000001c   Code   RO         5342    i.rf_recv_packet    pan_rf.o
    0x08007fe4   0x08007fe4   0x0000002c   Code   RO         5343    i.rf_refresh        pan_rf.o
    0x08008010   0x08008010   0x0000002c   Code   RO         5344    i.rf_reg_cfg        pan_rf.o
    0x0800803c   0x0800803c   0x0000001c   Code   RO         5345    i.rf_reset_spec_page_reg_bits  pan_rf.o
    0x08008058   0x08008058   0x0000002e   Code   RO         5346    i.rf_send_packet    pan_rf.o
    0x08008086   0x08008086   0x0000001a   Code   RO         5347    i.rf_set_agc        pan_rf.o
    0x080080a0   0x080080a0   0x0000004a   Code   RO         5351    i.rf_set_bw         pan_rf.o
    0x080080ea   0x080080ea   0x00000016   Code   RO         5355    i.rf_set_code_rate  pan_rf.o
    0x08008100   0x08008100   0x00000016   Code   RO         5356    i.rf_set_crc        pan_rf.o
    0x08008116   0x08008116   0x00000016   Code   RO         5359    i.rf_set_dcdc_mode  pan_rf.o
    0x0800812c   0x0800812c   0x0000006c   Code   RO         5360    i.rf_set_default_para  pan_rf.o
    0x08008198   0x08008198   0x00000150   Code   RO         5362    i.rf_set_freq       pan_rf.o
    0x080082e8   0x080082e8   0x00000026   Code   RO         5363    i.rf_set_gpio_input  pan_rf.o
    0x0800830e   0x0800830e   0x00000026   Code   RO         5364    i.rf_set_gpio_output  pan_rf.o
    0x08008334   0x08008334   0x0000002a   Code   RO         5365    i.rf_set_gpio_state  pan_rf.o
    0x0800835e   0x0800835e   0x00000014   Code   RO         5366    i.rf_set_ldo_pa_off  pan_rf.o
    0x08008372   0x08008372   0x00000016   Code   RO         5368    i.rf_set_ldr        pan_rf.o
    0x08008388   0x08008388   0x0000001e   Code   RO         5369    i.rf_set_lo_freq    pan_rf.o
    0x080083a6   0x080083a6   0x00000012   Code   RO         5382    i.rf_set_mode       pan_rf.o
    0x080083b8   0x080083b8   0x0000000c   Code   RO         5389    i.rf_set_recv_flag  pan_rf.o
    0x080083c4   0x080083c4   0x00000016   Code   RO         5390    i.rf_set_rx_mode    pan_rf.o
    0x080083da   0x080083da   0x00000030   Code   RO         5392    i.rf_set_sf         pan_rf.o
    0x0800840a   0x0800840a   0x0000001c   Code   RO         5393    i.rf_set_spec_page_reg_bits  pan_rf.o
    0x08008426   0x08008426   0x00000002   PAD
    0x08008428   0x08008428   0x0000000c   Code   RO         5395    i.rf_set_transmit_flag  pan_rf.o
    0x08008434   0x08008434   0x00000016   Code   RO         5396    i.rf_set_tx_mode    pan_rf.o
    0x0800844a   0x0800844a   0x00000002   PAD
    0x0800844c   0x0800844c   0x00000170   Code   RO         5397    i.rf_set_tx_power   pan_rf.o
    0x080085bc   0x080085bc   0x00000028   Code   RO         5398    i.rf_should_turnon_ldr  pan_rf.o
    0x080085e4   0x080085e4   0x0000002c   Code   RO         5402    i.rf_switch_page    pan_rf.o
    0x08008610   0x08008610   0x00000002   Code   RO         5197    i.rf_tcxo_close     pan_port.o
    0x08008612   0x08008612   0x00000002   Code   RO         5198    i.rf_tcxo_init      pan_port.o
    0x08008614   0x08008614   0x00000038   Code   RO         5403    i.rf_write_fifo     pan_rf.o
    0x0800864c   0x0800864c   0x0000004c   Code   RO         5404    i.rf_write_reg      pan_rf.o
    0x08008698   0x08008698   0x0000001c   Code   RO         5405    i.rf_write_spec_page_reg  pan_rf.o
    0x080086b4   0x080086b4   0x00000040   Code   RO         5406    i.rf_write_spec_page_reg_bits  pan_rf.o
    0x080086f4   0x080086f4   0x00000088   Code   RO         5407    i.rf_write_spec_page_regs  pan_rf.o
    0x0800877c   0x0800877c   0x00000094   Code   RO         4847    i.save_to_flash_if_needed  app_st25dv.o
    0x08008810   0x08008810   0x000000a0   Code   RO         4704    i.scan_page_records  flash_storage.o
    0x080088b0   0x080088b0   0x00000010   Code   RO         5199    i.spi_cs_set_high   pan_port.o
    0x080088c0   0x080088c0   0x00000010   Code   RO         5200    i.spi_cs_set_low    pan_port.o
    0x080088d0   0x080088d0   0x00000020   Code   RO         5201    i.spi_readwritebyte  pan_port.o
    0x080088f0   0x080088f0   0x00000070   Code   RO         4705    i.storage_crc32     flash_storage.o
    0x08008960   0x08008960   0x00000024   Code   RO         4706    i.storage_crc32_flash  flash_storage.o
    0x08008984   0x08008984   0x00000004   Code   RO         4708    i.storage_init      flash_storage.o
    0x08008988   0x08008988   0x00000048   Code   RO         4709    i.storage_load_latest  flash_storage.o
    0x080089d0   0x080089d0   0x0000009c   Code   RO         4710    i.storage_page_swap_and_save  flash_storage.o
    0x08008a6c   0x08008a6c   0x00000064   Code   RO         4711    i.storage_save      flash_storage.o
    0x08008ad0   0x08008ad0   0x00000140   Code   RO         4712    i.storage_select_active_page  flash_storage.o
    0x08008c10   0x08008c10   0x00000030   Code   RO         4458    i.uart1_send_json_segment  bus_master.o
    0x08008c40   0x08008c40   0x0000002c   Code   RO         8723    locale$$code        c_w.l(lc_numeric_c.o)
    0x08008c6c   0x08008c6c   0x0000002c   Code   RO         8758    locale$$code        c_w.l(lc_ctype_c.o)
    0x08008c98   0x08008c98   0x00000062   Code   RO         8357    x$fpl$d2f           fz_ws.l(d2f.o)
    0x08008cfa   0x08008cfa   0x00000002   PAD
    0x08008cfc   0x08008cfc   0x00000150   Code   RO         8560    x$fpl$dadd          fz_ws.l(daddsub_clz.o)
    0x08008e4c   0x08008e4c   0x00000010   Code   RO         8566    x$fpl$dcheck1       fz_ws.l(dcheck1.o)
    0x08008e5c   0x08008e5c   0x00000018   Code   RO         8741    x$fpl$dcmpinf       fz_ws.l(dcmpi.o)
    0x08008e74   0x08008e74   0x000002b0   Code   RO         8360    x$fpl$ddiv          fz_ws.l(ddiv.o)
    0x08009124   0x08009124   0x00000078   Code   RO         8668    x$fpl$deqf          fz_ws.l(deqf.o)
    0x0800919c   0x0800919c   0x0000002e   Code   RO         8364    x$fpl$dflt          fz_ws.l(dflt_clz.o)
    0x080091ca   0x080091ca   0x00000026   Code   RO         8363    x$fpl$dfltu         fz_ws.l(dflt_clz.o)
    0x080091f0   0x080091f0   0x00000154   Code   RO         8369    x$fpl$dmul          fz_ws.l(dmul.o)
    0x08009344   0x08009344   0x0000009c   Code   RO         8568    x$fpl$dnaninf       fz_ws.l(dnaninf.o)
    0x080093e0   0x080093e0   0x0000000c   Code   RO         8570    x$fpl$dretinf       fz_ws.l(dretinf.o)
    0x080093ec   0x080093ec   0x00000016   Code   RO         8561    x$fpl$drsb          fz_ws.l(daddsub_clz.o)
    0x08009402   0x08009402   0x00000002   PAD
    0x08009404   0x08009404   0x000001d4   Code   RO         8562    x$fpl$dsub          fz_ws.l(daddsub_clz.o)
    0x080095d8   0x080095d8   0x000000c4   Code   RO         8373    x$fpl$fadd          fz_ws.l(faddsub_clz.o)
    0x0800969c   0x0800969c   0x00000184   Code   RO         8380    x$fpl$fdiv          fz_ws.l(fdiv.o)
    0x08009820   0x08009820   0x00000036   Code   RO         8383    x$fpl$ffix          fz_ws.l(ffix.o)
    0x08009856   0x08009856   0x00000002   PAD
    0x08009858   0x08009858   0x00000030   Code   RO         8392    x$fpl$fflt          fz_ws.l(fflt_clz.o)
    0x08009888   0x08009888   0x00000026   Code   RO         8391    x$fpl$ffltu         fz_ws.l(fflt_clz.o)
    0x080098ae   0x080098ae   0x00000002   PAD
    0x080098b0   0x080098b0   0x00000102   Code   RO         8397    x$fpl$fmul          fz_ws.l(fmul.o)
    0x080099b2   0x080099b2   0x0000008c   Code   RO         8574    x$fpl$fnaninf       fz_ws.l(fnaninf.o)
    0x08009a3e   0x08009a3e   0x0000000a   Code   RO         8576    x$fpl$fretinf       fz_ws.l(fretinf.o)
    0x08009a48   0x08009a48   0x00000014   Code   RO         8374    x$fpl$frsb          fz_ws.l(faddsub_clz.o)
    0x08009a5c   0x08009a5c   0x000000ea   Code   RO         8375    x$fpl$fsub          fz_ws.l(faddsub_clz.o)
    0x08009b46   0x08009b46   0x00000004   Code   RO         8578    x$fpl$printf1       fz_ws.l(printf1.o)
    0x08009b4a   0x08009b4a   0x00000004   Code   RO         8580    x$fpl$printf2       fz_ws.l(printf2.o)
    0x08009b4e   0x08009b4e   0x00000064   Code   RO         8674    x$fpl$retnan        fz_ws.l(retnan.o)
    0x08009bb2   0x08009bb2   0x0000005c   Code   RO         8399    x$fpl$scalbn        fz_ws.l(scalbn.o)
    0x08009c0e   0x08009c0e   0x00000030   Code   RO         8745    x$fpl$trapveneer    fz_ws.l(trapv.o)
    0x08009c3e   0x08009c3e   0x00000000   Code   RO         8586    x$fpl$usenofp       fz_ws.l(usenofp.o)
    0x08009c3e   0x08009c3e   0x00000012   Data   RO         1479    .constdata          stm32f1xx_hal_rcc.o
    0x08009c50   0x08009c50   0x00000012   Data   RO         1571    .constdata          stm32f1xx_hal_rcc_ex.o
    0x08009c62   0x08009c62   0x00000010   Data   RO         4264    .constdata          system_stm32f1xx.o
    0x08009c72   0x08009c72   0x00000008   Data   RO         4265    .constdata          system_stm32f1xx.o
    0x08009c7a   0x08009c7a   0x00000002   PAD
    0x08009c7c   0x08009c7c   0x00000334   Data   RO         5409    .constdata          pan_rf.o
    0x08009fb0   0x08009fb0   0x00000011   Data   RO         8333    .constdata          c_w.l(__printf_flags_ss_wp.o)
    0x08009fc1   0x08009fc1   0x00000003   PAD
    0x08009fc4   0x08009fc4   0x00000008   Data   RO         8460    .constdata          c_w.l(_printf_wctomb.o)
    0x08009fcc   0x08009fcc   0x00000028   Data   RO         8489    .constdata          c_w.l(_printf_hex_int_ll_ptr.o)
    0x08009ff4   0x08009ff4   0x00000004   PAD
    0x08009ff8   0x08009ff8   0x00000038   Data   RO         8603    .constdata          m_ws.l(log.o)
    0x0800a030   0x0800a030   0x00000026   Data   RO         8649    .constdata          c_w.l(_printf_fp_hex.o)
    0x0800a056   0x0800a056   0x00000002   PAD
    0x0800a058   0x0800a058   0x00000008   Data   RO         8678    .constdata          m_ws.l(qnan.o)
    0x0800a060   0x0800a060   0x00000094   Data   RO         8698    .constdata          c_w.l(bigflt0.o)
    0x0800a0f4   0x0800a0f4   0x00000078   Data   RO         4460    .conststring        bus_master.o
    0x0800a16c   0x0800a16c   0x00000020   Data   RO         8812    Region$$Table       anon$$obj.o
    0x0800a18c   0x0800a18c   0x0000001c   Data   RO         8722    locale$$data        c_w.l(lc_numeric_c.o)
    0x0800a1a8   0x0800a1a8   0x00000110   Data   RO         8757    locale$$data        c_w.l(lc_ctype_c.o)


    Execution Region RW_IRAM1 (Exec base: 0x20000000, Load base: 0x0800a2b8, Size: 0x00002338, Max: 0x00005000, ABSOLUTE)

    Exec Addr    Load Addr    Size         Type   Attr      Idx    E Section Name        Object

    0x20000000   0x0800a2b8   0x00000001   Data   RW           21    .data               main.o
    0x20000001   0x0800a2b9   0x00000001   Data   RW           22    .data               main.o
    0x20000002   0x0800a2ba   0x00000002   PAD
    0x20000004   0x0800a2bc   0x00000008   Data   RW          354    .data               crc.o
    0x2000000c   0x0800a2c4   0x00000004   Data   RW          567    .data               custom_bus.o
    0x20000010   0x0800a2c8   0x0000000c   Data   RW         1316    .data               stm32f1xx_hal.o
    0x2000001c   0x0800a2d4   0x00000004   Data   RW         4266    .data               system_stm32f1xx.o
    0x20000020   0x0800a2d8   0x00000002   Data   RW         4381    .data               rs485bsp.o
    0x20000022   0x0800a2da   0x00000001   Data   RW         4461    .data               bus_master.o
    0x20000023   0x0800a2db   0x00000001   PAD
    0x20000024   0x0800a2dc   0x00000008   Data   RW         4648    .data               bus_rand.o
    0x2000002c   0x0800a2e4   0x00000001   Data   RW         4849    .data               app_st25dv.o
    0x2000002d   0x0800a2e5   0x00000003   PAD
    0x20000030   0x0800a2e8   0x00000024   Data   RW         5080    .data               buzzer_led_drv.o
    0x20000054   0x0800a30c   0x0000002c   Data   RW         5202    .data               pan_port.o
    0x20000080   0x0800a338   0x00000008   Data   RW         5410    .data               pan_rf.o
    0x20000088        -       0x00000cd4   Zero   RW           20    .bss                main.o
    0x20000d5c        -       0x00000074   Zero   RW          312    .bss                adc.o
    0x20000dd0        -       0x000000e0   Zero   RW          420    .bss                spi.o
    0x20000eb0        -       0x00000090   Zero   RW          463    .bss                tim.o
    0x20000f40        -       0x000001a0   Zero   RW          511    .bss                usart.o
    0x200010e0        -       0x00000054   Zero   RW          566    .bss                custom_bus.o
    0x20001134   0x0800a340   0x00000004   PAD
    0x20001138        -       0x00000020   Zero   RW         2022    .bss                stm32f1xx_hal_flash.o
    0x20001158        -       0x00000500   Zero   RW         4380    .bss                rs485bsp.o
    0x20001658        -       0x000000c0   Zero   RW         4459    .bss                bus_master.o
    0x20001718        -       0x00000014   Zero   RW         4713    .bss                flash_storage.o
    0x2000172c        -       0x00000070   Zero   RW         4848    .bss                app_st25dv.o
    0x2000179c        -       0x00000018   Zero   RW         5153    .bss                seat_belt_monitor.o
    0x200017b4        -       0x00000524   Zero   RW         5408    .bss                pan_rf.o
    0x20001cd8        -       0x00000060   Zero   RW         8614    .bss                c_w.l(libspace.o)
    0x20001d38        -       0x00000200   Zero   RW            2    HEAP                startup_stm32f103xb.o
    0x20001f38        -       0x00000400   Zero   RW            1    STACK               startup_stm32f103xb.o


==============================================================================

Image component sizes


      Code (inc. data)   RO Data    RW Data    ZI Data      Debug   Object Name

       220         30          0          0        116       1775   adc.o
      1718        508          0          1        112      45100   app_st25dv.o
      1702        226        120          1        192      11727   bus_master.o
       256         32          0          8          0       3379   bus_rand.o
       480          8          0          0          0       6379   bus_slave.o
       282         24          0         36          0       5378   buzzer_led_drv.o
        76         18          0          8          0       1527   crc.o
       420         62          0          4         84       5045   custom_bus.o
       140          4          0          0          0        822   dma.o
         0          0          0          0          0       4668   e290_demo.o
        14          0          0          0          0       1178   e290_hal.o
      1556         74          0          0         20      14491   flash_storage.o
       316         16          0          0          0       1051   gpio.o
       492         98          0          2       3284     486214   main.o
       250         22          0         44          0      10828   pan_port.o
      3606        202        820          8       1316      39687   pan_rf.o
       404         80          0          2       1280       4977   rs485bsp.o
       348         14          0          0         24       4462   seat_belt_monitor.o
       288         30          0          0        224       1879   spi.o
       572         10          0          0          0      13674   st25dv.o
       154          0          0          0          0       4328   st25dv_reg.o
        64         26        236          0       1536        820   startup_stm32f103xb.o
       164         28          0         12          0       5965   stm32f1xx_hal.o
      1260         54          0          0          0       6588   stm32f1xx_hal_adc.o
       198         14          0          0          0      29015   stm32f1xx_hal_cortex.o
        72          0          0          0          0       1796   stm32f1xx_hal_crc.o
       808         36          0          0          0       5042   stm32f1xx_hal_dma.o
       392         46          0          0         32       4790   stm32f1xx_hal_flash.o
       240         26          0          0          0       3277   stm32f1xx_hal_flash_ex.o
       804         66          0          0          0       5128   stm32f1xx_hal_gpio.o
      2810         66          0          0          0      17327   stm32f1xx_hal_i2c.o
        60          8          0          0          0        890   stm32f1xx_hal_msp.o
      1240         84         18          0          0       5160   stm32f1xx_hal_rcc.o
       400         28         18          0          0       2489   stm32f1xx_hal_rcc_ex.o
      1152          8          0          0          0       6786   stm32f1xx_hal_spi.o
      1016         38          0          0          0      10642   stm32f1xx_hal_tim.o
       108         12          0          0          0       2433   stm32f1xx_hal_tim_ex.o
      1496         24          0          0          0      10715   stm32f1xx_hal_uart.o
       158         66          0          0          0       9326   stm32f1xx_it.o
         2          0         24          4          0       1143   system_stm32f1xx.o
       288         22          0          0        144       2387   tim.o
       508         42          0          0        416       2751   usart.o

    ----------------------------------------------------------------------
     26596       2152       1270        136       8784     803039   Object Totals
         0          0         32          0          0          0   (incl. Generated)
        62          0          2          6          4          0   (incl. Padding)

    ----------------------------------------------------------------------

      Code (inc. data)   RO Data    RW Data    ZI Data      Debug   Library Member Name

        56          6          0          0          0         88   __2snprintf.o
         8          0          0          0          0         68   __main.o
       392          4         17          0          0         92   __printf_flags_ss_wp.o
        14          0          0          0          0         68   __printf_wp.o
         0          0          0          0          0          0   __rtentry.o
        12          0          0          0          0          0   __rtentry2.o
         6          0          0          0          0          0   __rtentry4.o
        52          8          0          0          0          0   __scatter.o
        26          0          0          0          0          0   __scatter_copy.o
        28          0          0          0          0          0   __scatter_zi.o
         6          0          0          0          0          0   _printf_a.o
         6          0          0          0          0          0   _printf_c.o
        44          0          0          0          0        108   _printf_char.o
        48          6          0          0          0         96   _printf_char_common.o
        40          0          0          0          0         68   _printf_charcount.o
         6          0          0          0          0          0   _printf_d.o
       120         16          0          0          0         92   _printf_dec.o
         6          0          0          0          0          0   _printf_e.o
         6          0          0          0          0          0   _printf_f.o
      1054          0          0          0          0        216   _printf_fp_dec.o
       764          8         38          0          0        100   _printf_fp_hex.o
       128         16          0          0          0         84   _printf_fp_infnan.o
         6          0          0          0          0          0   _printf_g.o
       148          4         40          0          0        160   _printf_hex_int_ll_ptr.o
         6          0          0          0          0          0   _printf_i.o
       178          0          0          0          0         88   _printf_intcommon.o
        10          0          0          0          0          0   _printf_l.o
         6          0          0          0          0          0   _printf_lc.o
        10          0          0          0          0          0   _printf_ll.o
         6          0          0          0          0          0   _printf_lld.o
         6          0          0          0          0          0   _printf_lli.o
         6          0          0          0          0          0   _printf_llo.o
         6          0          0          0          0          0   _printf_llu.o
         6          0          0          0          0          0   _printf_llx.o
       124         16          0          0          0         92   _printf_longlong_dec.o
         6          0          0          0          0          0   _printf_ls.o
         6          0          0          0          0          0   _printf_n.o
         6          0          0          0          0          0   _printf_o.o
       112         10          0          0          0        124   _printf_oct_int_ll.o
         6          0          0          0          0          0   _printf_p.o
        78          0          0          0          0        108   _printf_pad.o
         0          0          0          0          0          0   _printf_percent.o
         4          0          0          0          0          0   _printf_percent_end.o
         6          0          0          0          0          0   _printf_s.o
        82          0          0          0          0         80   _printf_str.o
        36          0          0          0          0         84   _printf_truncate.o
         6          0          0          0          0          0   _printf_u.o
        44          0          0          0          0        108   _printf_wchar.o
       188          6          8          0          0         92   _printf_wctomb.o
         6          0          0          0          0          0   _printf_x.o
        22          0          0          0          0        100   _rserrno.o
        16          0          0          0          0         68   _snputc.o
        10          0          0          0          0         68   _sputc.o
        64          0          0          0          0         92   _wcrtomb.o
        16          0          0          0          0         68   aeabi_memset.o
       228          4        148          0          0         96   bigflt0.o
      1936        128          0          0          0        672   btod.o
        10          0          0          0          0         68   defsig_exit.o
        50          0          0          0          0         88   defsig_general.o
        80         58          0          0          0         76   defsig_rtmem_inner.o
        14          0          0          0          0         80   defsig_rtmem_outer.o
        18          0          0          0          0         80   exit.o
        94          0          0          0          0         80   h1_alloc.o
        52          0          0          0          0         68   h1_extend.o
        78          0          0          0          0         80   h1_free.o
        14          0          0          0          0         84   h1_init.o
         6          0          0          0          0        152   heapauxi.o
         4          0          0          0          0        136   hguard.o
         0          0          0          0          0          0   indicate_semi.o
       138          0          0          0          0        168   init_alloc.o
        44         10        272          0          0         76   lc_ctype_c.o
        44         10         28          0          0         76   lc_numeric_c.o
         2          0          0          0          0          0   libinit.o
        38          0          0          0          0          0   libinit2.o
         2          0          0          0          0          0   libshutdown.o
         2          0          0          0          0          0   libshutdown2.o
         8          4          0          0         96         68   libspace.o
       138          0          0          0          0         80   lludiv10.o
        38          0          0          0          0         68   llushr.o
         0          0          0          0          0          0   maybetermalloc1.o
        16          4          0          0          0         76   rt_ctype_table.o
         8          4          0          0          0         68   rt_errno_addr_intlibspace.o
         8          4          0          0          0         68   rt_heap_descriptor_intlibspace.o
         8          4          0          0          0         68   rt_locale_intlibspace.o
        68          0          0          0          0         68   rt_memclr.o
        78          0          0          0          0         80   rt_memclr_w.o
       138          0          0          0          0         68   rt_memcpy_v6.o
       100          0          0          0          0         80   rt_memcpy_w.o
         2          0          0          0          0          0   rtexit.o
        10          0          0          0          0          0   rtexit2.o
       128          0          0          0          0         68   strcmpv7m.o
        12          4          0          0          0         68   sys_exit.o
        74          0          0          0          0         80   sys_stackheap_outer.o
        14          0          0          0          0         76   sys_wrch.o
         2          0          0          0          0         68   use_no_semi.o
        52          4          0          0          0         80   vsnprintf.o
        98          4          0          0          0         92   d2f.o
       826         16          0          0          0        348   daddsub_clz.o
        16          4          0          0          0         68   dcheck1.o
        24          0          0          0          0         68   dcmpi.o
       688        140          0          0          0        208   ddiv.o
       120          4          0          0          0         92   deqf.o
        84          0          0          0          0        136   dflt_clz.o
       340         12          0          0          0        104   dmul.o
       156          4          0          0          0         92   dnaninf.o
        12          0          0          0          0         68   dretinf.o
       450          8          0          0          0        236   faddsub_clz.o
       388         76          0          0          0         96   fdiv.o
        54          4          0          0          0         84   ffix.o
        86          0          0          0          0        136   fflt_clz.o
       258          4          0          0          0         84   fmul.o
       140          4          0          0          0         84   fnaninf.o
        10          0          0          0          0         68   fretinf.o
         4          0          0          0          0         68   printf1.o
         4          0          0          0          0         68   printf2.o
       100          0          0          0          0         68   retnan.o
        92          0          0          0          0         68   scalbn.o
        48          0          0          0          0         68   trapv.o
         0          0          0          0          0          0   usenofp.o
        34          4          0          0          0        204   dunder.o
        40          0          0          0          0         68   fpclassify.o
       860         52         56          0          0        256   log.o
       228         30          0          0          0        120   log10.o
       170          0          0          0          0         96   poly.o
         0          0          8          0          0          0   qnan.o

    ----------------------------------------------------------------------
     13166        704        624          0         96       8872   Library Totals
        26          0          9          0          0          0   (incl. Padding)

    ----------------------------------------------------------------------

      Code (inc. data)   RO Data    RW Data    ZI Data      Debug   Library Name

      7810        338        551          0         96       5724   c_w.l
      3998        280          0          0          0       2404   fz_ws.l
      1332         86         64          0          0        744   m_ws.l

    ----------------------------------------------------------------------
     13166        704        624          0         96       8872   Library Totals

    ----------------------------------------------------------------------

==============================================================================


      Code (inc. data)   RO Data    RW Data    ZI Data      Debug   

     39762       2856       1894        136       8880     790275   Grand Totals
     39762       2856       1894        136       8880     790275   ELF Image Totals
     39762       2856       1894        136          0          0   ROM Totals

==============================================================================

    Total RO  Size (Code + RO Data)                41656 (  40.68kB)
    Total RW  Size (RW Data + ZI Data)              9016 (   8.80kB)
    Total ROM Size (Code + RO Data + RW Data)      41792 (  40.81kB)

==============================================================================

